******************************************************************************
                  TI ARM Linker PC v18.1.3                     
******************************************************************************
>> Linked Sun Nov 18 13:17:16 2018

OUTPUT FILE NAME:   <Lab_8_Part_III.out>
ENTRY POINT SYMBOL: "_c_int00_noargs"  address: 00001da5


MEMORY CONFIGURATION

         name            origin    length      used     unused   attr    fill
----------------------  --------  ---------  --------  --------  ----  --------
  MAIN                  00000000   00040000  00001f0c  0003e0f4  R  X
  INFO                  00200000   00004000  00000000  00004000  R  X
  SRAM_CODE             01000000   00010000  00000241  0000fdbf  RW X
  SRAM_DATA             20000000   00010000  00000241  0000fdbf  RW  


SEGMENT ALLOCATION MAP

run origin  load origin   length   init length attrs members
----------  ----------- ---------- ----------- ----- -------
00000000    00000000    00001f10   00001f10    r-x
  00000000    00000000    000000e4   000000e4    r-- .intvecs
  000000e4    000000e4    00001db0   00001db0    r-x .text
  00001e98    00001e98    00000030   00000030    r-- .const
  00001ec8    00001ec8    00000048   00000048    r-- .cinit
20000000    20000000    00000041   00000000    rw-
  20000000    20000000    00000024   00000000    rw- .data
  20000024    20000024    0000001d   00000000    rw- .bss
2000fe00    2000fe00    00000200   00000000    rw-
  2000fe00    2000fe00    00000200   00000000    rw- .stack


SECTION ALLOCATION MAP

 output                                  attributes/
section   page    origin      length       input sections
--------  ----  ----------  ----------   ----------------
.intvecs   0    00000000    000000e4     
                  00000000    000000e4     startup_msp432p401r_ccs.obj (.intvecs:retain)

.text      0    000000e4    00001db0     
                  000000e4    000009c0     rtsv7M4_T_le_v4SPD16_eabi.lib : e_pow.c.obj (.text:pow)
                  00000aa4    00000418     Lab_8_Part_III.obj (.text)
                  00000ebc    00000334     system_msp432p401r.obj (.text)
                  000011f0    0000029c     lcd.obj (.text)
                  0000148c    000001b6     rtsv7M4_T_le_v4SPD16_eabi.lib : fd_add_t2.asm.obj (.text)
                  00001642    00000002     --HOLE-- [fill = 0]
                  00001644    00000158                                   : e_sqrt.c.obj (.text:sqrt)
                  0000179c    00000136                                   : fd_div_t2.asm.obj (.text)
                  000018d2    00000002     --HOLE-- [fill = 0]
                  000018d4    00000110                                   : s_scalbn.c.obj (.text:scalbn)
                  000019e4    000000fc                                   : fd_mul_t2.asm.obj (.text)
                  00001ae0    0000009c                                   : memcpy_t2.asm.obj (.text)
                  00001b7c    00000086                                   : fd_cmp_t2.asm.obj (.text:__aeabi_cdcmple)
                  00001c02    00000086                                   : fd_cmp_t2.asm.obj (.text:__aeabi_cdrcmple)
                  00001c88    0000006e                                   : fd_tos_t2.asm.obj (.text)
                  00001cf6    00000068                                   : copy_decompress_lzss.c.obj (.text:decompress:lzss:__TI_decompress_lzss)
                  00001d5e    00000002     --HOLE-- [fill = 0]
                  00001d60    00000044                                   : autoinit.c.obj (.text:__TI_auto_init_nobinit_nopinit:__TI_auto_init_nobinit_nopinit)
                  00001da4    00000038                                   : boot_cortex_m.c.obj (.text:_c_int00_noargs:_c_int00_noargs)
                  00001ddc    00000038                                   : fs_tod_t2.asm.obj (.text)
                  00001e14    0000002e                                   : i_tofd_t2.asm.obj (.text)
                  00001e42    00000014                                   : s_copysign.c.obj (.text:copysign)
                  00001e56    00000012                                   : copy_zero_init.c.obj (.text:decompress:ZI:__TI_zero_init_nomemset:__TI_zero_init_nomemset)
                  00001e68    0000000e                                   : copy_decompress_none.c.obj (.text:decompress:none:__TI_decompress_none)
                  00001e76    0000000e     startup_msp432p401r_ccs.obj (.text)
                  00001e84    00000008     rtsv7M4_T_le_v4SPD16_eabi.lib : errno.c.obj (.text:__aeabi_errno_addr)
                  00001e8c    00000004                                   : pre_init.c.obj (.text:_system_pre_init)
                  00001e90    00000004                                   : exit.c.obj (.text:abort:abort)

.const     0    00001e98    00000030     
                  00001e98    00000030     rtsv7M4_T_le_v4SPD16_eabi.lib : e_pow.c.obj (.const:$O1$$)

.cinit     0    00001ec8    00000048     
                  00001ec8    00000024     (.cinit..data.load) [load image, compression = lzss]
                  00001eec    0000000c     (__TI_handler_table)
                  00001ef8    00000008     (.cinit..bss.load) [load image, compression = zero_init]
                  00001f00    00000010     (__TI_cinit_table)

.init_array 
*          0    00000000    00000000     UNINITIALIZED

.binit     0    00000000    00000000     

.data      0    20000000    00000024     UNINITIALIZED
                  20000000    00000012     Lab_8_Part_III.obj (.data:hder)
                  20000012    00000002     --HOLE--
                  20000014    00000008     Lab_8_Part_III.obj (.data)
                  2000001c    00000004     rtsv7M4_T_le_v4SPD16_eabi.lib : errno.c.obj (.data)
                  20000020    00000004     system_msp432p401r.obj (.data)

.bss       0    20000024    0000001d     UNINITIALIZED
                  20000024    00000008     (.common:TemP)
                  2000002c    00000008     (.common:V_IN)
                  20000034    00000004     (.common:TEMP)
                  20000038    00000004     (.common:V_in)
                  2000003c    00000004     (.common:adc_input)
                  20000040    00000001     (.common:i)

.stack     0    2000fe00    00000200     UNINITIALIZED
                  2000fe00    00000004     rtsv7M4_T_le_v4SPD16_eabi.lib : boot_cortex_m.c.obj (.stack)
                  2000fe04    000001fc     --HOLE--

MODULE SUMMARY

       Module                        code   ro data   rw data
       ------                        ----   -------   -------
    .\
       Lab_8_Part_III.obj            1048   0         110    
       system_msp432p401r.obj        820    0         8      
       lcd.obj                       668    0         0      
       startup_msp432p401r_ccs.obj   14     228       0      
    +--+-----------------------------+------+---------+---------+
       Total:                        2550   228       118    
                                                             
    C:\ti\ccs810\ccsv8\tools\compiler\ti-cgt-arm_18.1.3.LTS\lib\rtsv7M4_T_le_v4SPD16_eabi.lib
       e_pow.c.obj                   2496   48        0      
       fd_add_t2.asm.obj             438    0         0      
       e_sqrt.c.obj                  344    0         0      
       fd_div_t2.asm.obj             310    0         0      
       s_scalbn.c.obj                272    0         0      
       fd_cmp_t2.asm.obj             268    0         0      
       fd_mul_t2.asm.obj             252    0         0      
       memcpy_t2.asm.obj             156    0         0      
       fd_tos_t2.asm.obj             110    0         0      
       copy_decompress_lzss.c.obj    104    0         0      
       autoinit.c.obj                68     0         0      
       boot_cortex_m.c.obj           56     0         0      
       fs_tod_t2.asm.obj             56     0         0      
       i_tofd_t2.asm.obj             46     0         0      
       s_copysign.c.obj              20     0         0      
       copy_zero_init.c.obj          18     0         0      
       errno.c.obj                   8      0         8      
       copy_decompress_none.c.obj    14     0         0      
       exit.c.obj                    4      0         0      
       pre_init.c.obj                4      0         0      
    +--+-----------------------------+------+---------+---------+
       Total:                        5044   48        8      
                                                             
       Stack:                        0      0         1024   
       Linker Generated:             0      72        0      
    +--+-----------------------------+------+---------+---------+
       Grand Total:                  7594   348       1150   


LINKER GENERATED COPY TABLES

__TI_cinit_table @ 00001f00 records: 2, size/record: 8, table size: 16
	.data: load addr=00001ec8, load size=00000024 bytes, run addr=20000000, run size=00000024 bytes, compression=lzss
	.bss: load addr=00001ef8, load size=00000008 bytes, run addr=20000024, run size=0000001d bytes, compression=zero_init


LINKER GENERATED HANDLER TABLE

__TI_handler_table @ 00001eec records: 3, size/record: 4, table size: 12
	index: 0, handler: __TI_decompress_lzss
	index: 1, handler: __TI_decompress_none
	index: 2, handler: __TI_zero_init


GLOBAL SYMBOLS: SORTED ALPHABETICALLY BY Name 

address   name                          
-------   ----                          
00001e83  ADC14_IRQHandler              
00000d75  ADC14init                     
00001e83  AES256_IRQHandler             
00001e83  BusFault_Handler              
00001e91  C$$EXIT                       
00001e83  COMP_E0_IRQHandler            
00001e83  COMP_E1_IRQHandler            
00001e83  CS_IRQHandler                 
00001e83  DMA_ERR_IRQHandler            
00001e83  DMA_INT0_IRQHandler           
00001e83  DMA_INT1_IRQHandler           
00001e83  DMA_INT2_IRQHandler           
00001e83  DMA_INT3_IRQHandler           
00001e83  DebugMon_Handler              
00001e83  Default_Handler               
00001e83  EUSCIA0_IRQHandler            
00001e83  EUSCIA1_IRQHandler            
00001e83  EUSCIA2_IRQHandler            
00001e83  EUSCIA3_IRQHandler            
00001e83  EUSCIB0_IRQHandler            
00001e83  EUSCIB1_IRQHandler            
00001e83  EUSCIB2_IRQHandler            
00001e83  EUSCIB3_IRQHandler            
00001e83  FLCTL_IRQHandler              
00001e83  FPU_IRQHandler                
00001e83  HardFault_Handler             
00001e83  MemManage_Handler             
00001e83  NMI_Handler                   
00001e83  PCM_IRQHandler                
00000ddd  PORT1_IRQHandler              
00000ddd  PORT1_IRQHandler              
00001e83  PORT2_IRQHandler              
00001e83  PORT3_IRQHandler              
00001e83  PORT4_IRQHandler              
00001e83  PORT5_IRQHandler              
00001e83  PORT6_IRQHandler              
00001e83  PSS_IRQHandler                
00001e83  PendSV_Handler                
0000125b  PulsEnablePin                 
00001e83  RTC_C_IRQHandler              
00001e77  Reset_Handler                 
00001e83  SVC_Handler                   
00001e83  SysTick_Handler               
000013e9  SysTick_Init                  
20000020  SystemCoreClock               
00000ebd  SystemCoreClockUpdate         
00001135  SystemInit                    
00001e83  T32_INT1_IRQHandler           
00001e83  T32_INT2_IRQHandler           
00001e83  T32_INTC_IRQHandler           
00001e83  TA0_0_IRQHandler              
00001e83  TA0_N_IRQHandler              
00001e83  TA1_0_IRQHandler              
00001e83  TA1_N_IRQHandler              
00001e83  TA2_0_IRQHandler              
00001e83  TA2_N_IRQHandler              
00001e83  TA3_0_IRQHandler              
00001e83  TA3_N_IRQHandler              
20000034  TEMP                          
20000024  TemP                          
00001e83  UsageFault_Handler            
2000002c  V_IN                          
20000014  V_REF                         
20000038  V_in                          
4000480c  WDTCTL_SYM                    
00001e83  WDT_A_IRQHandler              
20010000  __STACK_END                   
00000200  __STACK_SIZE                  
00001f00  __TI_CINIT_Base               
00001f10  __TI_CINIT_Limit              
00001eec  __TI_Handler_Table_Base       
00001ef8  __TI_Handler_Table_Limit      
00001d61  __TI_auto_init_nobinit_nopinit
00001cf7  __TI_decompress_lzss          
00001e69  __TI_decompress_none          
ffffffff  __TI_pprof_out_hndl           
ffffffff  __TI_prof_data_size           
ffffffff  __TI_prof_data_start          
00000000  __TI_static_base__            
00001e57  __TI_zero_init_nomemset       
00001b7d  __aeabi_cdcmpeq               
00001b7d  __aeabi_cdcmple               
00001c03  __aeabi_cdrcmple              
00001c89  __aeabi_d2f                   
00001497  __aeabi_dadd                  
0000179d  __aeabi_ddiv                  
000019e5  __aeabi_dmul                  
0000148d  __aeabi_dsub                  
00001e85  __aeabi_errno_addr            
00001ddd  __aeabi_f2d                   
00001e15  __aeabi_i2d                   
00001ae1  __aeabi_memcpy                
00001ae1  __aeabi_memcpy4               
00001ae1  __aeabi_memcpy8               
ffffffff  __binit__                     
ffffffff  __c_args__                    
UNDEFED   __mpu_init                    
2000fe00  __stack                       
00001da5  _c_int00_noargs               
UNDEFED   _system_post_cinit            
00001e8d  _system_pre_init              
00001e91  abort                         
2000003c  adc_input                     
ffffffff  binit                         
000012ef  comWrit                       
00000c89  convertVal                    
00001e43  copysign                      
00001e43  copysignl                     
00001309  dataWrit                      
20000018  degree                        
00001405  delay_micro                   
00001429  delay_ms                      
2000001c  errno                         
20000000  hder                          
20000040  i                             
000011f1  initLCD                       
00001323  initPins                      
00000000  interruptVectors              
000018d5  ldexp                         
000018d5  ldexpl                        
00000aa5  main                          
00001ae1  memcpy                        
000000e5  pow                           
000000e5  powl                          
000012b7  pushByt                       
0000128f  pushNib                       
000018d5  scalbn                        
000018d5  scalbnl                       
00001645  sqrt                          
00001645  sqrtl                         


GLOBAL SYMBOLS: SORTED BY Symbol Address 

address   name                          
-------   ----                          
00000000  __TI_static_base__            
00000000  interruptVectors              
000000e5  pow                           
000000e5  powl                          
00000200  __STACK_SIZE                  
00000aa5  main                          
00000c89  convertVal                    
00000d75  ADC14init                     
00000ddd  PORT1_IRQHandler              
00000ddd  PORT1_IRQHandler              
00000ebd  SystemCoreClockUpdate         
00001135  SystemInit                    
000011f1  initLCD                       
0000125b  PulsEnablePin                 
0000128f  pushNib                       
000012b7  pushByt                       
000012ef  comWrit                       
00001309  dataWrit                      
00001323  initPins                      
000013e9  SysTick_Init                  
00001405  delay_micro                   
00001429  delay_ms                      
0000148d  __aeabi_dsub                  
00001497  __aeabi_dadd                  
00001645  sqrt                          
00001645  sqrtl                         
0000179d  __aeabi_ddiv                  
000018d5  ldexp                         
000018d5  ldexpl                        
000018d5  scalbn                        
000018d5  scalbnl                       
000019e5  __aeabi_dmul                  
00001ae1  __aeabi_memcpy                
00001ae1  __aeabi_memcpy4               
00001ae1  __aeabi_memcpy8               
00001ae1  memcpy                        
00001b7d  __aeabi_cdcmpeq               
00001b7d  __aeabi_cdcmple               
00001c03  __aeabi_cdrcmple              
00001c89  __aeabi_d2f                   
00001cf7  __TI_decompress_lzss          
00001d61  __TI_auto_init_nobinit_nopinit
00001da5  _c_int00_noargs               
00001ddd  __aeabi_f2d                   
00001e15  __aeabi_i2d                   
00001e43  copysign                      
00001e43  copysignl                     
00001e57  __TI_zero_init_nomemset       
00001e69  __TI_decompress_none          
00001e77  Reset_Handler                 
00001e83  ADC14_IRQHandler              
00001e83  AES256_IRQHandler             
00001e83  BusFault_Handler              
00001e83  COMP_E0_IRQHandler            
00001e83  COMP_E1_IRQHandler            
00001e83  CS_IRQHandler                 
00001e83  DMA_ERR_IRQHandler            
00001e83  DMA_INT0_IRQHandler           
00001e83  DMA_INT1_IRQHandler           
00001e83  DMA_INT2_IRQHandler           
00001e83  DMA_INT3_IRQHandler           
00001e83  DebugMon_Handler              
00001e83  Default_Handler               
00001e83  EUSCIA0_IRQHandler            
00001e83  EUSCIA1_IRQHandler            
00001e83  EUSCIA2_IRQHandler            
00001e83  EUSCIA3_IRQHandler            
00001e83  EUSCIB0_IRQHandler            
00001e83  EUSCIB1_IRQHandler            
00001e83  EUSCIB2_IRQHandler            
00001e83  EUSCIB3_IRQHandler            
00001e83  FLCTL_IRQHandler              
00001e83  FPU_IRQHandler                
00001e83  HardFault_Handler             
00001e83  MemManage_Handler             
00001e83  NMI_Handler                   
00001e83  PCM_IRQHandler                
00001e83  PORT2_IRQHandler              
00001e83  PORT3_IRQHandler              
00001e83  PORT4_IRQHandler              
00001e83  PORT5_IRQHandler              
00001e83  PORT6_IRQHandler              
00001e83  PSS_IRQHandler                
00001e83  PendSV_Handler                
00001e83  RTC_C_IRQHandler              
00001e83  SVC_Handler                   
00001e83  SysTick_Handler               
00001e83  T32_INT1_IRQHandler           
00001e83  T32_INT2_IRQHandler           
00001e83  T32_INTC_IRQHandler           
00001e83  TA0_0_IRQHandler              
00001e83  TA0_N_IRQHandler              
00001e83  TA1_0_IRQHandler              
00001e83  TA1_N_IRQHandler              
00001e83  TA2_0_IRQHandler              
00001e83  TA2_N_IRQHandler              
00001e83  TA3_0_IRQHandler              
00001e83  TA3_N_IRQHandler              
00001e83  UsageFault_Handler            
00001e83  WDT_A_IRQHandler              
00001e85  __aeabi_errno_addr            
00001e8d  _system_pre_init              
00001e91  C$$EXIT                       
00001e91  abort                         
00001eec  __TI_Handler_Table_Base       
00001ef8  __TI_Handler_Table_Limit      
00001f00  __TI_CINIT_Base               
00001f10  __TI_CINIT_Limit              
20000000  hder                          
20000014  V_REF                         
20000018  degree                        
2000001c  errno                         
20000020  SystemCoreClock               
20000024  TemP                          
2000002c  V_IN                          
20000034  TEMP                          
20000038  V_in                          
2000003c  adc_input                     
20000040  i                             
2000fe00  __stack                       
20010000  __STACK_END                   
4000480c  WDTCTL_SYM                    
ffffffff  __TI_pprof_out_hndl           
ffffffff  __TI_prof_data_size           
ffffffff  __TI_prof_data_start          
ffffffff  __binit__                     
ffffffff  __c_args__                    
ffffffff  binit                         
UNDEFED   __mpu_init                    
UNDEFED   _system_post_cinit            

[130 symbols]
