******************************************************************************
                  TI ARM Linker PC v18.1.3                     
******************************************************************************
>> Linked Sun Oct 21 19:08:57 2018

OUTPUT FILE NAME:   <Interrupts.out>
ENTRY POINT SYMBOL: "_c_int00_noargs"  address: 000006d1


MEMORY CONFIGURATION

         name            origin    length      used     unused   attr    fill
----------------------  --------  ---------  --------  --------  ----  --------
  MAIN                  00000000   00040000  00000748  0003f8b8  R  X
  INFO                  00200000   00004000  00000000  00004000  R  X
  SRAM_CODE             01000000   00010000  00000206  0000fdfa  RW X
  SRAM_DATA             20000000   00010000  00000206  0000fdfa  RW  


SEGMENT ALLOCATION MAP

run origin  load origin   length   init length attrs members
----------  ----------- ---------- ----------- ----- -------
00000000    00000000    0000074c   0000074c    r-x
  00000000    00000000    000000e4   000000e4    r-- .intvecs
  000000e4    000000e4    00000648   00000648    r-x .text
  00000730    00000730    0000001c   0000001c    r-- .cinit
20000000    20000000    00000006   00000000    rw-
  20000000    20000000    00000006   00000000    rw- .data
2000fe00    2000fe00    00000200   00000000    rw-
  2000fe00    2000fe00    00000200   00000000    rw- .stack


SECTION ALLOCATION MAP

 output                                  attributes/
section   page    origin      length       input sections
--------  ----  ----------  ----------   ----------------
.intvecs   0    00000000    000000e4     
                  00000000    000000e4     startup_msp432p401r_ccs.obj (.intvecs:retain)

.text      0    000000e4    00000648     
                  000000e4    00000334     system_msp432p401r.obj (.text)
                  00000418    00000170     main.obj (.text)
                  00000588    0000009c     rtsv7M4_T_le_v4SPD16_eabi.lib : memcpy_t2.asm.obj (.text)
                  00000624    00000068                                   : copy_decompress_lzss.c.obj (.text:decompress:lzss:__TI_decompress_lzss)
                  0000068c    00000044                                   : autoinit.c.obj (.text:__TI_auto_init_nobinit_nopinit:__TI_auto_init_nobinit_nopinit)
                  000006d0    00000038                                   : boot_cortex_m.c.obj (.text:_c_int00_noargs:_c_int00_noargs)
                  00000708    0000000e                                   : copy_decompress_none.c.obj (.text:decompress:none:__TI_decompress_none)
                  00000716    0000000e     startup_msp432p401r_ccs.obj (.text)
                  00000724    00000004     rtsv7M4_T_le_v4SPD16_eabi.lib : pre_init.c.obj (.text:_system_pre_init)
                  00000728    00000004                                   : exit.c.obj (.text:abort:abort)

.cinit     0    00000730    0000001c     
                  00000730    0000000a     (.cinit..data.load) [load image, compression = lzss]
                  0000073a    00000002     --HOLE-- [fill = 0]
                  0000073c    00000008     (__TI_handler_table)
                  00000744    00000008     (__TI_cinit_table)

.init_array 
*          0    00000000    00000000     UNINITIALIZED

.binit     0    00000000    00000000     

.data      0    20000000    00000006     UNINITIALIZED
                  20000000    00000004     system_msp432p401r.obj (.data)
                  20000004    00000002     main.obj (.data)

.stack     0    2000fe00    00000200     UNINITIALIZED
                  2000fe00    00000004     rtsv7M4_T_le_v4SPD16_eabi.lib : boot_cortex_m.c.obj (.stack)
                  2000fe04    000001fc     --HOLE--

MODULE SUMMARY

       Module                        code   ro data   rw data
       ------                        ----   -------   -------
    .\
       system_msp432p401r.obj        820    0         8      
       main.obj                      368    0         4      
       startup_msp432p401r_ccs.obj   14     228       0      
    +--+-----------------------------+------+---------+---------+
       Total:                        1202   228       12     
                                                             
    C:\ti\ccs810\ccsv8\tools\compiler\ti-cgt-arm_18.1.3.LTS\lib\rtsv7M4_T_le_v4SPD16_eabi.lib
       memcpy_t2.asm.obj             156    0         0      
       copy_decompress_lzss.c.obj    104    0         0      
       autoinit.c.obj                68     0         0      
       boot_cortex_m.c.obj           56     0         0      
       copy_decompress_none.c.obj    14     0         0      
       exit.c.obj                    4      0         0      
       pre_init.c.obj                4      0         0      
    +--+-----------------------------+------+---------+---------+
       Total:                        406    0         0      
                                                             
       Stack:                        0      0         1024   
       Linker Generated:             0      26        0      
    +--+-----------------------------+------+---------+---------+
       Grand Total:                  1608   254       1036   


LINKER GENERATED COPY TABLES

__TI_cinit_table @ 00000744 records: 1, size/record: 8, table size: 8
	.data: load addr=00000730, load size=0000000a bytes, run addr=20000000, run size=00000006 bytes, compression=lzss


LINKER GENERATED HANDLER TABLE

__TI_handler_table @ 0000073c records: 2, size/record: 4, table size: 8
	index: 0, handler: __TI_decompress_lzss
	index: 1, handler: __TI_decompress_none


GLOBAL SYMBOLS: SORTED ALPHABETICALLY BY Name 

address   name                          
-------   ----                          
00000723  ADC14_IRQHandler              
00000723  AES256_IRQHandler             
00000723  BusFault_Handler              
00000729  C$$EXIT                       
00000723  COMP_E0_IRQHandler            
00000723  COMP_E1_IRQHandler            
00000723  CS_IRQHandler                 
00000723  DMA_ERR_IRQHandler            
00000723  DMA_INT0_IRQHandler           
00000723  DMA_INT1_IRQHandler           
00000723  DMA_INT2_IRQHandler           
00000723  DMA_INT3_IRQHandler           
00000723  DebugMon_Handler              
00000723  Default_Handler               
00000723  EUSCIA0_IRQHandler            
00000723  EUSCIA1_IRQHandler            
00000723  EUSCIA2_IRQHandler            
00000723  EUSCIA3_IRQHandler            
00000723  EUSCIB0_IRQHandler            
00000723  EUSCIB1_IRQHandler            
00000723  EUSCIB2_IRQHandler            
00000723  EUSCIB3_IRQHandler            
00000723  FLCTL_IRQHandler              
00000723  FPU_IRQHandler                
00000723  HardFault_Handler             
00000723  MemManage_Handler             
00000723  NMI_Handler                   
00000723  PCM_IRQHandler                
00000545  PORT1_IRQHandler              
00000545  PORT1_IRQHandler              
00000723  PORT2_IRQHandler              
00000723  PORT3_IRQHandler              
00000723  PORT4_IRQHandler              
00000723  PORT5_IRQHandler              
00000723  PORT6_IRQHandler              
00000723  PSS_IRQHandler                
00000723  PendSV_Handler                
00000723  RTC_C_IRQHandler              
00000717  Reset_Handler                 
00000723  SVC_Handler                   
00000437  SysTickInt                    
000004f3  SysTick_Handler               
000004f3  SysTick_Handler               
20000000  SystemCoreClock               
000000e5  SystemCoreClockUpdate         
0000035d  SystemInit                    
00000723  T32_INT1_IRQHandler           
00000723  T32_INT2_IRQHandler           
00000723  T32_INTC_IRQHandler           
00000723  TA0_0_IRQHandler              
00000723  TA0_N_IRQHandler              
00000723  TA1_0_IRQHandler              
00000723  TA1_N_IRQHandler              
00000723  TA2_0_IRQHandler              
00000723  TA2_N_IRQHandler              
00000723  TA3_0_IRQHandler              
00000723  TA3_N_IRQHandler              
00000723  UsageFault_Handler            
4000480c  WDTCTL_SYM                    
00000723  WDT_A_IRQHandler              
20010000  __STACK_END                   
00000200  __STACK_SIZE                  
00000744  __TI_CINIT_Base               
0000074c  __TI_CINIT_Limit              
0000073c  __TI_Handler_Table_Base       
00000744  __TI_Handler_Table_Limit      
0000068d  __TI_auto_init_nobinit_nopinit
00000625  __TI_decompress_lzss          
00000709  __TI_decompress_none          
ffffffff  __TI_pprof_out_hndl           
ffffffff  __TI_prof_data_size           
ffffffff  __TI_prof_data_start          
00000000  __TI_static_base__            
00000589  __aeabi_memcpy                
00000589  __aeabi_memcpy4               
00000589  __aeabi_memcpy8               
ffffffff  __binit__                     
ffffffff  __c_args__                    
UNDEFED   __mpu_init                    
2000fe00  __stack                       
000006d1  _c_int00_noargs               
UNDEFED   _system_post_cinit            
00000725  _system_pre_init              
00000729  abort                         
ffffffff  binit                         
00000453  delay_ms                      
20000004  directionFlag                 
00000000  interruptVectors              
00000419  main                          
00000589  memcpy                        
00000479  pinConfig                     
20000005  timerFlag                     


GLOBAL SYMBOLS: SORTED BY Symbol Address 

address   name                          
-------   ----                          
00000000  __TI_static_base__            
00000000  interruptVectors              
000000e5  SystemCoreClockUpdate         
00000200  __STACK_SIZE                  
0000035d  SystemInit                    
00000419  main                          
00000437  SysTickInt                    
00000453  delay_ms                      
00000479  pinConfig                     
000004f3  SysTick_Handler               
000004f3  SysTick_Handler               
00000545  PORT1_IRQHandler              
00000545  PORT1_IRQHandler              
00000589  __aeabi_memcpy                
00000589  __aeabi_memcpy4               
00000589  __aeabi_memcpy8               
00000589  memcpy                        
00000625  __TI_decompress_lzss          
0000068d  __TI_auto_init_nobinit_nopinit
000006d1  _c_int00_noargs               
00000709  __TI_decompress_none          
00000717  Reset_Handler                 
00000723  ADC14_IRQHandler              
00000723  AES256_IRQHandler             
00000723  BusFault_Handler              
00000723  COMP_E0_IRQHandler            
00000723  COMP_E1_IRQHandler            
00000723  CS_IRQHandler                 
00000723  DMA_ERR_IRQHandler            
00000723  DMA_INT0_IRQHandler           
00000723  DMA_INT1_IRQHandler           
00000723  DMA_INT2_IRQHandler           
00000723  DMA_INT3_IRQHandler           
00000723  DebugMon_Handler              
00000723  Default_Handler               
00000723  EUSCIA0_IRQHandler            
00000723  EUSCIA1_IRQHandler            
00000723  EUSCIA2_IRQHandler            
00000723  EUSCIA3_IRQHandler            
00000723  EUSCIB0_IRQHandler            
00000723  EUSCIB1_IRQHandler            
00000723  EUSCIB2_IRQHandler            
00000723  EUSCIB3_IRQHandler            
00000723  FLCTL_IRQHandler              
00000723  FPU_IRQHandler                
00000723  HardFault_Handler             
00000723  MemManage_Handler             
00000723  NMI_Handler                   
00000723  PCM_IRQHandler                
00000723  PORT2_IRQHandler              
00000723  PORT3_IRQHandler              
00000723  PORT4_IRQHandler              
00000723  PORT5_IRQHandler              
00000723  PORT6_IRQHandler              
00000723  PSS_IRQHandler                
00000723  PendSV_Handler                
00000723  RTC_C_IRQHandler              
00000723  SVC_Handler                   
00000723  T32_INT1_IRQHandler           
00000723  T32_INT2_IRQHandler           
00000723  T32_INTC_IRQHandler           
00000723  TA0_0_IRQHandler              
00000723  TA0_N_IRQHandler              
00000723  TA1_0_IRQHandler              
00000723  TA1_N_IRQHandler              
00000723  TA2_0_IRQHandler              
00000723  TA2_N_IRQHandler              
00000723  TA3_0_IRQHandler              
00000723  TA3_N_IRQHandler              
00000723  UsageFault_Handler            
00000723  WDT_A_IRQHandler              
00000725  _system_pre_init              
00000729  C$$EXIT                       
00000729  abort                         
0000073c  __TI_Handler_Table_Base       
00000744  __TI_CINIT_Base               
00000744  __TI_Handler_Table_Limit      
0000074c  __TI_CINIT_Limit              
20000000  SystemCoreClock               
20000004  directionFlag                 
20000005  timerFlag                     
2000fe00  __stack                       
20010000  __STACK_END                   
4000480c  WDTCTL_SYM                    
ffffffff  __TI_pprof_out_hndl           
ffffffff  __TI_prof_data_size           
ffffffff  __TI_prof_data_start          
ffffffff  __binit__                     
ffffffff  __c_args__                    
ffffffff  binit                         
UNDEFED   __mpu_init                    
UNDEFED   _system_post_cinit            

[92 symbols]
