******************************************************************************
                  TI ARM Linker PC v18.1.3                     
******************************************************************************
>> Linked Mon Nov 26 13:46:52 2018

OUTPUT FILE NAME:   <Clock.out>
ENTRY POINT SYMBOL: "_c_int00_noargs"  address: 00002b45


MEMORY CONFIGURATION

         name            origin    length      used     unused   attr    fill
----------------------  --------  ---------  --------  --------  ----  --------
  MAIN                  00000000   00040000  00002ff1  0003d00f  R  X
  INFO                  00200000   00004000  00000000  00004000  R  X
  SRAM_CODE             01000000   00010000  000009bf  0000f641  RW X
  SRAM_DATA             20000000   00010000  000009bf  0000f641  RW  


SEGMENT ALLOCATION MAP

run origin  load origin   length   init length attrs members
----------  ----------- ---------- ----------- ----- -------
00000000    00000000    00002ff8   00002ff8    r-x
  00000000    00000000    000000e4   000000e4    r-- .intvecs
  000000e4    000000e4    00002d74   00002d74    r-x .text
  00002e58    00002e58    00000101   00000101    r-- .const
  00002f60    00002f60    00000098   00000098    r-- .cinit
20000000    20000000    000007bf   00000000    rw-
  20000000    20000000    00000400   00000000    rw- .sysmem
  20000400    20000400    000001f4   00000000    rw- .data
  200005f4    200005f4    000001cb   00000000    rw- .bss
2000fe00    2000fe00    00000200   00000000    rw-
  2000fe00    2000fe00    00000200   00000000    rw- .stack


SECTION ALLOCATION MAP

 output                                  attributes/
section   page    origin      length       input sections
--------  ----  ----------  ----------   ----------------
.intvecs   0    00000000    000000e4     
                  00000000    000000e4     startup_msp432p401r_ccs.obj (.intvecs:retain)

.text      0    000000e4    00002d74     
                  000000e4    00000a5e     rtsv7M4_T_le_v4SPD16_eabi.lib : _printfi.c.obj (.text:__TI_printfi)
                  00000b42    00000002                                   : _lock.c.obj (.text:_nop)
                  00000b44    00000334     system_msp432p401r.obj (.text)
                  00000e78    00000270     rtsv7M4_T_le_v4SPD16_eabi.lib : _printfi.c.obj (.text:_pconv_a)
                  000010e8    000001d0                                   : _printfi.c.obj (.text:_pconv_g)
                  000012b8    000001b6                                   : fd_add_t2.asm.obj (.text)
                  0000146e    00000002                                   : div0.asm.obj (.text)
                  00001470    0000013c                                   : _printfi.c.obj (.text:_pconv_e)
                  000015ac    00000136                                   : fd_div_t2.asm.obj (.text)
                  000016e2    00000002     --HOLE-- [fill = 0]
                  000016e4    00000120                                   : _printfi.c.obj (.text:fcvt)
                  00001804    00000114                                   : fputs.c.obj (.text:fputs)
                  00001918    00000110                                   : s_scalbn.c.obj (.text:scalbn)
                  00001a28    000000fc                                   : fd_mul_t2.asm.obj (.text)
                  00001b24    000000f8     main.obj (.text)
                  00001c1c    000000dc     rtsv7M4_T_le_v4SPD16_eabi.lib : setvbuf.c.obj (.text:setvbuf)
                  00001cf8    000000d8                                   : memory.c.obj (.text:free)
                  00001dd0    000000b1                                   : _printfi.c.obj (.text:_ltostr)
                  00001e81    00000001     --HOLE-- [fill = 0]
                  00001e82    0000009c                                   : memcpy_t2.asm.obj (.text)
                  00001f1e    00000096                                   : ull_div_t2.asm.obj (.text)
                  00001fb4    0000008c                                   : fputc.c.obj (.text:fputc)
                  00002040    00000086                                   : fd_cmp_t2.asm.obj (.text:__aeabi_cdcmple)
                  000020c6    00000086                                   : fd_cmp_t2.asm.obj (.text:__aeabi_cdrcmple)
                  0000214c    0000007a                                   : memset_t2.asm.obj (.text)
                  000021c6    00000002     --HOLE-- [fill = 0]
                  000021c8    00000078                                   : memory.c.obj (.text:malloc)
                  00002240    00000074                                   : fclose.c.obj (.text:__TI_closefile)
                  000022b4    0000006e                                   : _printfi.c.obj (.text:_mcpy)
                  00002322    00000002     --HOLE-- [fill = 0]
                  00002324    00000068                                   : hostlseek.c.obj (.text:HOSTlseek)
                  0000238c    00000068                                   : hostrename.c.obj (.text:HOSTrename)
                  000023f4    00000068                                   : copy_decompress_lzss.c.obj (.text:decompress:lzss:__TI_decompress_lzss)
                  0000245c    00000068                                   : printf.c.obj (.text:printf)
                  000024c4    00000064                                   : s_frexp.c.obj (.text:frexp)
                  00002528    00000064                                   : fseek.c.obj (.text:fseek)
                  0000258c    00000062                                   : _io_perm.c.obj (.text:__TI_wrt_ok)
                  000025ee    00000002     --HOLE-- [fill = 0]
                  000025f0    00000060                                   : hostopen.c.obj (.text:HOSTopen)
                  00002650    0000005c                                   : close.c.obj (.text:close)
                  000026ac    00000058                                   : hostread.c.obj (.text:HOSTread)
                  00002704    00000058                                   : hostwrite.c.obj (.text:HOSTwrite)
                  0000275c    00000056                                   : _printfi.c.obj (.text:_pconv_f)
                  000027b2    00000054                                   : ltoa.c.obj (.text:ltoa)
                  00002806    00000052                                   : _printfi.c.obj (.text:_ecpy)
                  00002858    0000004c                                   : fflush.c.obj (.text:__TI_doflush)
                  000028a4    0000004c                                   : atoi.c.obj (.text:atoi)
                  000028f0    00000048                                   : exit.c.obj (.text:exit)
                  00002938    00000048                                   : fd_toi_t2.asm.obj (.text)
                  00002980    00000044                                   : hostclose.c.obj (.text:HOSTclose)
                  000029c4    00000044                                   : hostunlink.c.obj (.text:HOSTunlink)
                  00002a08    00000044                                   : autoinit.c.obj (.text:__TI_auto_init_nobinit_nopinit:__TI_auto_init_nobinit_nopinit)
                  00002a4c    00000044                                   : getdevice.c.obj (.text:getdevice)
                  00002a90    0000003e                                   : _printfi.c.obj (.text:_fcpy)
                  00002ace    00000002     --HOLE-- [fill = 0]
                  00002ad0    0000003c                                   : memory.c.obj (.text:minsert)
                  00002b0c    00000038                                   : trgmsg.c.obj (.text:__TI_writemsg)
                  00002b44    00000038                                   : boot_cortex_m.c.obj (.text:_c_int00_noargs:_c_int00_noargs)
                  00002b7c    00000038                                   : memory.c.obj (.text:minit)
                  00002bb4    00000036                                   : strncpy.c.obj (.text:strncpy)
                  00002bea    00000002     --HOLE-- [fill = 0]
                  00002bec    00000034                                   : fopen.c.obj (.text:__TI_cleanup)
                  00002c20    00000034                                   : trgmsg.c.obj (.text:__TI_readmsg)
                  00002c54    00000030                                   : getdevice.c.obj (.text:finddevice)
                  00002c84    0000002e                                   : i_tofd_t2.asm.obj (.text)
                  00002cb2    00000002     --HOLE-- [fill = 0]
                  00002cb4    0000002c                                   : unlink.c.obj (.text:unlink)
                  00002ce0    00000028                                   : lseek.c.obj (.text:lseek)
                  00002d08    00000028                                   : memory.c.obj (.text:mremove)
                  00002d30    00000028                                   : write.c.obj (.text:write)
                  00002d58    00000020                                   : memchr.c.obj (.text:memchr)
                  00002d78    0000001c                                   : memccpy.c.obj (.text:memccpy)
                  00002d94    00000018                                   : strcmp.c.obj (.text:strcmp)
                  00002dac    00000016                                   : strchr.c.obj (.text:strchr)
                  00002dc2    00000014                                   : s_copysign.c.obj (.text:copysign)
                  00002dd6    00000014                                   : strcpy.c.obj (.text:strcpy)
                  00002dea    00000014                                   : strlen.c.obj (.text:strlen)
                  00002dfe    00000012                                   : copy_zero_init.c.obj (.text:decompress:ZI:__TI_zero_init_nomemset:__TI_zero_init_nomemset)
                  00002e10    00000012                                   : wcslen.c.obj (.text:wcslen)
                  00002e22    0000000e                                   : copy_decompress_none.c.obj (.text:decompress:none:__TI_decompress_none)
                  00002e30    0000000e     startup_msp432p401r_ccs.obj (.text)
                  00002e3e    00000002     --HOLE-- [fill = 0]
                  00002e40    00000008     rtsv7M4_T_le_v4SPD16_eabi.lib : errno.c.obj (.text:__aeabi_errno_addr)
                  00002e48    00000004                                   : printf.c.obj (.text:_outc)
                  00002e4c    00000004                                   : printf.c.obj (.text:_outs)
                  00002e50    00000004                                   : pre_init.c.obj (.text:_system_pre_init)
                  00002e54    00000004                                   : exit.c.obj (.text:abort:abort)

.const     0    00002e58    00000101     
                  00002e58    00000101     rtsv7M4_T_le_v4SPD16_eabi.lib : ctype.c.obj (.const:.string:_ctypes_)

.cinit     0    00002f60    00000098     
                  00002f60    00000073     (.cinit..data.load) [load image, compression = lzss]
                  00002fd3    00000001     --HOLE-- [fill = 0]
                  00002fd4    0000000c     (__TI_handler_table)
                  00002fe0    00000008     (.cinit..bss.load) [load image, compression = zero_init]
                  00002fe8    00000010     (__TI_cinit_table)

.init_array 
*          0    00000000    00000000     UNINITIALIZED

.binit     0    00000000    00000000     

.sysmem    0    20000000    00000400     UNINITIALIZED
                  20000000    00000008     rtsv7M4_T_le_v4SPD16_eabi.lib : memory.c.obj (.sysmem)
                  20000008    000003f8     --HOLE--

.data      0    20000400    000001f4     UNINITIALIZED
                  20000400    000000f0     rtsv7M4_T_le_v4SPD16_eabi.lib : defs.c.obj (.data:_ftable)
                  200004f0    00000078                                   : write.c.obj (.data:_device)
                  20000568    00000050                                   : write.c.obj (.data:_stream)
                  200005b8    00000010                                   : defs.c.obj (.data)
                  200005c8    0000000c                                   : exit.c.obj (.data:$O1$$)
                  200005d4    0000000c                                   : memory.c.obj (.data:$O1$$)
                  200005e0    00000008                                   : _lock.c.obj (.data:$O1$$)
                  200005e8    00000004     main.obj (.data)
                  200005ec    00000004     rtsv7M4_T_le_v4SPD16_eabi.lib : errno.c.obj (.data)
                  200005f0    00000004     system_msp432p401r.obj (.data)

.bss       0    200005f4    000001cb     UNINITIALIZED
                  200005f4    00000120     rtsv7M4_T_le_v4SPD16_eabi.lib : trgmsg.c.obj (.bss:_CIOBUF_)
                  20000714    000000a0     (.common:__TI_tmpnams)
                  200007b4    00000008     (.common:parmbuf)
                  200007bc    00000003     (.common:now)

.stack     0    2000fe00    00000200     UNINITIALIZED
                  2000fe00    00000004     rtsv7M4_T_le_v4SPD16_eabi.lib : boot_cortex_m.c.obj (.stack)
                  2000fe04    000001fc     --HOLE--

MODULE SUMMARY

       Module                        code    ro data   rw data
       ------                        ----    -------   -------
    .\
       system_msp432p401r.obj        820     0         8      
       main.obj                      248     0         14     
       startup_msp432p401r_ccs.obj   14      228       0      
    +--+-----------------------------+-------+---------+---------+
       Total:                        1082    228       22     
                                                              
    C:\ti\ccs810\ccsv8\tools\compiler\ti-cgt-arm_18.1.3.LTS\lib\rtsv7M4_T_le_v4SPD16_eabi.lib
       _printfi.c.obj                4863    0         0      
       defs.c.obj                    0       0         832    
       trgmsg.c.obj                  108     0         576    
       memory.c.obj                  492     0         24     
       write.c.obj                   40      0         400    
       fd_add_t2.asm.obj             438     0         0      
       fd_div_t2.asm.obj             310     0         0      
       fputs.c.obj                   276     0         0      
       s_scalbn.c.obj                272     0         0      
       fd_cmp_t2.asm.obj             268     0         0      
       ctype.c.obj                   0       257       0      
       fd_mul_t2.asm.obj             252     0         0      
       setvbuf.c.obj                 220     0         0      
       memcpy_t2.asm.obj             156     0         0      
       ull_div_t2.asm.obj            150     0         0      
       fputc.c.obj                   140     0         0      
       memset_t2.asm.obj             122     0         0      
       fclose.c.obj                  116     0         0      
       getdevice.c.obj               116     0         0      
       hostopen.c.obj                96      0         16     
       printf.c.obj                  112     0         0      
       copy_decompress_lzss.c.obj    104     0         0      
       hostlseek.c.obj               104     0         0      
       hostrename.c.obj              104     0         0      
       exit.c.obj                    76      0         24     
       fseek.c.obj                   100     0         0      
       s_frexp.c.obj                 100     0         0      
       _io_perm.c.obj                98      0         0      
       close.c.obj                   92      0         0      
       hostread.c.obj                88      0         0      
       hostwrite.c.obj               88      0         0      
       ltoa.c.obj                    84      0         0      
       atoi.c.obj                    76      0         0      
       fflush.c.obj                  76      0         0      
       fd_toi_t2.asm.obj             72      0         0      
       autoinit.c.obj                68      0         0      
       hostclose.c.obj               68      0         0      
       hostunlink.c.obj              68      0         0      
       boot_cortex_m.c.obj           56      0         0      
       strncpy.c.obj                 54      0         0      
       fopen.c.obj                   52      0         0      
       i_tofd_t2.asm.obj             46      0         0      
       unlink.c.obj                  44      0         0      
       lseek.c.obj                   40      0         0      
       memchr.c.obj                  32      0         0      
       memccpy.c.obj                 28      0         0      
       strcmp.c.obj                  24      0         0      
       strchr.c.obj                  22      0         0      
       s_copysign.c.obj              20      0         0      
       strcpy.c.obj                  20      0         0      
       strlen.c.obj                  20      0         0      
       _lock.c.obj                   2       0         16     
       copy_zero_init.c.obj          18      0         0      
       wcslen.c.obj                  18      0         0      
       errno.c.obj                   8       0         8      
       copy_decompress_none.c.obj    14      0         0      
       pre_init.c.obj                4       0         0      
       div0.asm.obj                  2       0         0      
    +--+-----------------------------+-------+---------+---------+
       Total:                        10537   257       1896   
                                                              
       Heap:                         0       0         2048   
       Stack:                        0       0         1024   
       Linker Generated:             0       151       0      
    +--+-----------------------------+-------+---------+---------+
       Grand Total:                  11619   636       4990   


LINKER GENERATED COPY TABLES

__TI_cinit_table @ 00002fe8 records: 2, size/record: 8, table size: 16
	.data: load addr=00002f60, load size=00000073 bytes, run addr=20000400, run size=000001f4 bytes, compression=lzss
	.bss: load addr=00002fe0, load size=00000008 bytes, run addr=200005f4, run size=000001cb bytes, compression=zero_init


LINKER GENERATED HANDLER TABLE

__TI_handler_table @ 00002fd4 records: 3, size/record: 4, table size: 12
	index: 0, handler: __TI_decompress_lzss
	index: 1, handler: __TI_decompress_none
	index: 2, handler: __TI_zero_init


GLOBAL SYMBOLS: SORTED ALPHABETICALLY BY Name 

address   name                           
-------   ----                           
00002e3d  ADC14_IRQHandler               
00002e3d  AES256_IRQHandler              
00002e3d  BusFault_Handler               
00002e55  C$$EXIT                        
00002b3b  C$$IO$$                        
00002e3d  COMP_E0_IRQHandler             
00002e3d  COMP_E1_IRQHandler             
00002e3d  CS_IRQHandler                  
00002e3d  DMA_ERR_IRQHandler             
00002e3d  DMA_INT0_IRQHandler            
00002e3d  DMA_INT1_IRQHandler            
00002e3d  DMA_INT2_IRQHandler            
00002e3d  DMA_INT3_IRQHandler            
00002e3d  DebugMon_Handler               
00002e3d  Default_Handler                
00002e3d  EUSCIA0_IRQHandler             
00002e3d  EUSCIA1_IRQHandler             
00002e3d  EUSCIA2_IRQHandler             
00002e3d  EUSCIA3_IRQHandler             
00002e3d  EUSCIB0_IRQHandler             
00002e3d  EUSCIB1_IRQHandler             
00002e3d  EUSCIB2_IRQHandler             
00002e3d  EUSCIB3_IRQHandler             
00002e3d  FLCTL_IRQHandler               
00002e3d  FPU_IRQHandler                 
00002981  HOSTclose                      
00002325  HOSTlseek                      
000025f1  HOSTopen                       
000026ad  HOSTread                       
0000238d  HOSTrename                     
000029c5  HOSTunlink                     
00002705  HOSTwrite                      
00002e3d  HardFault_Handler              
00002e3d  MemManage_Handler              
00002e3d  NMI_Handler                    
00002e3d  PCM_IRQHandler                 
00002e3d  PORT1_IRQHandler               
00002e3d  PORT2_IRQHandler               
00002e3d  PORT3_IRQHandler               
00002e3d  PORT4_IRQHandler               
00002e3d  PORT5_IRQHandler               
00002e3d  PORT6_IRQHandler               
00002e3d  PSS_IRQHandler                 
00002e3d  PendSV_Handler                 
200005e8  RTCFlag                        
00001bb1  RTC_C_IRQHandler               
00001bb1  RTC_C_IRQHandler               
00002e31  Reset_Handler                  
00002e3d  SVC_Handler                    
00002e3d  SysTick_Handler                
200005f0  SystemCoreClock                
00000b45  SystemCoreClockUpdate          
00000dbd  SystemInit                     
00002e3d  T32_INT1_IRQHandler            
00002e3d  T32_INT2_IRQHandler            
00002e3d  T32_INTC_IRQHandler            
00002e3d  TA0_0_IRQHandler               
00002e3d  TA0_N_IRQHandler               
00002e3d  TA1_0_IRQHandler               
00002e3d  TA1_N_IRQHandler               
00002e3d  TA2_0_IRQHandler               
00002e3d  TA2_N_IRQHandler               
00002e3d  TA3_0_IRQHandler               
00002e3d  TA3_N_IRQHandler               
00002e3d  UsageFault_Handler             
4000480c  WDTCTL_SYM                     
00002e3d  WDT_A_IRQHandler               
200005f4  __CIOBUF_                      
20010000  __STACK_END                    
00000200  __STACK_SIZE                   
00000400  __SYSMEM_SIZE                  
00002fe8  __TI_CINIT_Base                
00002ff8  __TI_CINIT_Limit               
00002fd4  __TI_Handler_Table_Base        
00002fe0  __TI_Handler_Table_Limit       
00002a09  __TI_auto_init_nobinit_nopinit 
00002bed  __TI_cleanup                   
200005c8  __TI_cleanup_ptr               
00002241  __TI_closefile                 
000023f5  __TI_decompress_lzss           
00002e23  __TI_decompress_none           
00002859  __TI_doflush                   
200005cc  __TI_dtors_ptr                 
200005d0  __TI_enable_exit_profile_output
200005b8  __TI_ft_end                    
ffffffff  __TI_pprof_out_hndl            
000000e5  __TI_printfi                   
ffffffff  __TI_prof_data_size            
ffffffff  __TI_prof_data_start           
00002c21  __TI_readmsg                   
00000000  __TI_static_base__             
20000714  __TI_tmpnams                   
00002b0d  __TI_writemsg                  
0000258d  __TI_wrt_ok                    
00002dff  __TI_zero_init_nomemset        
00002041  __aeabi_cdcmpeq                
00002041  __aeabi_cdcmple                
000020c7  __aeabi_cdrcmple               
00002939  __aeabi_d2iz                   
000012c3  __aeabi_dadd                   
000015ad  __aeabi_ddiv                   
00001a29  __aeabi_dmul                   
000012b9  __aeabi_dsub                   
00002e41  __aeabi_errno_addr             
00002c85  __aeabi_i2d                    
0000146f  __aeabi_idiv0                  
0000146f  __aeabi_ldiv0                  
0000214d  __aeabi_memclr                 
0000214d  __aeabi_memclr4                
0000214d  __aeabi_memclr8                
00001e83  __aeabi_memcpy                 
00001e83  __aeabi_memcpy4                
00001e83  __aeabi_memcpy8                
0000214f  __aeabi_memset                 
0000214f  __aeabi_memset4                
0000214f  __aeabi_memset8                
200005c4  __aeabi_stderr                 
200005bc  __aeabi_stdin                  
200005c0  __aeabi_stdout                 
00001f1f  __aeabi_uldivmod               
ffffffff  __binit__                      
ffffffff  __c_args__                     
UNDEFED   __mpu_init                     
2000fe00  __stack                        
00002b45  _c_int00_noargs                
00002e58  _ctypes_                       
200004f0  _device                        
20000400  _ftable                        
200005e0  _lock                          
00000b43  _nop                           
20000568  _stream                        
20000000  _sys_memory                    
UNDEFED   _system_post_cinit             
00002e51  _system_pre_init               
200005e4  _unlock                        
00002e55  abort                          
000028a5  atoi                           
ffffffff  binit                          
00002651  close                          
00001b7d  configRTC                      
00002dc3  copysign                       
00002dc3  copysignl                      
200005ec  errno                          
000028f1  exit                           
00002c55  finddevice                     
00001fb5  fputc                          
00001805  fputs                          
00001cf9  free                           
000024c5  frexp                          
000024c5  frexpl                         
00002529  fseek                          
00002a4d  getdevice                      
00000000  interruptVectors               
00001919  ldexp                          
00001919  ldexpl                         
00002ce1  lseek                          
000027b3  ltoa                           
00001b51  main                           
000021c9  malloc                         
00002d79  memccpy                        
00002d59  memchr                         
00001e83  memcpy                         
00002155  memset                         
00002b7d  minit                          
200007bc  now                            
200007b4  parmbuf                        
00001b9b  printRTC                       
0000245d  printf                         
00001fb5  putc                           
00002cb5  remove                         
00001919  scalbn                         
00001919  scalbnl                        
00001c1d  setvbuf                        
00002dad  strchr                         
00002d95  strcmp                         
00002dd7  strcpy                         
00002deb  strlen                         
00002bb5  strncpy                        
00002cb5  unlink                         
00002e11  wcslen                         
00002d31  write                          


GLOBAL SYMBOLS: SORTED BY Symbol Address 

address   name                           
-------   ----                           
00000000  __TI_static_base__             
00000000  interruptVectors               
000000e5  __TI_printfi                   
00000200  __STACK_SIZE                   
00000400  __SYSMEM_SIZE                  
00000b43  _nop                           
00000b45  SystemCoreClockUpdate          
00000dbd  SystemInit                     
000012b9  __aeabi_dsub                   
000012c3  __aeabi_dadd                   
0000146f  __aeabi_idiv0                  
0000146f  __aeabi_ldiv0                  
000015ad  __aeabi_ddiv                   
00001805  fputs                          
00001919  ldexp                          
00001919  ldexpl                         
00001919  scalbn                         
00001919  scalbnl                        
00001a29  __aeabi_dmul                   
00001b51  main                           
00001b7d  configRTC                      
00001b9b  printRTC                       
00001bb1  RTC_C_IRQHandler               
00001bb1  RTC_C_IRQHandler               
00001c1d  setvbuf                        
00001cf9  free                           
00001e83  __aeabi_memcpy                 
00001e83  __aeabi_memcpy4                
00001e83  __aeabi_memcpy8                
00001e83  memcpy                         
00001f1f  __aeabi_uldivmod               
00001fb5  fputc                          
00001fb5  putc                           
00002041  __aeabi_cdcmpeq                
00002041  __aeabi_cdcmple                
000020c7  __aeabi_cdrcmple               
0000214d  __aeabi_memclr                 
0000214d  __aeabi_memclr4                
0000214d  __aeabi_memclr8                
0000214f  __aeabi_memset                 
0000214f  __aeabi_memset4                
0000214f  __aeabi_memset8                
00002155  memset                         
000021c9  malloc                         
00002241  __TI_closefile                 
00002325  HOSTlseek                      
0000238d  HOSTrename                     
000023f5  __TI_decompress_lzss           
0000245d  printf                         
000024c5  frexp                          
000024c5  frexpl                         
00002529  fseek                          
0000258d  __TI_wrt_ok                    
000025f1  HOSTopen                       
00002651  close                          
000026ad  HOSTread                       
00002705  HOSTwrite                      
000027b3  ltoa                           
00002859  __TI_doflush                   
000028a5  atoi                           
000028f1  exit                           
00002939  __aeabi_d2iz                   
00002981  HOSTclose                      
000029c5  HOSTunlink                     
00002a09  __TI_auto_init_nobinit_nopinit 
00002a4d  getdevice                      
00002b0d  __TI_writemsg                  
00002b3b  C$$IO$$                        
00002b45  _c_int00_noargs                
00002b7d  minit                          
00002bb5  strncpy                        
00002bed  __TI_cleanup                   
00002c21  __TI_readmsg                   
00002c55  finddevice                     
00002c85  __aeabi_i2d                    
00002cb5  remove                         
00002cb5  unlink                         
00002ce1  lseek                          
00002d31  write                          
00002d59  memchr                         
00002d79  memccpy                        
00002d95  strcmp                         
00002dad  strchr                         
00002dc3  copysign                       
00002dc3  copysignl                      
00002dd7  strcpy                         
00002deb  strlen                         
00002dff  __TI_zero_init_nomemset        
00002e11  wcslen                         
00002e23  __TI_decompress_none           
00002e31  Reset_Handler                  
00002e3d  ADC14_IRQHandler               
00002e3d  AES256_IRQHandler              
00002e3d  BusFault_Handler               
00002e3d  COMP_E0_IRQHandler             
00002e3d  COMP_E1_IRQHandler             
00002e3d  CS_IRQHandler                  
00002e3d  DMA_ERR_IRQHandler             
00002e3d  DMA_INT0_IRQHandler            
00002e3d  DMA_INT1_IRQHandler            
00002e3d  DMA_INT2_IRQHandler            
00002e3d  DMA_INT3_IRQHandler            
00002e3d  DebugMon_Handler               
00002e3d  Default_Handler                
00002e3d  EUSCIA0_IRQHandler             
00002e3d  EUSCIA1_IRQHandler             
00002e3d  EUSCIA2_IRQHandler             
00002e3d  EUSCIA3_IRQHandler             
00002e3d  EUSCIB0_IRQHandler             
00002e3d  EUSCIB1_IRQHandler             
00002e3d  EUSCIB2_IRQHandler             
00002e3d  EUSCIB3_IRQHandler             
00002e3d  FLCTL_IRQHandler               
00002e3d  FPU_IRQHandler                 
00002e3d  HardFault_Handler              
00002e3d  MemManage_Handler              
00002e3d  NMI_Handler                    
00002e3d  PCM_IRQHandler                 
00002e3d  PORT1_IRQHandler               
00002e3d  PORT2_IRQHandler               
00002e3d  PORT3_IRQHandler               
00002e3d  PORT4_IRQHandler               
00002e3d  PORT5_IRQHandler               
00002e3d  PORT6_IRQHandler               
00002e3d  PSS_IRQHandler                 
00002e3d  PendSV_Handler                 
00002e3d  SVC_Handler                    
00002e3d  SysTick_Handler                
00002e3d  T32_INT1_IRQHandler            
00002e3d  T32_INT2_IRQHandler            
00002e3d  T32_INTC_IRQHandler            
00002e3d  TA0_0_IRQHandler               
00002e3d  TA0_N_IRQHandler               
00002e3d  TA1_0_IRQHandler               
00002e3d  TA1_N_IRQHandler               
00002e3d  TA2_0_IRQHandler               
00002e3d  TA2_N_IRQHandler               
00002e3d  TA3_0_IRQHandler               
00002e3d  TA3_N_IRQHandler               
00002e3d  UsageFault_Handler             
00002e3d  WDT_A_IRQHandler               
00002e41  __aeabi_errno_addr             
00002e51  _system_pre_init               
00002e55  C$$EXIT                        
00002e55  abort                          
00002e58  _ctypes_                       
00002fd4  __TI_Handler_Table_Base        
00002fe0  __TI_Handler_Table_Limit       
00002fe8  __TI_CINIT_Base                
00002ff8  __TI_CINIT_Limit               
20000000  _sys_memory                    
20000400  _ftable                        
200004f0  _device                        
20000568  _stream                        
200005b8  __TI_ft_end                    
200005bc  __aeabi_stdin                  
200005c0  __aeabi_stdout                 
200005c4  __aeabi_stderr                 
200005c8  __TI_cleanup_ptr               
200005cc  __TI_dtors_ptr                 
200005d0  __TI_enable_exit_profile_output
200005e0  _lock                          
200005e4  _unlock                        
200005e8  RTCFlag                        
200005ec  errno                          
200005f0  SystemCoreClock                
200005f4  __CIOBUF_                      
20000714  __TI_tmpnams                   
200007b4  parmbuf                        
200007bc  now                            
2000fe00  __stack                        
20010000  __STACK_END                    
4000480c  WDTCTL_SYM                     
ffffffff  __TI_pprof_out_hndl            
ffffffff  __TI_prof_data_size            
ffffffff  __TI_prof_data_start           
ffffffff  __binit__                      
ffffffff  __c_args__                     
ffffffff  binit                          
UNDEFED   __mpu_init                     
UNDEFED   _system_post_cinit             

[181 symbols]
