******************************************************************************
                  TI ARM Linker PC v18.1.3                     
******************************************************************************
>> Linked Wed Oct 17 11:49:55 2018

OUTPUT FILE NAME:   <Lab_5_Part_III.out>
ENTRY POINT SYMBOL: "_c_int00_noargs"  address: 00003075


MEMORY CONFIGURATION

         name            origin    length      used     unused   attr    fill
----------------------  --------  ---------  --------  --------  ----  --------
  MAIN                  00000000   00040000  00003521  0003cadf  R  X
  INFO                  00200000   00004000  00000000  00004000  R  X
  SRAM_CODE             01000000   00010000  000009e2  0000f61e  RW X
  SRAM_DATA             20000000   00010000  000009e2  0000f61e  RW  


SEGMENT ALLOCATION MAP

run origin  load origin   length   init length attrs members
----------  ----------- ---------- ----------- ----- -------
00000000    00000000    00003528   00003528    r-x
  00000000    00000000    000000e4   000000e4    r-- .intvecs
  000000e4    000000e4    000032a4   000032a4    r-x .text
  00003388    00003388    00000101   00000101    r-- .const
  00003490    00003490    00000098   00000098    r-- .cinit
20000000    20000000    000007e4   00000000    rw-
  20000000    20000000    00000400   00000000    rw- .sysmem
  20000400    20000400    000001f2   00000000    rw- .data
  200005f4    200005f4    000001f0   00000000    rw- .bss
2000fe00    2000fe00    00000200   00000000    rw-
  2000fe00    2000fe00    00000200   00000000    rw- .stack


SECTION ALLOCATION MAP

 output                                  attributes/
section   page    origin      length       input sections
--------  ----  ----------  ----------   ----------------
.intvecs   0    00000000    000000e4     
                  00000000    000000e4     startup_msp432p401r_ccs.obj (.intvecs:retain)

.text      0    000000e4    000032a4     
                  000000e4    00000a5e     rtsv7M4_T_le_v4SPD16_eabi.lib : _printfi.c.obj (.text:__TI_printfi)
                  00000b42    00000002                                   : _lock.c.obj (.text:_nop)
                  00000b44    00000368     Lab_5_Part_III.obj (.text)
                  00000eac    00000334     system_msp432p401r.obj (.text)
                  000011e0    000002c0     keypad.obj (.text)
                  000014a0    00000270     rtsv7M4_T_le_v4SPD16_eabi.lib : _printfi.c.obj (.text:_pconv_a)
                  00001710    000001d0                                   : _printfi.c.obj (.text:_pconv_g)
                  000018e0    000001b6                                   : fd_add_t2.asm.obj (.text)
                  00001a96    00000002                                   : div0.asm.obj (.text)
                  00001a98    0000013c                                   : _printfi.c.obj (.text:_pconv_e)
                  00001bd4    00000136                                   : fd_div_t2.asm.obj (.text)
                  00001d0a    00000002     --HOLE-- [fill = 0]
                  00001d0c    00000120                                   : _printfi.c.obj (.text:fcvt)
                  00001e2c    00000114                                   : fputs.c.obj (.text:fputs)
                  00001f40    00000110                                   : s_scalbn.c.obj (.text:scalbn)
                  00002050    000000fc                                   : fd_mul_t2.asm.obj (.text)
                  0000214c    000000dc                                   : setvbuf.c.obj (.text:setvbuf)
                  00002228    000000d8                                   : memory.c.obj (.text:free)
                  00002300    000000b1                                   : _printfi.c.obj (.text:_ltostr)
                  000023b1    00000001     --HOLE-- [fill = 0]
                  000023b2    0000009c                                   : memcpy_t2.asm.obj (.text)
                  0000244e    00000096                                   : ull_div_t2.asm.obj (.text)
                  000024e4    0000008c                                   : fputc.c.obj (.text:fputc)
                  00002570    00000086                                   : fd_cmp_t2.asm.obj (.text:__aeabi_cdcmple)
                  000025f6    00000086                                   : fd_cmp_t2.asm.obj (.text:__aeabi_cdrcmple)
                  0000267c    0000007a                                   : memset_t2.asm.obj (.text)
                  000026f6    00000002     --HOLE-- [fill = 0]
                  000026f8    00000078                                   : memory.c.obj (.text:malloc)
                  00002770    00000074                                   : fclose.c.obj (.text:__TI_closefile)
                  000027e4    0000006e                                   : _printfi.c.obj (.text:_mcpy)
                  00002852    00000002     --HOLE-- [fill = 0]
                  00002854    00000068                                   : hostlseek.c.obj (.text:HOSTlseek)
                  000028bc    00000068                                   : hostrename.c.obj (.text:HOSTrename)
                  00002924    00000068                                   : copy_decompress_lzss.c.obj (.text:decompress:lzss:__TI_decompress_lzss)
                  0000298c    00000068                                   : printf.c.obj (.text:printf)
                  000029f4    00000064                                   : s_frexp.c.obj (.text:frexp)
                  00002a58    00000064                                   : fseek.c.obj (.text:fseek)
                  00002abc    00000062                                   : _io_perm.c.obj (.text:__TI_wrt_ok)
                  00002b1e    00000002     --HOLE-- [fill = 0]
                  00002b20    00000060                                   : hostopen.c.obj (.text:HOSTopen)
                  00002b80    0000005c                                   : close.c.obj (.text:close)
                  00002bdc    00000058                                   : hostread.c.obj (.text:HOSTread)
                  00002c34    00000058                                   : hostwrite.c.obj (.text:HOSTwrite)
                  00002c8c    00000056                                   : _printfi.c.obj (.text:_pconv_f)
                  00002ce2    00000054                                   : ltoa.c.obj (.text:ltoa)
                  00002d36    00000052                                   : _printfi.c.obj (.text:_ecpy)
                  00002d88    0000004c                                   : fflush.c.obj (.text:__TI_doflush)
                  00002dd4    0000004c                                   : atoi.c.obj (.text:atoi)
                  00002e20    00000048                                   : exit.c.obj (.text:exit)
                  00002e68    00000048                                   : fd_toi_t2.asm.obj (.text)
                  00002eb0    00000044                                   : hostclose.c.obj (.text:HOSTclose)
                  00002ef4    00000044                                   : hostunlink.c.obj (.text:HOSTunlink)
                  00002f38    00000044                                   : autoinit.c.obj (.text:__TI_auto_init_nobinit_nopinit:__TI_auto_init_nobinit_nopinit)
                  00002f7c    00000044                                   : getdevice.c.obj (.text:getdevice)
                  00002fc0    0000003e                                   : _printfi.c.obj (.text:_fcpy)
                  00002ffe    00000002     --HOLE-- [fill = 0]
                  00003000    0000003c                                   : memory.c.obj (.text:minsert)
                  0000303c    00000038                                   : trgmsg.c.obj (.text:__TI_writemsg)
                  00003074    00000038                                   : boot_cortex_m.c.obj (.text:_c_int00_noargs:_c_int00_noargs)
                  000030ac    00000038                                   : memory.c.obj (.text:minit)
                  000030e4    00000036                                   : strncpy.c.obj (.text:strncpy)
                  0000311a    00000002     --HOLE-- [fill = 0]
                  0000311c    00000034                                   : fopen.c.obj (.text:__TI_cleanup)
                  00003150    00000034                                   : trgmsg.c.obj (.text:__TI_readmsg)
                  00003184    00000030                                   : getdevice.c.obj (.text:finddevice)
                  000031b4    0000002e                                   : i_tofd_t2.asm.obj (.text)
                  000031e2    00000002     --HOLE-- [fill = 0]
                  000031e4    0000002c                                   : unlink.c.obj (.text:unlink)
                  00003210    00000028                                   : lseek.c.obj (.text:lseek)
                  00003238    00000028                                   : memory.c.obj (.text:mremove)
                  00003260    00000028                                   : write.c.obj (.text:write)
                  00003288    00000020                                   : memchr.c.obj (.text:memchr)
                  000032a8    0000001c                                   : memccpy.c.obj (.text:memccpy)
                  000032c4    00000018                                   : strcmp.c.obj (.text:strcmp)
                  000032dc    00000016                                   : strchr.c.obj (.text:strchr)
                  000032f2    00000014                                   : s_copysign.c.obj (.text:copysign)
                  00003306    00000014                                   : strcpy.c.obj (.text:strcpy)
                  0000331a    00000014                                   : strlen.c.obj (.text:strlen)
                  0000332e    00000012                                   : copy_zero_init.c.obj (.text:decompress:ZI:__TI_zero_init_nomemset:__TI_zero_init_nomemset)
                  00003340    00000012                                   : wcslen.c.obj (.text:wcslen)
                  00003352    0000000e                                   : copy_decompress_none.c.obj (.text:decompress:none:__TI_decompress_none)
                  00003360    0000000e     startup_msp432p401r_ccs.obj (.text)
                  0000336e    00000002     --HOLE-- [fill = 0]
                  00003370    00000008     rtsv7M4_T_le_v4SPD16_eabi.lib : errno.c.obj (.text:__aeabi_errno_addr)
                  00003378    00000004                                   : printf.c.obj (.text:_outc)
                  0000337c    00000004                                   : printf.c.obj (.text:_outs)
                  00003380    00000004                                   : pre_init.c.obj (.text:_system_pre_init)
                  00003384    00000004                                   : exit.c.obj (.text:abort:abort)

.const     0    00003388    00000101     
                  00003388    00000101     rtsv7M4_T_le_v4SPD16_eabi.lib : ctype.c.obj (.const:.string:_ctypes_)

.cinit     0    00003490    00000098     
                  00003490    00000073     (.cinit..data.load) [load image, compression = lzss]
                  00003503    00000001     --HOLE-- [fill = 0]
                  00003504    0000000c     (__TI_handler_table)
                  00003510    00000008     (.cinit..bss.load) [load image, compression = zero_init]
                  00003518    00000010     (__TI_cinit_table)

.init_array 
*          0    00000000    00000000     UNINITIALIZED

.binit     0    00000000    00000000     

.sysmem    0    20000000    00000400     UNINITIALIZED
                  20000000    00000008     rtsv7M4_T_le_v4SPD16_eabi.lib : memory.c.obj (.sysmem)
                  20000008    000003f8     --HOLE--

.data      0    20000400    000001f2     UNINITIALIZED
                  20000400    000000f0     rtsv7M4_T_le_v4SPD16_eabi.lib : defs.c.obj (.data:_ftable)
                  200004f0    00000078                                   : write.c.obj (.data:_device)
                  20000568    00000050                                   : write.c.obj (.data:_stream)
                  200005b8    00000010                                   : defs.c.obj (.data)
                  200005c8    0000000c                                   : exit.c.obj (.data:$O1$$)
                  200005d4    0000000c                                   : memory.c.obj (.data:$O1$$)
                  200005e0    00000008                                   : _lock.c.obj (.data:$O1$$)
                  200005e8    00000004                                   : errno.c.obj (.data)
                  200005ec    00000004     system_msp432p401r.obj (.data)
                  200005f0    00000002     Lab_5_Part_III.obj (.data)

.bss       0    200005f4    000001f0     UNINITIALIZED
                  200005f4    00000120     rtsv7M4_T_le_v4SPD16_eabi.lib : trgmsg.c.obj (.bss:_CIOBUF_)
                  20000714    000000a0     (.common:__TI_tmpnams)
                  200007b4    00000008     (.common:key)
                  200007bc    00000008     (.common:key1)
                  200007c4    00000008     (.common:parmbuf)
                  200007cc    00000008     (.common:pin)
                  200007d4    00000004     (.common:a)
                  200007d8    00000004     (.common:i)
                  200007dc    00000004     (.common:morKey)
                  200007e0    00000004     (.common:new)

.stack     0    2000fe00    00000200     UNINITIALIZED
                  2000fe00    00000004     rtsv7M4_T_le_v4SPD16_eabi.lib : boot_cortex_m.c.obj (.stack)
                  2000fe04    000001fc     --HOLE--

MODULE SUMMARY

       Module                        code    ro data   rw data
       ------                        ----    -------   -------
    .\
       Lab_5_Part_III.obj            872     0         84     
       system_msp432p401r.obj        820     0         8      
       keypad.obj                    704     0         0      
       startup_msp432p401r_ccs.obj   14      228       0      
    +--+-----------------------------+-------+---------+---------+
       Total:                        2410    228       92     
                                                              
    C:\ti\ccs810\ccsv8\tools\compiler\ti-cgt-arm_18.1.3.LTS\lib\rtsv7M4_T_le_v4SPD16_eabi.lib
       _printfi.c.obj                4863    0         0      
       defs.c.obj                    0       0         832    
       trgmsg.c.obj                  108     0         576    
       memory.c.obj                  492     0         24     
       write.c.obj                   40      0         400    
       fd_add_t2.asm.obj             438     0         0      
       fd_div_t2.asm.obj             310     0         0      
       fputs.c.obj                   276     0         0      
       s_scalbn.c.obj                272     0         0      
       fd_cmp_t2.asm.obj             268     0         0      
       ctype.c.obj                   0       257       0      
       fd_mul_t2.asm.obj             252     0         0      
       setvbuf.c.obj                 220     0         0      
       memcpy_t2.asm.obj             156     0         0      
       ull_div_t2.asm.obj            150     0         0      
       fputc.c.obj                   140     0         0      
       memset_t2.asm.obj             122     0         0      
       fclose.c.obj                  116     0         0      
       getdevice.c.obj               116     0         0      
       hostopen.c.obj                96      0         16     
       printf.c.obj                  112     0         0      
       copy_decompress_lzss.c.obj    104     0         0      
       hostlseek.c.obj               104     0         0      
       hostrename.c.obj              104     0         0      
       exit.c.obj                    76      0         24     
       fseek.c.obj                   100     0         0      
       s_frexp.c.obj                 100     0         0      
       _io_perm.c.obj                98      0         0      
       close.c.obj                   92      0         0      
       hostread.c.obj                88      0         0      
       hostwrite.c.obj               88      0         0      
       ltoa.c.obj                    84      0         0      
       atoi.c.obj                    76      0         0      
       fflush.c.obj                  76      0         0      
       fd_toi_t2.asm.obj             72      0         0      
       autoinit.c.obj                68      0         0      
       hostclose.c.obj               68      0         0      
       hostunlink.c.obj              68      0         0      
       boot_cortex_m.c.obj           56      0         0      
       strncpy.c.obj                 54      0         0      
       fopen.c.obj                   52      0         0      
       i_tofd_t2.asm.obj             46      0         0      
       unlink.c.obj                  44      0         0      
       lseek.c.obj                   40      0         0      
       memchr.c.obj                  32      0         0      
       memccpy.c.obj                 28      0         0      
       strcmp.c.obj                  24      0         0      
       strchr.c.obj                  22      0         0      
       s_copysign.c.obj              20      0         0      
       strcpy.c.obj                  20      0         0      
       strlen.c.obj                  20      0         0      
       _lock.c.obj                   2       0         16     
       copy_zero_init.c.obj          18      0         0      
       wcslen.c.obj                  18      0         0      
       errno.c.obj                   8       0         8      
       copy_decompress_none.c.obj    14      0         0      
       pre_init.c.obj                4       0         0      
       div0.asm.obj                  2       0         0      
    +--+-----------------------------+-------+---------+---------+
       Total:                        10537   257       1896   
                                                              
       Heap:                         0       0         2048   
       Stack:                        0       0         1024   
       Linker Generated:             0       151       0      
    +--+-----------------------------+-------+---------+---------+
       Grand Total:                  12947   636       5060   


LINKER GENERATED COPY TABLES

__TI_cinit_table @ 00003518 records: 2, size/record: 8, table size: 16
	.data: load addr=00003490, load size=00000073 bytes, run addr=20000400, run size=000001f2 bytes, compression=lzss
	.bss: load addr=00003510, load size=00000008 bytes, run addr=200005f4, run size=000001f0 bytes, compression=zero_init


LINKER GENERATED HANDLER TABLE

__TI_handler_table @ 00003504 records: 3, size/record: 4, table size: 12
	index: 0, handler: __TI_decompress_lzss
	index: 1, handler: __TI_decompress_none
	index: 2, handler: __TI_zero_init


GLOBAL SYMBOLS: SORTED ALPHABETICALLY BY Name 

address   name                           
-------   ----                           
0000336d  ADC14_IRQHandler               
0000336d  AES256_IRQHandler              
0000336d  BusFault_Handler               
00003385  C$$EXIT                        
0000306b  C$$IO$$                        
0000336d  COMP_E0_IRQHandler             
0000336d  COMP_E1_IRQHandler             
0000336d  CS_IRQHandler                  
0000336d  DMA_ERR_IRQHandler             
0000336d  DMA_INT0_IRQHandler            
0000336d  DMA_INT1_IRQHandler            
0000336d  DMA_INT2_IRQHandler            
0000336d  DMA_INT3_IRQHandler            
0000336d  DebugMon_Handler               
0000336d  Default_Handler                
0000336d  EUSCIA0_IRQHandler             
0000336d  EUSCIA1_IRQHandler             
0000336d  EUSCIA2_IRQHandler             
0000336d  EUSCIA3_IRQHandler             
0000336d  EUSCIB0_IRQHandler             
0000336d  EUSCIB1_IRQHandler             
0000336d  EUSCIB2_IRQHandler             
0000336d  EUSCIB3_IRQHandler             
0000336d  FLCTL_IRQHandler               
0000336d  FPU_IRQHandler                 
00002eb1  HOSTclose                      
00002855  HOSTlseek                      
00002b21  HOSTopen                       
00002bdd  HOSTread                       
000028bd  HOSTrename                     
00002ef5  HOSTunlink                     
00002c35  HOSTwrite                      
0000336d  HardFault_Handler              
000011e1  KeyInit                        
0000336d  MemManage_Handler              
0000336d  NMI_Handler                    
0000336d  PCM_IRQHandler                 
0000336d  PORT1_IRQHandler               
0000336d  PORT2_IRQHandler               
0000336d  PORT3_IRQHandler               
0000336d  PORT4_IRQHandler               
0000336d  PORT5_IRQHandler               
0000336d  PORT6_IRQHandler               
0000336d  PSS_IRQHandler                 
0000336d  PendSV_Handler                 
0000336d  RTC_C_IRQHandler               
00003361  Reset_Handler                  
0000336d  SVC_Handler                    
0000336d  SysTick_Handler                
200005ec  SystemCoreClock                
00000ead  SystemCoreClockUpdate          
00001125  SystemInit                     
0000336d  T32_INT1_IRQHandler            
0000336d  T32_INT2_IRQHandler            
0000336d  T32_INTC_IRQHandler            
0000336d  TA0_0_IRQHandler               
0000336d  TA0_N_IRQHandler               
0000336d  TA1_0_IRQHandler               
0000336d  TA1_N_IRQHandler               
0000336d  TA2_0_IRQHandler               
0000336d  TA2_N_IRQHandler               
0000336d  TA3_0_IRQHandler               
0000336d  TA3_N_IRQHandler               
0000336d  UsageFault_Handler             
4000480c  WDTCTL_SYM                     
0000336d  WDT_A_IRQHandler               
200005f4  __CIOBUF_                      
20010000  __STACK_END                    
00000200  __STACK_SIZE                   
00000400  __SYSMEM_SIZE                  
00003518  __TI_CINIT_Base                
00003528  __TI_CINIT_Limit               
00003504  __TI_Handler_Table_Base        
00003510  __TI_Handler_Table_Limit       
00002f39  __TI_auto_init_nobinit_nopinit 
0000311d  __TI_cleanup                   
200005c8  __TI_cleanup_ptr               
00002771  __TI_closefile                 
00002925  __TI_decompress_lzss           
00003353  __TI_decompress_none           
00002d89  __TI_doflush                   
200005cc  __TI_dtors_ptr                 
200005d0  __TI_enable_exit_profile_output
200005b8  __TI_ft_end                    
ffffffff  __TI_pprof_out_hndl            
000000e5  __TI_printfi                   
ffffffff  __TI_prof_data_size            
ffffffff  __TI_prof_data_start           
00003151  __TI_readmsg                   
00000000  __TI_static_base__             
20000714  __TI_tmpnams                   
0000303d  __TI_writemsg                  
00002abd  __TI_wrt_ok                    
0000332f  __TI_zero_init_nomemset        
00002571  __aeabi_cdcmpeq                
00002571  __aeabi_cdcmple                
000025f7  __aeabi_cdrcmple               
00002e69  __aeabi_d2iz                   
000018eb  __aeabi_dadd                   
00001bd5  __aeabi_ddiv                   
00002051  __aeabi_dmul                   
000018e1  __aeabi_dsub                   
00003371  __aeabi_errno_addr             
000031b5  __aeabi_i2d                    
00001a97  __aeabi_idiv0                  
00001a97  __aeabi_ldiv0                  
0000267d  __aeabi_memclr                 
0000267d  __aeabi_memclr4                
0000267d  __aeabi_memclr8                
000023b3  __aeabi_memcpy                 
000023b3  __aeabi_memcpy4                
000023b3  __aeabi_memcpy8                
0000267f  __aeabi_memset                 
0000267f  __aeabi_memset4                
0000267f  __aeabi_memset8                
200005c4  __aeabi_stderr                 
200005bc  __aeabi_stdin                  
200005c0  __aeabi_stdout                 
0000244f  __aeabi_uldivmod               
ffffffff  __binit__                      
ffffffff  __c_args__                     
UNDEFED   __mpu_init                     
2000fe00  __stack                        
00003075  _c_int00_noargs                
00003388  _ctypes_                       
00001441  _delay_ms                      
200004f0  _device                        
20000400  _ftable                        
200005e0  _lock                          
00000b43  _nop                           
20000568  _stream                        
20000000  _sys_memory                    
UNDEFED   _system_post_cinit             
00003381  _system_pre_init               
200005e4  _unlock                        
200007d4  a                              
00003385  abort                          
00002dd5  atoi                           
ffffffff  binit                          
00002b81  close                          
000032f3  copysign                       
000032f3  copysignl                      
200005e8  errno                          
00002e21  exit                           
00003185  finddevice                     
000024e5  fputc                          
00001e2d  fputs                          
00002229  free                           
000029f5  frexp                          
000029f5  frexpl                         
00002a59  fseek                          
00000c8f  getKey                         
00002f7d  getdevice                      
200007d8  i                              
00000000  interruptVectors               
200007b4  key                            
200007bc  key1                           
200005f0  keyS                           
00001f41  ldexp                          
00001f41  ldexpl                         
00003211  lseek                          
00002ce3  ltoa                           
00000b45  main                           
000026f9  malloc                         
000032a9  memccpy                        
00003289  memchr                         
000023b3  memcpy                         
00002685  memset                         
000030ad  minit                          
200007dc  morKey                         
200007e0  new                            
00000bd3  numTOstring                    
200007c4  parmbuf                        
200007cc  pin                            
0000298d  printf                         
000024e5  putc                           
000012b5  readKey                        
00001375  readRow                        
000031e5  remove                         
00000d6d  restKey                        
00001f41  scalbn                         
00001f41  scalbnl                        
0000214d  setvbuf                        
000032dd  strchr                         
000032c5  strcmp                         
00003307  strcpy                         
0000331b  strlen                         
000030e5  strncpy                        
000031e5  unlink                         
00003341  wcslen                         
00003261  write                          


GLOBAL SYMBOLS: SORTED BY Symbol Address 

address   name                           
-------   ----                           
00000000  __TI_static_base__             
00000000  interruptVectors               
000000e5  __TI_printfi                   
00000200  __STACK_SIZE                   
00000400  __SYSMEM_SIZE                  
00000b43  _nop                           
00000b45  main                           
00000bd3  numTOstring                    
00000c8f  getKey                         
00000d6d  restKey                        
00000ead  SystemCoreClockUpdate          
00001125  SystemInit                     
000011e1  KeyInit                        
000012b5  readKey                        
00001375  readRow                        
00001441  _delay_ms                      
000018e1  __aeabi_dsub                   
000018eb  __aeabi_dadd                   
00001a97  __aeabi_idiv0                  
00001a97  __aeabi_ldiv0                  
00001bd5  __aeabi_ddiv                   
00001e2d  fputs                          
00001f41  ldexp                          
00001f41  ldexpl                         
00001f41  scalbn                         
00001f41  scalbnl                        
00002051  __aeabi_dmul                   
0000214d  setvbuf                        
00002229  free                           
000023b3  __aeabi_memcpy                 
000023b3  __aeabi_memcpy4                
000023b3  __aeabi_memcpy8                
000023b3  memcpy                         
0000244f  __aeabi_uldivmod               
000024e5  fputc                          
000024e5  putc                           
00002571  __aeabi_cdcmpeq                
00002571  __aeabi_cdcmple                
000025f7  __aeabi_cdrcmple               
0000267d  __aeabi_memclr                 
0000267d  __aeabi_memclr4                
0000267d  __aeabi_memclr8                
0000267f  __aeabi_memset                 
0000267f  __aeabi_memset4                
0000267f  __aeabi_memset8                
00002685  memset                         
000026f9  malloc                         
00002771  __TI_closefile                 
00002855  HOSTlseek                      
000028bd  HOSTrename                     
00002925  __TI_decompress_lzss           
0000298d  printf                         
000029f5  frexp                          
000029f5  frexpl                         
00002a59  fseek                          
00002abd  __TI_wrt_ok                    
00002b21  HOSTopen                       
00002b81  close                          
00002bdd  HOSTread                       
00002c35  HOSTwrite                      
00002ce3  ltoa                           
00002d89  __TI_doflush                   
00002dd5  atoi                           
00002e21  exit                           
00002e69  __aeabi_d2iz                   
00002eb1  HOSTclose                      
00002ef5  HOSTunlink                     
00002f39  __TI_auto_init_nobinit_nopinit 
00002f7d  getdevice                      
0000303d  __TI_writemsg                  
0000306b  C$$IO$$                        
00003075  _c_int00_noargs                
000030ad  minit                          
000030e5  strncpy                        
0000311d  __TI_cleanup                   
00003151  __TI_readmsg                   
00003185  finddevice                     
000031b5  __aeabi_i2d                    
000031e5  remove                         
000031e5  unlink                         
00003211  lseek                          
00003261  write                          
00003289  memchr                         
000032a9  memccpy                        
000032c5  strcmp                         
000032dd  strchr                         
000032f3  copysign                       
000032f3  copysignl                      
00003307  strcpy                         
0000331b  strlen                         
0000332f  __TI_zero_init_nomemset        
00003341  wcslen                         
00003353  __TI_decompress_none           
00003361  Reset_Handler                  
0000336d  ADC14_IRQHandler               
0000336d  AES256_IRQHandler              
0000336d  BusFault_Handler               
0000336d  COMP_E0_IRQHandler             
0000336d  COMP_E1_IRQHandler             
0000336d  CS_IRQHandler                  
0000336d  DMA_ERR_IRQHandler             
0000336d  DMA_INT0_IRQHandler            
0000336d  DMA_INT1_IRQHandler            
0000336d  DMA_INT2_IRQHandler            
0000336d  DMA_INT3_IRQHandler            
0000336d  DebugMon_Handler               
0000336d  Default_Handler                
0000336d  EUSCIA0_IRQHandler             
0000336d  EUSCIA1_IRQHandler             
0000336d  EUSCIA2_IRQHandler             
0000336d  EUSCIA3_IRQHandler             
0000336d  EUSCIB0_IRQHandler             
0000336d  EUSCIB1_IRQHandler             
0000336d  EUSCIB2_IRQHandler             
0000336d  EUSCIB3_IRQHandler             
0000336d  FLCTL_IRQHandler               
0000336d  FPU_IRQHandler                 
0000336d  HardFault_Handler              
0000336d  MemManage_Handler              
0000336d  NMI_Handler                    
0000336d  PCM_IRQHandler                 
0000336d  PORT1_IRQHandler               
0000336d  PORT2_IRQHandler               
0000336d  PORT3_IRQHandler               
0000336d  PORT4_IRQHandler               
0000336d  PORT5_IRQHandler               
0000336d  PORT6_IRQHandler               
0000336d  PSS_IRQHandler                 
0000336d  PendSV_Handler                 
0000336d  RTC_C_IRQHandler               
0000336d  SVC_Handler                    
0000336d  SysTick_Handler                
0000336d  T32_INT1_IRQHandler            
0000336d  T32_INT2_IRQHandler            
0000336d  T32_INTC_IRQHandler            
0000336d  TA0_0_IRQHandler               
0000336d  TA0_N_IRQHandler               
0000336d  TA1_0_IRQHandler               
0000336d  TA1_N_IRQHandler               
0000336d  TA2_0_IRQHandler               
0000336d  TA2_N_IRQHandler               
0000336d  TA3_0_IRQHandler               
0000336d  TA3_N_IRQHandler               
0000336d  UsageFault_Handler             
0000336d  WDT_A_IRQHandler               
00003371  __aeabi_errno_addr             
00003381  _system_pre_init               
00003385  C$$EXIT                        
00003385  abort                          
00003388  _ctypes_                       
00003504  __TI_Handler_Table_Base        
00003510  __TI_Handler_Table_Limit       
00003518  __TI_CINIT_Base                
00003528  __TI_CINIT_Limit               
20000000  _sys_memory                    
20000400  _ftable                        
200004f0  _device                        
20000568  _stream                        
200005b8  __TI_ft_end                    
200005bc  __aeabi_stdin                  
200005c0  __aeabi_stdout                 
200005c4  __aeabi_stderr                 
200005c8  __TI_cleanup_ptr               
200005cc  __TI_dtors_ptr                 
200005d0  __TI_enable_exit_profile_output
200005e0  _lock                          
200005e4  _unlock                        
200005e8  errno                          
200005ec  SystemCoreClock                
200005f0  keyS                           
200005f4  __CIOBUF_                      
20000714  __TI_tmpnams                   
200007b4  key                            
200007bc  key1                           
200007c4  parmbuf                        
200007cc  pin                            
200007d4  a                              
200007d8  i                              
200007dc  morKey                         
200007e0  new                            
2000fe00  __stack                        
20010000  __STACK_END                    
4000480c  WDTCTL_SYM                     
ffffffff  __TI_pprof_out_hndl            
ffffffff  __TI_prof_data_size            
ffffffff  __TI_prof_data_start           
ffffffff  __binit__                      
ffffffff  __c_args__                     
ffffffff  binit                          
UNDEFED   __mpu_init                     
UNDEFED   _system_post_cinit             

[191 symbols]
