******************************************************************************
                  TI ARM Linker PC v18.1.3                     
******************************************************************************
>> Linked Thu Dec  6 18:04:57 2018

OUTPUT FILE NAME:   <FinalProjectF_2020.out>
ENTRY POINT SYMBOL: "_c_int00_noargs"  address: 00005ab9


MEMORY CONFIGURATION

         name            origin    length      used     unused   attr    fill
----------------------  --------  ---------  --------  --------  ----  --------
  MAIN                  00000000   00040000  00005e04  0003a1fc  R  X
  INFO                  00200000   00004000  00000000  00004000  R  X
  SRAM_CODE             01000000   00010000  00000363  0000fc9d  RW X
  SRAM_DATA             20000000   00010000  00000363  0000fc9d  RW  


SEGMENT ALLOCATION MAP

run origin  load origin   length   init length attrs members
----------  ----------- ---------- ----------- ----- -------
00000000    00000000    00005e08   00005e08    r-x
  00000000    00000000    000000e4   000000e4    r-- .intvecs
  000000e4    000000e4    00005b78   00005b78    r-x .text
  00005c60    00005c60    00000138   00000138    r-- .const
  00005d98    00005d98    00000070   00000070    r-- .cinit
20000000    20000000    00000164   00000000    rw-
  20000000    20000000    000000df   00000000    rw- .bss
  200000e0    200000e0    00000084   00000000    rw- .data
2000fe00    2000fe00    00000200   00000000    rw-
  2000fe00    2000fe00    00000200   00000000    rw- .stack


SECTION ALLOCATION MAP

 output                                  attributes/
section   page    origin      length       input sections
--------  ----  ----------  ----------   ----------------
.intvecs   0    00000000    000000e4     
                  00000000    000000e4     startup_msp432p401r_ccs.obj (.intvecs:retain)

.text      0    000000e4    00005b78     
                  000000e4    0000267c     Project_Main.obj (.text)
                  00002760    00000a5e     rtsv7M4_T_le_v4SPD16_eabi.lib : _printfi.c.obj (.text:__TI_printfi)
                  000031be    00000002                                   : div0.asm.obj (.text)
                  000031c0    000009c0                                   : e_pow.c.obj (.text:pow)
                  00003b80    00000444     promain.obj (.text)
                  00003fc4    00000334     system_msp432p401r.obj (.text)
                  000042f8    00000270     rtsv7M4_T_le_v4SPD16_eabi.lib : _printfi.c.obj (.text:_pconv_a)
                  00004568    000001ec     temp.obj (.text)
                  00004754    000001d0     rtsv7M4_T_le_v4SPD16_eabi.lib : _printfi.c.obj (.text:_pconv_g)
                  00004924    000001b6                                   : fd_add_t2.asm.obj (.text)
                  00004ada    00000002     --HOLE-- [fill = 0]
                  00004adc    00000158                                   : e_sqrt.c.obj (.text:sqrt)
                  00004c34    0000013c                                   : _printfi.c.obj (.text:_pconv_e)
                  00004d70    00000138     lcd.obj (.text)
                  00004ea8    00000136     rtsv7M4_T_le_v4SPD16_eabi.lib : fd_div_t2.asm.obj (.text)
                  00004fde    00000002     --HOLE-- [fill = 0]
                  00004fe0    00000120                                   : _printfi.c.obj (.text:fcvt)
                  00005100    00000110                                   : s_scalbn.c.obj (.text:scalbn)
                  00005210    000000fc                                   : fd_mul_t2.asm.obj (.text)
                  0000530c    000000b1                                   : _printfi.c.obj (.text:_ltostr)
                  000053bd    00000001     --HOLE-- [fill = 0]
                  000053be    0000009c                                   : memcpy_t2.asm.obj (.text)
                  0000545a    00000096                                   : ull_div_t2.asm.obj (.text)
                  000054f0    00000086                                   : fd_cmp_t2.asm.obj (.text:__aeabi_cdcmple)
                  00005576    00000086                                   : fd_cmp_t2.asm.obj (.text:__aeabi_cdrcmple)
                  000055fc    0000007a                                   : memset_t2.asm.obj (.text)
                  00005676    0000006e                                   : _printfi.c.obj (.text:_mcpy)
                  000056e4    0000006e                                   : fd_tos_t2.asm.obj (.text)
                  00005752    00000068                                   : copy_decompress_lzss.c.obj (.text:decompress:lzss:__TI_decompress_lzss)
                  000057ba    00000002     --HOLE-- [fill = 0]
                  000057bc    00000064                                   : s_frexp.c.obj (.text:frexp)
                  00005820    00000056                                   : _printfi.c.obj (.text:_pconv_f)
                  00005876    00000054                                   : ltoa.c.obj (.text:ltoa)
                  000058ca    00000052                                   : _printfi.c.obj (.text:_ecpy)
                  0000591c    0000004c                                   : atoi.c.obj (.text:atoi)
                  00005968    00000048                                   : fd_toi_t2.asm.obj (.text)
                  000059b0    00000044                                   : autoinit.c.obj (.text:__TI_auto_init_nobinit_nopinit:__TI_auto_init_nobinit_nopinit)
                  000059f4    00000044     speaker.obj (.text)
                  00005a38    00000040     rtsv7M4_T_le_v4SPD16_eabi.lib : sprintf.c.obj (.text:sprintf)
                  00005a78    0000003e                                   : _printfi.c.obj (.text:_fcpy)
                  00005ab6    00000002     --HOLE-- [fill = 0]
                  00005ab8    00000038                                   : boot_cortex_m.c.obj (.text:_c_int00_noargs:_c_int00_noargs)
                  00005af0    00000038                                   : fs_tod_t2.asm.obj (.text)
                  00005b28    0000002e                                   : i_tofd_t2.asm.obj (.text)
                  00005b56    00000020                                   : u_tofd_t2.asm.obj (.text)
                  00005b76    0000001c                                   : memccpy.c.obj (.text:memccpy)
                  00005b92    00000018                                   : sprintf.c.obj (.text:_outs)
                  00005baa    00000018                                   : strcmp.c.obj (.text:strcmp)
                  00005bc2    00000016                                   : strchr.c.obj (.text:strchr)
                  00005bd8    00000014                                   : s_copysign.c.obj (.text:copysign)
                  00005bec    00000014                                   : strlen.c.obj (.text:strlen)
                  00005c00    00000012                                   : copy_zero_init.c.obj (.text:decompress:ZI:__TI_zero_init_nomemset:__TI_zero_init_nomemset)
                  00005c12    00000012                                   : wcslen.c.obj (.text:wcslen)
                  00005c24    0000000e                                   : copy_decompress_none.c.obj (.text:decompress:none:__TI_decompress_none)
                  00005c32    0000000e     startup_msp432p401r_ccs.obj (.text)
                  00005c40    0000000a     rtsv7M4_T_le_v4SPD16_eabi.lib : sprintf.c.obj (.text:_outc)
                  00005c4a    00000002     --HOLE-- [fill = 0]
                  00005c4c    00000008                                   : errno.c.obj (.text:__aeabi_errno_addr)
                  00005c54    00000004                                   : pre_init.c.obj (.text:_system_pre_init)
                  00005c58    00000004                                   : exit.c.obj (.text:abort:abort)

.const     0    00005c60    00000138     
                  00005c60    00000101     rtsv7M4_T_le_v4SPD16_eabi.lib : ctype.c.obj (.const:.string:_ctypes_)
                  00005d61    00000007     --HOLE-- [fill = 0]
                  00005d68    00000030                                   : e_pow.c.obj (.const:$O1$$)

.cinit     0    00005d98    00000070     
                  00005d98    00000045     (.cinit..data.load) [load image, compression = lzss]
                  00005ddd    00000003     --HOLE-- [fill = 0]
                  00005de0    0000000c     (__TI_handler_table)
                  00005dec    00000004     --HOLE-- [fill = 0]
                  00005df0    00000008     (.cinit..bss.load) [load image, compression = zero_init]
                  00005df8    00000010     (__TI_cinit_table)

.init_array 
*          0    00000000    00000000     UNINITIALIZED

.binit     0    00000000    00000000     

.bss       0    20000000    000000df     UNINITIALIZED
                  20000000    00000064     (.common:INPUT_BUFFER)
                  20000064    00000064     (.common:terminal)
                  200000c8    00000008     (.common:TempS)
                  200000d0    00000004     (.common:bright)
                  200000d4    00000003     (.common:now)
                  200000d7    00000003     (.common:set)
                  200000da    00000002     (.common:alarm)
                  200000dc    00000002     (.common:snooz)
                  200000de    00000001     (.common:state)

.data      0    200000e0    00000084     UNINITIALIZED
                  200000e0    00000050     Project_Main.obj (.data)
                  20000130    0000000b     Project_Main.obj (.data:timeDisp)
                  2000013b    0000000a     Project_Main.obj (.data:readA)
                  20000145    00000009     Project_Main.obj (.data:readT)
                  2000014e    00000006     Project_Main.obj (.data:Snooz)
                  20000154    00000004     rtsv7M4_T_le_v4SPD16_eabi.lib : errno.c.obj (.data)
                  20000158    00000004     system_msp432p401r.obj (.data)
                  2000015c    00000003     Project_Main.obj (.data:Off)
                  2000015f    00000003     Project_Main.obj (.data:On)
                  20000162    00000002     Project_Main.obj (.data:Blink)

.stack     0    2000fe00    00000200     UNINITIALIZED
                  2000fe00    00000004     rtsv7M4_T_le_v4SPD16_eabi.lib : boot_cortex_m.c.obj (.stack)
                  2000fe04    000001fc     --HOLE--

MODULE SUMMARY

       Module                        code    ro data   rw data
       ------                        ----    -------   -------
    .\
       Project_Main.obj              9852    0         694    
       promain.obj                   1092    0         0      
       system_msp432p401r.obj        820     0         8      
       temp.obj                      492     0         0      
       lcd.obj                       312     0         0      
       startup_msp432p401r_ccs.obj   14      228       0      
       speaker.obj                   68      0         0      
    +--+-----------------------------+-------+---------+---------+
       Total:                        12650   228       702    
                                                              
    C:\ti\ccs810\ccsv8\tools\compiler\ti-cgt-arm_18.1.3.LTS\lib\rtsv7M4_T_le_v4SPD16_eabi.lib
       _printfi.c.obj                4863    0         0      
       e_pow.c.obj                   2496    48        0      
       fd_add_t2.asm.obj             438     0         0      
       e_sqrt.c.obj                  344     0         0      
       fd_div_t2.asm.obj             310     0         0      
       s_scalbn.c.obj                272     0         0      
       fd_cmp_t2.asm.obj             268     0         0      
       ctype.c.obj                   0       257       0      
       fd_mul_t2.asm.obj             252     0         0      
       memcpy_t2.asm.obj             156     0         0      
       ull_div_t2.asm.obj            150     0         0      
       memset_t2.asm.obj             122     0         0      
       fd_tos_t2.asm.obj             110     0         0      
       copy_decompress_lzss.c.obj    104     0         0      
       s_frexp.c.obj                 100     0         0      
       sprintf.c.obj                 98      0         0      
       ltoa.c.obj                    84      0         0      
       atoi.c.obj                    76      0         0      
       fd_toi_t2.asm.obj             72      0         0      
       autoinit.c.obj                68      0         0      
       boot_cortex_m.c.obj           56      0         0      
       fs_tod_t2.asm.obj             56      0         0      
       i_tofd_t2.asm.obj             46      0         0      
       u_tofd_t2.asm.obj             32      0         0      
       memccpy.c.obj                 28      0         0      
       strcmp.c.obj                  24      0         0      
       strchr.c.obj                  22      0         0      
       s_copysign.c.obj              20      0         0      
       strlen.c.obj                  20      0         0      
       copy_zero_init.c.obj          18      0         0      
       wcslen.c.obj                  18      0         0      
       errno.c.obj                   8       0         8      
       copy_decompress_none.c.obj    14      0         0      
       exit.c.obj                    4       0         0      
       pre_init.c.obj                4       0         0      
       div0.asm.obj                  2       0         0      
    +--+-----------------------------+-------+---------+---------+
       Total:                        10755   305       8      
                                                              
       Stack:                        0       0         1024   
       Linker Generated:             0       105       0      
    +--+-----------------------------+-------+---------+---------+
       Grand Total:                  23405   638       1734   


LINKER GENERATED COPY TABLES

__TI_cinit_table @ 00005df8 records: 2, size/record: 8, table size: 16
	.data: load addr=00005d98, load size=00000045 bytes, run addr=200000e0, run size=00000084 bytes, compression=lzss
	.bss: load addr=00005df0, load size=00000008 bytes, run addr=20000000, run size=000000df bytes, compression=zero_init


LINKER GENERATED HANDLER TABLE

__TI_handler_table @ 00005de0 records: 3, size/record: 4, table size: 12
	index: 0, handler: __TI_decompress_lzss
	index: 1, handler: __TI_decompress_none
	index: 2, handler: __TI_zero_init


GLOBAL SYMBOLS: SORTED ALPHABETICALLY BY Name 

address   name                          
-------   ----                          
00005c3f  ADC14_IRQHandler              
00004569  ADC14init                     
00005c3f  AES256_IRQHandler             
200000e4  AmPmFlag                      
20000162  Blink                         
00005c3f  BusFault_Handler              
00005c59  C$$EXIT                       
00005c3f  COMP_E0_IRQHandler            
00005c3f  COMP_E1_IRQHandler            
00005c3f  CS_IRQHandler                 
00005c3f  DMA_ERR_IRQHandler            
00005c3f  DMA_INT0_IRQHandler           
00005c3f  DMA_INT1_IRQHandler           
00005c3f  DMA_INT2_IRQHandler           
00005c3f  DMA_INT3_IRQHandler           
00005c3f  DebugMon_Handler              
00005c3f  Default_Handler               
00002659  EUSCIA0_IRQHandler            
00002659  EUSCIA0_IRQHandler            
00005c3f  EUSCIA1_IRQHandler            
00005c3f  EUSCIA2_IRQHandler            
00005c3f  EUSCIA3_IRQHandler            
00005c3f  EUSCIB0_IRQHandler            
00005c3f  EUSCIB1_IRQHandler            
00005c3f  EUSCIB2_IRQHandler            
00005c3f  EUSCIB3_IRQHandler            
00005c3f  FLCTL_IRQHandler              
00005c3f  FPU_IRQHandler                
00005c3f  HardFault_Handler             
20000000  INPUT_BUFFER                  
00004669  LCDbrightUpdate               
2000012c  MaxBright                     
00005c3f  MemManage_Handler             
2000010c  MinSecFlag                    
00005c3f  NMI_Handler                   
2000015c  Off                           
2000015f  On                            
00005c3f  PCM_IRQHandler                
000012d9  PORT1_IRQHandler              
000012d9  PORT1_IRQHandler              
00005c3f  PORT2_IRQHandler              
00005c3f  PORT3_IRQHandler              
00005c3f  PORT4_IRQHandler              
00005c3f  PORT5_IRQHandler              
00005c3f  PORT6_IRQHandler              
00005c3f  PSS_IRQHandler                
00005c3f  PendSV_Handler                
00004ddb  PulsEnablePin                 
200000ec  RTCFlag                       
000011c9  RTC_C_IRQHandler              
000011c9  RTC_C_IRQHandler              
00005c33  Reset_Handler                 
00005c3f  SVC_Handler                   
200000e8  SerialCom                     
2000014e  Snooz                         
00005c3f  SysTick_Handler               
00003ea3  SysTick_Init                  
20000158  SystemCoreClock               
00003fc5  SystemCoreClockUpdate         
0000423d  SystemInit                    
00005c3f  T32_INT1_IRQHandler           
00005c3f  T32_INT2_IRQHandler           
00005c3f  T32_INTC_IRQHandler           
00005c3f  TA0_0_IRQHandler              
00005c3f  TA0_N_IRQHandler              
00005c3f  TA1_0_IRQHandler              
00005c3f  TA1_N_IRQHandler              
00005c3f  TA2_0_IRQHandler              
00005c3f  TA2_N_IRQHandler              
00005c3f  TA3_0_IRQHandler              
00005c3f  TA3_N_IRQHandler              
200000c8  TempS                         
00005c3f  UsageFault_Handler            
4000480c  WDTCTL_SYM                    
00005c3f  WDT_A_IRQHandler              
20010000  __STACK_END                   
00000200  __STACK_SIZE                  
00005df8  __TI_CINIT_Base               
00005e08  __TI_CINIT_Limit              
00005de0  __TI_Handler_Table_Base       
00005dec  __TI_Handler_Table_Limit      
000059b1  __TI_auto_init_nobinit_nopinit
00005753  __TI_decompress_lzss          
00005c25  __TI_decompress_none          
ffffffff  __TI_pprof_out_hndl           
00002761  __TI_printfi                  
ffffffff  __TI_prof_data_size           
ffffffff  __TI_prof_data_start          
00000000  __TI_static_base__            
00005c01  __TI_zero_init_nomemset       
000054f1  __aeabi_cdcmpeq               
000054f1  __aeabi_cdcmple               
00005577  __aeabi_cdrcmple              
000056e5  __aeabi_d2f                   
00005969  __aeabi_d2iz                  
0000492f  __aeabi_dadd                  
00004ea9  __aeabi_ddiv                  
00005211  __aeabi_dmul                  
00004925  __aeabi_dsub                  
00005c4d  __aeabi_errno_addr            
00005af1  __aeabi_f2d                   
00005b29  __aeabi_i2d                   
000031bf  __aeabi_idiv0                 
000031bf  __aeabi_ldiv0                 
000055fd  __aeabi_memclr                
000055fd  __aeabi_memclr4               
000055fd  __aeabi_memclr8               
000053bf  __aeabi_memcpy                
000053bf  __aeabi_memcpy4               
000053bf  __aeabi_memcpy8               
000055ff  __aeabi_memset                
000055ff  __aeabi_memset4               
000055ff  __aeabi_memset8               
00005b57  __aeabi_ui2d                  
0000545b  __aeabi_uldivmod              
ffffffff  __binit__                     
ffffffff  __c_args__                    
UNDEFED   __mpu_init                    
2000fe00  __stack                       
00005ab9  _c_int00_noargs               
00005c60  _ctypes_                      
UNDEFED   _system_post_cinit            
00005c55  _system_pre_init              
00005c59  abort                         
200000da  alarm                         
200000fc  alarmFlag                     
20000104  alarmGoFlag                   
0000591d  atoi                          
000059f5  beep                          
ffffffff  binit                         
20000100  blinkFlag                     
200000d0  bright                        
00002011  checkStr                      
00004e6f  comWrit                       
00003f09  configRTC                     
00001dd5  convertAlarmSet               
000022ab  convertSerialAlarm            
000022e5  convertSerialTime             
00001205  convertTemp                   
00000f3d  convertTime                   
00001b7d  convertTimeSet                
00005bd9  copysign                      
00005bd9  copysignl                     
20000124  counter                       
00004e89  dataWrit                      
200000f0  degreeFlag                    
00003ebf  delay_micro                   
00003ee3  delay_ms                      
00000ec9  displayTemp                   
00000e9b  displayTime                   
20000154  errno                         
000057bd  frexp                         
000057bd  frexpl                        
000045c5  getTemp                       
20000128  i                             
00004d71  initLCD                       
00003b81  initPins                      
00000000  interruptVectors              
00005101  ldexp                         
00005101  ldexpl                        
00005877  ltoa                          
00000111  main                          
00005b77  memccpy                       
000053bf  memcpy                        
00005605  memset                        
200000d4  now                           
000031c1  pow                           
000031c1  powl                          
00004e37  pushByt                       
00004e0f  pushNib                       
20000114  rAvalidFlag                   
20000118  rTvalidFlag                   
2000013b  readA                         
000025d5  readInput                     
20000145  readT                         
200000e1  read_location                 
2000011c  sAvalidFlag                   
20000120  sTvalidFlag                   
00005101  scalbn                        
00005101  scalbnl                       
00002495  serialAlarm                   
0000236d  serialTime                    
200000d7  set                           
200000f8  setAlarmFlag                  
00001b1f  setRTC                        
200000f4  setTimeFlag                   
000026ad  setupSerial                   
200000dc  snooz                         
20000108  snoozFlag                     
00005a39  sprintf                       
00004add  sqrt                          
00004add  sqrtl                         
200000de  state                         
200000e0  storage_location              
00005bc3  strchr                        
00005bab  strcmp                        
00005bed  strlen                        
20000064  terminal                      
20000130  timeDisp                      
20000110  validFlag                     
00005c13  wcslen                        
0000258d  writeOutput                   


GLOBAL SYMBOLS: SORTED BY Symbol Address 

address   name                          
-------   ----                          
00000000  __TI_static_base__            
00000000  interruptVectors              
00000111  main                          
00000200  __STACK_SIZE                  
00000e9b  displayTime                   
00000ec9  displayTemp                   
00000f3d  convertTime                   
000011c9  RTC_C_IRQHandler              
000011c9  RTC_C_IRQHandler              
00001205  convertTemp                   
000012d9  PORT1_IRQHandler              
000012d9  PORT1_IRQHandler              
00001b1f  setRTC                        
00001b7d  convertTimeSet                
00001dd5  convertAlarmSet               
00002011  checkStr                      
000022ab  convertSerialAlarm            
000022e5  convertSerialTime             
0000236d  serialTime                    
00002495  serialAlarm                   
0000258d  writeOutput                   
000025d5  readInput                     
00002659  EUSCIA0_IRQHandler            
00002659  EUSCIA0_IRQHandler            
000026ad  setupSerial                   
00002761  __TI_printfi                  
000031bf  __aeabi_idiv0                 
000031bf  __aeabi_ldiv0                 
000031c1  pow                           
000031c1  powl                          
00003b81  initPins                      
00003ea3  SysTick_Init                  
00003ebf  delay_micro                   
00003ee3  delay_ms                      
00003f09  configRTC                     
00003fc5  SystemCoreClockUpdate         
0000423d  SystemInit                    
00004569  ADC14init                     
000045c5  getTemp                       
00004669  LCDbrightUpdate               
00004925  __aeabi_dsub                  
0000492f  __aeabi_dadd                  
00004add  sqrt                          
00004add  sqrtl                         
00004d71  initLCD                       
00004ddb  PulsEnablePin                 
00004e0f  pushNib                       
00004e37  pushByt                       
00004e6f  comWrit                       
00004e89  dataWrit                      
00004ea9  __aeabi_ddiv                  
00005101  ldexp                         
00005101  ldexpl                        
00005101  scalbn                        
00005101  scalbnl                       
00005211  __aeabi_dmul                  
000053bf  __aeabi_memcpy                
000053bf  __aeabi_memcpy4               
000053bf  __aeabi_memcpy8               
000053bf  memcpy                        
0000545b  __aeabi_uldivmod              
000054f1  __aeabi_cdcmpeq               
000054f1  __aeabi_cdcmple               
00005577  __aeabi_cdrcmple              
000055fd  __aeabi_memclr                
000055fd  __aeabi_memclr4               
000055fd  __aeabi_memclr8               
000055ff  __aeabi_memset                
000055ff  __aeabi_memset4               
000055ff  __aeabi_memset8               
00005605  memset                        
000056e5  __aeabi_d2f                   
00005753  __TI_decompress_lzss          
000057bd  frexp                         
000057bd  frexpl                        
00005877  ltoa                          
0000591d  atoi                          
00005969  __aeabi_d2iz                  
000059b1  __TI_auto_init_nobinit_nopinit
000059f5  beep                          
00005a39  sprintf                       
00005ab9  _c_int00_noargs               
00005af1  __aeabi_f2d                   
00005b29  __aeabi_i2d                   
00005b57  __aeabi_ui2d                  
00005b77  memccpy                       
00005bab  strcmp                        
00005bc3  strchr                        
00005bd9  copysign                      
00005bd9  copysignl                     
00005bed  strlen                        
00005c01  __TI_zero_init_nomemset       
00005c13  wcslen                        
00005c25  __TI_decompress_none          
00005c33  Reset_Handler                 
00005c3f  ADC14_IRQHandler              
00005c3f  AES256_IRQHandler             
00005c3f  BusFault_Handler              
00005c3f  COMP_E0_IRQHandler            
00005c3f  COMP_E1_IRQHandler            
00005c3f  CS_IRQHandler                 
00005c3f  DMA_ERR_IRQHandler            
00005c3f  DMA_INT0_IRQHandler           
00005c3f  DMA_INT1_IRQHandler           
00005c3f  DMA_INT2_IRQHandler           
00005c3f  DMA_INT3_IRQHandler           
00005c3f  DebugMon_Handler              
00005c3f  Default_Handler               
00005c3f  EUSCIA1_IRQHandler            
00005c3f  EUSCIA2_IRQHandler            
00005c3f  EUSCIA3_IRQHandler            
00005c3f  EUSCIB0_IRQHandler            
00005c3f  EUSCIB1_IRQHandler            
00005c3f  EUSCIB2_IRQHandler            
00005c3f  EUSCIB3_IRQHandler            
00005c3f  FLCTL_IRQHandler              
00005c3f  FPU_IRQHandler                
00005c3f  HardFault_Handler             
00005c3f  MemManage_Handler             
00005c3f  NMI_Handler                   
00005c3f  PCM_IRQHandler                
00005c3f  PORT2_IRQHandler              
00005c3f  PORT3_IRQHandler              
00005c3f  PORT4_IRQHandler              
00005c3f  PORT5_IRQHandler              
00005c3f  PORT6_IRQHandler              
00005c3f  PSS_IRQHandler                
00005c3f  PendSV_Handler                
00005c3f  SVC_Handler                   
00005c3f  SysTick_Handler               
00005c3f  T32_INT1_IRQHandler           
00005c3f  T32_INT2_IRQHandler           
00005c3f  T32_INTC_IRQHandler           
00005c3f  TA0_0_IRQHandler              
00005c3f  TA0_N_IRQHandler              
00005c3f  TA1_0_IRQHandler              
00005c3f  TA1_N_IRQHandler              
00005c3f  TA2_0_IRQHandler              
00005c3f  TA2_N_IRQHandler              
00005c3f  TA3_0_IRQHandler              
00005c3f  TA3_N_IRQHandler              
00005c3f  UsageFault_Handler            
00005c3f  WDT_A_IRQHandler              
00005c4d  __aeabi_errno_addr            
00005c55  _system_pre_init              
00005c59  C$$EXIT                       
00005c59  abort                         
00005c60  _ctypes_                      
00005de0  __TI_Handler_Table_Base       
00005dec  __TI_Handler_Table_Limit      
00005df8  __TI_CINIT_Base               
00005e08  __TI_CINIT_Limit              
20000000  INPUT_BUFFER                  
20000064  terminal                      
200000c8  TempS                         
200000d0  bright                        
200000d4  now                           
200000d7  set                           
200000da  alarm                         
200000dc  snooz                         
200000de  state                         
200000e0  storage_location              
200000e1  read_location                 
200000e4  AmPmFlag                      
200000e8  SerialCom                     
200000ec  RTCFlag                       
200000f0  degreeFlag                    
200000f4  setTimeFlag                   
200000f8  setAlarmFlag                  
200000fc  alarmFlag                     
20000100  blinkFlag                     
20000104  alarmGoFlag                   
20000108  snoozFlag                     
2000010c  MinSecFlag                    
20000110  validFlag                     
20000114  rAvalidFlag                   
20000118  rTvalidFlag                   
2000011c  sAvalidFlag                   
20000120  sTvalidFlag                   
20000124  counter                       
20000128  i                             
2000012c  MaxBright                     
20000130  timeDisp                      
2000013b  readA                         
20000145  readT                         
2000014e  Snooz                         
20000154  errno                         
20000158  SystemCoreClock               
2000015c  Off                           
2000015f  On                            
20000162  Blink                         
2000fe00  __stack                       
20010000  __STACK_END                   
4000480c  WDTCTL_SYM                    
ffffffff  __TI_pprof_out_hndl           
ffffffff  __TI_prof_data_size           
ffffffff  __TI_prof_data_start          
ffffffff  __binit__                     
ffffffff  __c_args__                    
ffffffff  binit                         
UNDEFED   __mpu_init                    
UNDEFED   _system_post_cinit            

[202 symbols]
