<?xml version="1.0" encoding="ISO-8859-1" ?>
<link_info>
   <banner>TI ARM Linker PC v18.1.3.LTS</banner>
   <copyright>Copyright (c) 1996-2017 Texas Instruments Incorporated</copyright>
   <link_time>0x5c09ab19</link_time>
   <link_errors>0x0</link_errors>
   <output_file>FinalProjectF_2020.out</output_file>
   <entry_point>
      <name>_c_int00_noargs</name>
      <address>0x5ab9</address>
   </entry_point>
   <input_file_list>
      <input_file id="fl-2">
         <path>.\</path>
         <kind>object</kind>
         <file>Project_Main.obj</file>
         <name>Project_Main.obj</name>
      </input_file>
      <input_file id="fl-3">
         <path>.\</path>
         <kind>object</kind>
         <file>lcd.obj</file>
         <name>lcd.obj</name>
      </input_file>
      <input_file id="fl-4">
         <path>.\</path>
         <kind>object</kind>
         <file>promain.obj</file>
         <name>promain.obj</name>
      </input_file>
      <input_file id="fl-5">
         <path>.\</path>
         <kind>object</kind>
         <file>speaker.obj</file>
         <name>speaker.obj</name>
      </input_file>
      <input_file id="fl-6">
         <path>.\</path>
         <kind>object</kind>
         <file>startup_msp432p401r_ccs.obj</file>
         <name>startup_msp432p401r_ccs.obj</name>
      </input_file>
      <input_file id="fl-7">
         <path>.\</path>
         <kind>object</kind>
         <file>system_msp432p401r.obj</file>
         <name>system_msp432p401r.obj</name>
      </input_file>
      <input_file id="fl-8">
         <path>.\</path>
         <kind>object</kind>
         <file>temp.obj</file>
         <name>temp.obj</name>
      </input_file>
      <input_file id="fl-c">
         <kind>object</kind>
         <file>&lt;internal&gt;</file>
         <name>&lt;internal&gt;</name>
      </input_file>
      <input_file id="fl-c2">
         <path>C:\ti\ccs810\ccsv8\tools\compiler\ti-cgt-arm_18.1.3.LTS\lib\</path>
         <kind>archive</kind>
         <file>rtsv7M4_T_le_v4SPD16_eabi.lib</file>
         <name>e_pow.c.obj</name>
      </input_file>
      <input_file id="fl-c3">
         <path>C:\ti\ccs810\ccsv8\tools\compiler\ti-cgt-arm_18.1.3.LTS\lib\</path>
         <kind>archive</kind>
         <file>rtsv7M4_T_le_v4SPD16_eabi.lib</file>
         <name>e_sqrt.c.obj</name>
      </input_file>
      <input_file id="fl-c4">
         <path>C:\ti\ccs810\ccsv8\tools\compiler\ti-cgt-arm_18.1.3.LTS\lib\</path>
         <kind>archive</kind>
         <file>rtsv7M4_T_le_v4SPD16_eabi.lib</file>
         <name>s_scalbn.c.obj</name>
      </input_file>
      <input_file id="fl-c5">
         <path>C:\ti\ccs810\ccsv8\tools\compiler\ti-cgt-arm_18.1.3.LTS\lib\</path>
         <kind>archive</kind>
         <file>rtsv7M4_T_le_v4SPD16_eabi.lib</file>
         <name>s_copysign.c.obj</name>
      </input_file>
      <input_file id="fl-c6">
         <path>C:\ti\ccs810\ccsv8\tools\compiler\ti-cgt-arm_18.1.3.LTS\lib\</path>
         <kind>archive</kind>
         <file>rtsv7M4_T_le_v4SPD16_eabi.lib</file>
         <name>fd_add_t2.asm.obj</name>
      </input_file>
      <input_file id="fl-c7">
         <path>C:\ti\ccs810\ccsv8\tools\compiler\ti-cgt-arm_18.1.3.LTS\lib\</path>
         <kind>archive</kind>
         <file>rtsv7M4_T_le_v4SPD16_eabi.lib</file>
         <name>fd_cmp_t2.asm.obj</name>
      </input_file>
      <input_file id="fl-c8">
         <path>C:\ti\ccs810\ccsv8\tools\compiler\ti-cgt-arm_18.1.3.LTS\lib\</path>
         <kind>archive</kind>
         <file>rtsv7M4_T_le_v4SPD16_eabi.lib</file>
         <name>fd_div_t2.asm.obj</name>
      </input_file>
      <input_file id="fl-c9">
         <path>C:\ti\ccs810\ccsv8\tools\compiler\ti-cgt-arm_18.1.3.LTS\lib\</path>
         <kind>archive</kind>
         <file>rtsv7M4_T_le_v4SPD16_eabi.lib</file>
         <name>fd_mul_t2.asm.obj</name>
      </input_file>
      <input_file id="fl-ca">
         <path>C:\ti\ccs810\ccsv8\tools\compiler\ti-cgt-arm_18.1.3.LTS\lib\</path>
         <kind>archive</kind>
         <file>rtsv7M4_T_le_v4SPD16_eabi.lib</file>
         <name>fd_toi_t2.asm.obj</name>
      </input_file>
      <input_file id="fl-cb">
         <path>C:\ti\ccs810\ccsv8\tools\compiler\ti-cgt-arm_18.1.3.LTS\lib\</path>
         <kind>archive</kind>
         <file>rtsv7M4_T_le_v4SPD16_eabi.lib</file>
         <name>fd_tos_t2.asm.obj</name>
      </input_file>
      <input_file id="fl-cc">
         <path>C:\ti\ccs810\ccsv8\tools\compiler\ti-cgt-arm_18.1.3.LTS\lib\</path>
         <kind>archive</kind>
         <file>rtsv7M4_T_le_v4SPD16_eabi.lib</file>
         <name>fs_tod_t2.asm.obj</name>
      </input_file>
      <input_file id="fl-cd">
         <path>C:\ti\ccs810\ccsv8\tools\compiler\ti-cgt-arm_18.1.3.LTS\lib\</path>
         <kind>archive</kind>
         <file>rtsv7M4_T_le_v4SPD16_eabi.lib</file>
         <name>i_tofd_t2.asm.obj</name>
      </input_file>
      <input_file id="fl-ce">
         <path>C:\ti\ccs810\ccsv8\tools\compiler\ti-cgt-arm_18.1.3.LTS\lib\</path>
         <kind>archive</kind>
         <file>rtsv7M4_T_le_v4SPD16_eabi.lib</file>
         <name>u_tofd_t2.asm.obj</name>
      </input_file>
      <input_file id="fl-cf">
         <path>C:\ti\ccs810\ccsv8\tools\compiler\ti-cgt-arm_18.1.3.LTS\lib\</path>
         <kind>archive</kind>
         <file>rtsv7M4_T_le_v4SPD16_eabi.lib</file>
         <name>copy_zero_init.c.obj</name>
      </input_file>
      <input_file id="fl-d0">
         <path>C:\ti\ccs810\ccsv8\tools\compiler\ti-cgt-arm_18.1.3.LTS\lib\</path>
         <kind>archive</kind>
         <file>rtsv7M4_T_le_v4SPD16_eabi.lib</file>
         <name>copy_decompress_none.c.obj</name>
      </input_file>
      <input_file id="fl-d1">
         <path>C:\ti\ccs810\ccsv8\tools\compiler\ti-cgt-arm_18.1.3.LTS\lib\</path>
         <kind>archive</kind>
         <file>rtsv7M4_T_le_v4SPD16_eabi.lib</file>
         <name>copy_decompress_lzss.c.obj</name>
      </input_file>
      <input_file id="fl-d2">
         <path>C:\ti\ccs810\ccsv8\tools\compiler\ti-cgt-arm_18.1.3.LTS\lib\</path>
         <kind>archive</kind>
         <file>rtsv7M4_T_le_v4SPD16_eabi.lib</file>
         <name>sprintf.c.obj</name>
      </input_file>
      <input_file id="fl-d3">
         <path>C:\ti\ccs810\ccsv8\tools\compiler\ti-cgt-arm_18.1.3.LTS\lib\</path>
         <kind>archive</kind>
         <file>rtsv7M4_T_le_v4SPD16_eabi.lib</file>
         <name>strcmp.c.obj</name>
      </input_file>
      <input_file id="fl-d4">
         <path>C:\ti\ccs810\ccsv8\tools\compiler\ti-cgt-arm_18.1.3.LTS\lib\</path>
         <kind>archive</kind>
         <file>rtsv7M4_T_le_v4SPD16_eabi.lib</file>
         <name>strlen.c.obj</name>
      </input_file>
      <input_file id="fl-d5">
         <path>C:\ti\ccs810\ccsv8\tools\compiler\ti-cgt-arm_18.1.3.LTS\lib\</path>
         <kind>archive</kind>
         <file>rtsv7M4_T_le_v4SPD16_eabi.lib</file>
         <name>errno.c.obj</name>
      </input_file>
      <input_file id="fl-d6">
         <path>C:\ti\ccs810\ccsv8\tools\compiler\ti-cgt-arm_18.1.3.LTS\lib\</path>
         <kind>archive</kind>
         <file>rtsv7M4_T_le_v4SPD16_eabi.lib</file>
         <name>boot_cortex_m.c.obj</name>
      </input_file>
      <input_file id="fl-d7">
         <path>C:\ti\ccs810\ccsv8\tools\compiler\ti-cgt-arm_18.1.3.LTS\lib\</path>
         <kind>archive</kind>
         <file>rtsv7M4_T_le_v4SPD16_eabi.lib</file>
         <name>memset_t2.asm.obj</name>
      </input_file>
      <input_file id="fl-d8">
         <path>C:\ti\ccs810\ccsv8\tools\compiler\ti-cgt-arm_18.1.3.LTS\lib\</path>
         <kind>archive</kind>
         <file>rtsv7M4_T_le_v4SPD16_eabi.lib</file>
         <name>memcpy_t2.asm.obj</name>
      </input_file>
      <input_file id="fl-d9">
         <path>C:\ti\ccs810\ccsv8\tools\compiler\ti-cgt-arm_18.1.3.LTS\lib\</path>
         <kind>archive</kind>
         <file>rtsv7M4_T_le_v4SPD16_eabi.lib</file>
         <name>autoinit.c.obj</name>
      </input_file>
      <input_file id="fl-da">
         <path>C:\ti\ccs810\ccsv8\tools\compiler\ti-cgt-arm_18.1.3.LTS\lib\</path>
         <kind>archive</kind>
         <file>rtsv7M4_T_le_v4SPD16_eabi.lib</file>
         <name>pre_init.c.obj</name>
      </input_file>
      <input_file id="fl-db">
         <path>C:\ti\ccs810\ccsv8\tools\compiler\ti-cgt-arm_18.1.3.LTS\lib\</path>
         <kind>archive</kind>
         <file>rtsv7M4_T_le_v4SPD16_eabi.lib</file>
         <name>cpy_tbl.c.obj</name>
      </input_file>
      <input_file id="fl-dc">
         <path>C:\ti\ccs810\ccsv8\tools\compiler\ti-cgt-arm_18.1.3.LTS\lib\</path>
         <kind>archive</kind>
         <file>rtsv7M4_T_le_v4SPD16_eabi.lib</file>
         <name>exit.c.obj</name>
      </input_file>
      <input_file id="fl-dd">
         <path>C:\ti\ccs810\ccsv8\tools\compiler\ti-cgt-arm_18.1.3.LTS\lib\</path>
         <kind>archive</kind>
         <file>rtsv7M4_T_le_v4SPD16_eabi.lib</file>
         <name>_lock.c.obj</name>
      </input_file>
      <input_file id="fl-de">
         <path>C:\ti\ccs810\ccsv8\tools\compiler\ti-cgt-arm_18.1.3.LTS\lib\</path>
         <kind>archive</kind>
         <file>rtsv7M4_T_le_v4SPD16_eabi.lib</file>
         <name>_printfi.c.obj</name>
      </input_file>
      <input_file id="fl-df">
         <path>C:\ti\ccs810\ccsv8\tools\compiler\ti-cgt-arm_18.1.3.LTS\lib\</path>
         <kind>archive</kind>
         <file>rtsv7M4_T_le_v4SPD16_eabi.lib</file>
         <name>args_main.c.obj</name>
      </input_file>
      <input_file id="fl-e0">
         <path>C:\ti\ccs810\ccsv8\tools\compiler\ti-cgt-arm_18.1.3.LTS\lib\</path>
         <kind>archive</kind>
         <file>rtsv7M4_T_le_v4SPD16_eabi.lib</file>
         <name>atoi.c.obj</name>
      </input_file>
      <input_file id="fl-e1">
         <path>C:\ti\ccs810\ccsv8\tools\compiler\ti-cgt-arm_18.1.3.LTS\lib\</path>
         <kind>archive</kind>
         <file>rtsv7M4_T_le_v4SPD16_eabi.lib</file>
         <name>ctype.c.obj</name>
      </input_file>
      <input_file id="fl-e2">
         <path>C:\ti\ccs810\ccsv8\tools\compiler\ti-cgt-arm_18.1.3.LTS\lib\</path>
         <kind>archive</kind>
         <file>rtsv7M4_T_le_v4SPD16_eabi.lib</file>
         <name>ltoa.c.obj</name>
      </input_file>
      <input_file id="fl-e3">
         <path>C:\ti\ccs810\ccsv8\tools\compiler\ti-cgt-arm_18.1.3.LTS\lib\</path>
         <kind>archive</kind>
         <file>rtsv7M4_T_le_v4SPD16_eabi.lib</file>
         <name>memccpy.c.obj</name>
      </input_file>
      <input_file id="fl-e4">
         <path>C:\ti\ccs810\ccsv8\tools\compiler\ti-cgt-arm_18.1.3.LTS\lib\</path>
         <kind>archive</kind>
         <file>rtsv7M4_T_le_v4SPD16_eabi.lib</file>
         <name>strchr.c.obj</name>
      </input_file>
      <input_file id="fl-e5">
         <path>C:\ti\ccs810\ccsv8\tools\compiler\ti-cgt-arm_18.1.3.LTS\lib\</path>
         <kind>archive</kind>
         <file>rtsv7M4_T_le_v4SPD16_eabi.lib</file>
         <name>s_frexp.c.obj</name>
      </input_file>
      <input_file id="fl-e6">
         <path>C:\ti\ccs810\ccsv8\tools\compiler\ti-cgt-arm_18.1.3.LTS\lib\</path>
         <kind>archive</kind>
         <file>rtsv7M4_T_le_v4SPD16_eabi.lib</file>
         <name>wcslen.c.obj</name>
      </input_file>
      <input_file id="fl-e7">
         <path>C:\ti\ccs810\ccsv8\tools\compiler\ti-cgt-arm_18.1.3.LTS\lib\</path>
         <kind>archive</kind>
         <file>rtsv7M4_T_le_v4SPD16_eabi.lib</file>
         <name>ull_div_t2.asm.obj</name>
      </input_file>
      <input_file id="fl-e8">
         <path>C:\ti\ccs810\ccsv8\tools\compiler\ti-cgt-arm_18.1.3.LTS\lib\</path>
         <kind>archive</kind>
         <file>rtsv7M4_T_le_v4SPD16_eabi.lib</file>
         <name>div0.asm.obj</name>
      </input_file>
   </input_file_list>
   <object_component_list>
      <object_component id="oc-23">
         <name>.intvecs:retain</name>
         <load_address>0x0</load_address>
         <run_address>0x0</run_address>
         <size>0xe4</size>
         <input_file_ref idref="fl-6"/>
      </object_component>
      <object_component id="oc-6a">
         <name>.text</name>
         <load_address>0xe4</load_address>
         <run_address>0xe4</run_address>
         <size>0x267c</size>
         <input_file_ref idref="fl-2"/>
      </object_component>
      <object_component id="oc-1b2">
         <name>.text:__TI_printfi</name>
         <load_address>0x2760</load_address>
         <run_address>0x2760</run_address>
         <size>0xa5e</size>
         <input_file_ref idref="fl-de"/>
      </object_component>
      <object_component id="oc-321">
         <name>.text</name>
         <load_address>0x31be</load_address>
         <run_address>0x31be</run_address>
         <size>0x2</size>
         <input_file_ref idref="fl-e8"/>
      </object_component>
      <object_component id="oc-178">
         <name>.text:pow</name>
         <load_address>0x31c0</load_address>
         <run_address>0x31c0</run_address>
         <size>0x9c0</size>
         <input_file_ref idref="fl-c2"/>
      </object_component>
      <object_component id="oc-a9">
         <name>.text</name>
         <load_address>0x3b80</load_address>
         <run_address>0x3b80</run_address>
         <size>0x444</size>
         <input_file_ref idref="fl-4"/>
      </object_component>
      <object_component id="oc-a2">
         <name>.text</name>
         <load_address>0x3fc4</load_address>
         <run_address>0x3fc4</run_address>
         <size>0x334</size>
         <input_file_ref idref="fl-7"/>
      </object_component>
      <object_component id="oc-247">
         <name>.text:_pconv_a</name>
         <load_address>0x42f8</load_address>
         <run_address>0x42f8</run_address>
         <size>0x270</size>
         <input_file_ref idref="fl-de"/>
      </object_component>
      <object_component id="oc-af">
         <name>.text</name>
         <load_address>0x4568</load_address>
         <run_address>0x4568</run_address>
         <size>0x1ec</size>
         <input_file_ref idref="fl-8"/>
      </object_component>
      <object_component id="oc-235">
         <name>.text:_pconv_g</name>
         <load_address>0x4754</load_address>
         <run_address>0x4754</run_address>
         <size>0x1d0</size>
         <input_file_ref idref="fl-de"/>
      </object_component>
      <object_component id="oc-e6">
         <name>.text</name>
         <load_address>0x4924</load_address>
         <run_address>0x4924</run_address>
         <size>0x1b6</size>
         <input_file_ref idref="fl-c6"/>
      </object_component>
      <object_component id="oc-1f9">
         <name>.text:sqrt</name>
         <load_address>0x4adc</load_address>
         <run_address>0x4adc</run_address>
         <size>0x158</size>
         <input_file_ref idref="fl-c3"/>
      </object_component>
      <object_component id="oc-241">
         <name>.text:_pconv_e</name>
         <load_address>0x4c34</load_address>
         <run_address>0x4c34</run_address>
         <size>0x13c</size>
         <input_file_ref idref="fl-de"/>
      </object_component>
      <object_component id="oc-b5">
         <name>.text</name>
         <load_address>0x4d70</load_address>
         <run_address>0x4d70</run_address>
         <size>0x138</size>
         <input_file_ref idref="fl-3"/>
      </object_component>
      <object_component id="oc-17e">
         <name>.text</name>
         <load_address>0x4ea8</load_address>
         <run_address>0x4ea8</run_address>
         <size>0x136</size>
         <input_file_ref idref="fl-c8"/>
      </object_component>
      <object_component id="oc-2ca">
         <name>.text:fcvt</name>
         <load_address>0x4fe0</load_address>
         <run_address>0x4fe0</run_address>
         <size>0x120</size>
         <input_file_ref idref="fl-de"/>
      </object_component>
      <object_component id="oc-217">
         <name>.text:scalbn</name>
         <load_address>0x5100</load_address>
         <run_address>0x5100</run_address>
         <size>0x110</size>
         <input_file_ref idref="fl-c4"/>
      </object_component>
      <object_component id="oc-e1">
         <name>.text</name>
         <load_address>0x5210</load_address>
         <run_address>0x5210</run_address>
         <size>0xfc</size>
         <input_file_ref idref="fl-c9"/>
      </object_component>
      <object_component id="oc-22f">
         <name>.text:_ltostr</name>
         <load_address>0x530c</load_address>
         <run_address>0x530c</run_address>
         <size>0xb1</size>
         <input_file_ref idref="fl-de"/>
      </object_component>
      <object_component id="oc-34">
         <name>.text</name>
         <load_address>0x53be</load_address>
         <run_address>0x53be</run_address>
         <size>0x9c</size>
         <input_file_ref idref="fl-d8"/>
      </object_component>
      <object_component id="oc-2b1">
         <name>.text</name>
         <load_address>0x545a</load_address>
         <run_address>0x545a</run_address>
         <size>0x96</size>
         <input_file_ref idref="fl-e7"/>
      </object_component>
      <object_component id="oc-20d">
         <name>.text:__aeabi_cdcmple</name>
         <load_address>0x54f0</load_address>
         <run_address>0x54f0</run_address>
         <size>0x86</size>
         <input_file_ref idref="fl-c7"/>
      </object_component>
      <object_component id="oc-212">
         <name>.text:__aeabi_cdrcmple</name>
         <load_address>0x5576</load_address>
         <run_address>0x5576</run_address>
         <size>0x86</size>
         <input_file_ref idref="fl-c7"/>
      </object_component>
      <object_component id="oc-8a">
         <name>.text</name>
         <load_address>0x55fc</load_address>
         <run_address>0x55fc</run_address>
         <size>0x7a</size>
         <input_file_ref idref="fl-d7"/>
      </object_component>
      <object_component id="oc-2c3">
         <name>.text:_mcpy</name>
         <load_address>0x5676</load_address>
         <run_address>0x5676</run_address>
         <size>0x6e</size>
         <input_file_ref idref="fl-de"/>
      </object_component>
      <object_component id="oc-eb">
         <name>.text</name>
         <load_address>0x56e4</load_address>
         <run_address>0x56e4</run_address>
         <size>0x6e</size>
         <input_file_ref idref="fl-cb"/>
      </object_component>
      <object_component id="oc-14">
         <name>.text:decompress:lzss:__TI_decompress_lzss</name>
         <load_address>0x5752</load_address>
         <run_address>0x5752</run_address>
         <size>0x68</size>
         <input_file_ref idref="fl-d1"/>
      </object_component>
      <object_component id="oc-2d8">
         <name>.text:frexp</name>
         <load_address>0x57bc</load_address>
         <run_address>0x57bc</run_address>
         <size>0x64</size>
         <input_file_ref idref="fl-e5"/>
      </object_component>
      <object_component id="oc-23b">
         <name>.text:_pconv_f</name>
         <load_address>0x5820</load_address>
         <run_address>0x5820</run_address>
         <size>0x56</size>
         <input_file_ref idref="fl-de"/>
      </object_component>
      <object_component id="oc-2b7">
         <name>.text:ltoa</name>
         <load_address>0x5876</load_address>
         <run_address>0x5876</run_address>
         <size>0x54</size>
         <input_file_ref idref="fl-e2"/>
      </object_component>
      <object_component id="oc-2bd">
         <name>.text:_ecpy</name>
         <load_address>0x58ca</load_address>
         <run_address>0x58ca</run_address>
         <size>0x52</size>
         <input_file_ref idref="fl-de"/>
      </object_component>
      <object_component id="oc-229">
         <name>.text:atoi</name>
         <load_address>0x591c</load_address>
         <run_address>0x591c</run_address>
         <size>0x4c</size>
         <input_file_ref idref="fl-e0"/>
      </object_component>
      <object_component id="oc-183">
         <name>.text</name>
         <load_address>0x5968</load_address>
         <run_address>0x5968</run_address>
         <size>0x48</size>
         <input_file_ref idref="fl-ca"/>
      </object_component>
      <object_component id="oc-137">
         <name>.text:__TI_auto_init_nobinit_nopinit:__TI_auto_init_nobinit_nopinit</name>
         <load_address>0x59b0</load_address>
         <run_address>0x59b0</run_address>
         <size>0x44</size>
         <input_file_ref idref="fl-d9"/>
      </object_component>
      <object_component id="oc-bb">
         <name>.text</name>
         <load_address>0x59f4</load_address>
         <run_address>0x59f4</run_address>
         <size>0x44</size>
         <input_file_ref idref="fl-5"/>
      </object_component>
      <object_component id="oc-fb">
         <name>.text:sprintf</name>
         <load_address>0x5a38</load_address>
         <run_address>0x5a38</run_address>
         <size>0x40</size>
         <input_file_ref idref="fl-d2"/>
      </object_component>
      <object_component id="oc-2d0">
         <name>.text:_fcpy</name>
         <load_address>0x5a78</load_address>
         <run_address>0x5a78</run_address>
         <size>0x3e</size>
         <input_file_ref idref="fl-de"/>
      </object_component>
      <object_component id="oc-52">
         <name>.text:_c_int00_noargs:_c_int00_noargs</name>
         <load_address>0x5ab8</load_address>
         <run_address>0x5ab8</run_address>
         <size>0x38</size>
         <input_file_ref idref="fl-d6"/>
      </object_component>
      <object_component id="oc-dc">
         <name>.text</name>
         <load_address>0x5af0</load_address>
         <run_address>0x5af0</run_address>
         <size>0x38</size>
         <input_file_ref idref="fl-cc"/>
      </object_component>
      <object_component id="oc-205">
         <name>.text</name>
         <load_address>0x5b28</load_address>
         <run_address>0x5b28</run_address>
         <size>0x2e</size>
         <input_file_ref idref="fl-cd"/>
      </object_component>
      <object_component id="oc-173">
         <name>.text</name>
         <load_address>0x5b56</load_address>
         <run_address>0x5b56</run_address>
         <size>0x20</size>
         <input_file_ref idref="fl-ce"/>
      </object_component>
      <object_component id="oc-24d">
         <name>.text:memccpy</name>
         <load_address>0x5b76</load_address>
         <run_address>0x5b76</run_address>
         <size>0x1c</size>
         <input_file_ref idref="fl-e3"/>
      </object_component>
      <object_component id="oc-1b8">
         <name>.text:_outs</name>
         <load_address>0x5b92</load_address>
         <run_address>0x5b92</run_address>
         <size>0x18</size>
         <input_file_ref idref="fl-d2"/>
      </object_component>
      <object_component id="oc-101">
         <name>.text:strcmp</name>
         <load_address>0x5baa</load_address>
         <run_address>0x5baa</run_address>
         <size>0x18</size>
         <input_file_ref idref="fl-d3"/>
      </object_component>
      <object_component id="oc-2de">
         <name>.text:strchr</name>
         <load_address>0x5bc2</load_address>
         <run_address>0x5bc2</run_address>
         <size>0x16</size>
         <input_file_ref idref="fl-e4"/>
      </object_component>
      <object_component id="oc-298">
         <name>.text:copysign</name>
         <load_address>0x5bd8</load_address>
         <run_address>0x5bd8</run_address>
         <size>0x14</size>
         <input_file_ref idref="fl-c5"/>
      </object_component>
      <object_component id="oc-f5">
         <name>.text:strlen</name>
         <load_address>0x5bec</load_address>
         <run_address>0x5bec</run_address>
         <size>0x14</size>
         <input_file_ref idref="fl-d4"/>
      </object_component>
      <object_component id="oc-40">
         <name>.text:decompress:ZI:__TI_zero_init_nomemset:__TI_zero_init_nomemset</name>
         <load_address>0x5c00</load_address>
         <run_address>0x5c00</run_address>
         <size>0x12</size>
         <input_file_ref idref="fl-cf"/>
      </object_component>
      <object_component id="oc-253">
         <name>.text:wcslen</name>
         <load_address>0x5c12</load_address>
         <run_address>0x5c12</run_address>
         <size>0x12</size>
         <input_file_ref idref="fl-e6"/>
      </object_component>
      <object_component id="oc-1a">
         <name>.text:decompress:none:__TI_decompress_none</name>
         <load_address>0x5c24</load_address>
         <run_address>0x5c24</run_address>
         <size>0xe</size>
         <input_file_ref idref="fl-d0"/>
      </object_component>
      <object_component id="oc-64">
         <name>.text</name>
         <load_address>0x5c32</load_address>
         <run_address>0x5c32</run_address>
         <size>0xe</size>
         <input_file_ref idref="fl-6"/>
      </object_component>
      <object_component id="oc-1be">
         <name>.text:_outc</name>
         <load_address>0x5c40</load_address>
         <run_address>0x5c40</run_address>
         <size>0xa</size>
         <input_file_ref idref="fl-d2"/>
      </object_component>
      <object_component id="oc-1ff">
         <name>.text:__aeabi_errno_addr</name>
         <load_address>0x5c4c</load_address>
         <run_address>0x5c4c</run_address>
         <size>0x8</size>
         <input_file_ref idref="fl-d5"/>
      </object_component>
      <object_component id="oc-90">
         <name>.text:_system_pre_init</name>
         <load_address>0x5c54</load_address>
         <run_address>0x5c54</run_address>
         <size>0x4</size>
         <input_file_ref idref="fl-da"/>
      </object_component>
      <object_component id="oc-12b">
         <name>.text:abort:abort</name>
         <load_address>0x5c58</load_address>
         <run_address>0x5c58</run_address>
         <size>0x4</size>
         <input_file_ref idref="fl-dc"/>
      </object_component>
      <object_component id="oc-2ac">
         <name>.const:.string:_ctypes_</name>
         <load_address>0x5c60</load_address>
         <run_address>0x5c60</run_address>
         <size>0x101</size>
         <input_file_ref idref="fl-e1"/>
      </object_component>
      <object_component id="oc-20a">
         <name>.const:$O1$$</name>
         <load_address>0x5d68</load_address>
         <run_address>0x5d68</run_address>
         <size>0x30</size>
         <input_file_ref idref="fl-c2"/>
      </object_component>
      <object_component id="oc-377">
         <name>.cinit..data.load</name>
         <load_address>0x5d98</load_address>
         <run_address>0x5d98</run_address>
         <size>0x45</size>
      </object_component>
      <object_component id="oc-375">
         <name>__TI_handler_table</name>
         <load_address>0x5de0</load_address>
         <run_address>0x5de0</run_address>
         <size>0xc</size>
      </object_component>
      <object_component id="oc-378">
         <name>.cinit..bss.load</name>
         <load_address>0x5df0</load_address>
         <run_address>0x5df0</run_address>
         <size>0x8</size>
      </object_component>
      <object_component id="oc-376">
         <name>__TI_cinit_table</name>
         <load_address>0x5df8</load_address>
         <run_address>0x5df8</run_address>
         <size>0x10</size>
      </object_component>
      <object_component id="oc-34a">
         <name>.binit</name>
         <load_address>0x0</load_address>
         <run_address>0x0</run_address>
         <size>0x0</size>
      </object_component>
      <object_component id="oc-ca">
         <name>.data</name>
         <load_address>0x200000e0</load_address>
         <run_address>0x200000e0</run_address>
         <size>0x50</size>
         <input_file_ref idref="fl-2"/>
      </object_component>
      <object_component id="oc-cd">
         <name>.data:timeDisp</name>
         <load_address>0x20000130</load_address>
         <run_address>0x20000130</run_address>
         <size>0xb</size>
         <input_file_ref idref="fl-2"/>
      </object_component>
      <object_component id="oc-d6">
         <name>.data:Snooz</name>
         <load_address>0x2000014e</load_address>
         <run_address>0x2000014e</run_address>
         <size>0x6</size>
         <input_file_ref idref="fl-2"/>
      </object_component>
      <object_component id="oc-d9">
         <name>.data:Blink</name>
         <load_address>0x20000162</load_address>
         <run_address>0x20000162</run_address>
         <size>0x2</size>
         <input_file_ref idref="fl-2"/>
      </object_component>
      <object_component id="oc-d3">
         <name>.data:On</name>
         <load_address>0x2000015f</load_address>
         <run_address>0x2000015f</run_address>
         <size>0x3</size>
         <input_file_ref idref="fl-2"/>
      </object_component>
      <object_component id="oc-d0">
         <name>.data:Off</name>
         <load_address>0x2000015c</load_address>
         <run_address>0x2000015c</run_address>
         <size>0x3</size>
         <input_file_ref idref="fl-2"/>
      </object_component>
      <object_component id="oc-10b">
         <name>.data:readA</name>
         <load_address>0x2000013b</load_address>
         <run_address>0x2000013b</run_address>
         <size>0xa</size>
         <input_file_ref idref="fl-2"/>
      </object_component>
      <object_component id="oc-108">
         <name>.data:readT</name>
         <load_address>0x20000145</load_address>
         <run_address>0x20000145</run_address>
         <size>0x9</size>
         <input_file_ref idref="fl-2"/>
      </object_component>
      <object_component id="oc-169">
         <name>.data</name>
         <load_address>0x20000158</load_address>
         <run_address>0x20000158</run_address>
         <size>0x4</size>
         <input_file_ref idref="fl-7"/>
      </object_component>
      <object_component id="oc-28e">
         <name>.data</name>
         <load_address>0x20000154</load_address>
         <run_address>0x20000154</run_address>
         <size>0x4</size>
         <input_file_ref idref="fl-d5"/>
      </object_component>
      <object_component id="oc-c1">
         <name>.common:INPUT_BUFFER</name>
         <uninitialized>true</uninitialized>
         <run_address>0x20000000</run_address>
         <size>0x64</size>
      </object_component>
      <object_component id="oc-f3">
         <name>.common:TempS</name>
         <uninitialized>true</uninitialized>
         <run_address>0x200000c8</run_address>
         <size>0x8</size>
      </object_component>
      <object_component id="oc-107">
         <name>.common:terminal</name>
         <uninitialized>true</uninitialized>
         <run_address>0x20000064</run_address>
         <size>0x64</size>
      </object_component>
      <object_component id="oc-f1">
         <name>.common:bright</name>
         <uninitialized>true</uninitialized>
         <run_address>0x200000d0</run_address>
         <size>0x4</size>
      </object_component>
      <object_component id="oc-c9">
         <name>.common:state</name>
         <uninitialized>true</uninitialized>
         <run_address>0x200000de</run_address>
         <size>0x1</size>
      </object_component>
      <object_component id="oc-f0">
         <name>.common:now</name>
         <uninitialized>true</uninitialized>
         <run_address>0x200000d4</run_address>
         <size>0x3</size>
      </object_component>
      <object_component id="oc-f4">
         <name>.common:set</name>
         <uninitialized>true</uninitialized>
         <run_address>0x200000d7</run_address>
         <size>0x3</size>
      </object_component>
      <object_component id="oc-c8">
         <name>.common:alarm</name>
         <uninitialized>true</uninitialized>
         <run_address>0x200000da</run_address>
         <size>0x2</size>
      </object_component>
      <object_component id="oc-f2">
         <name>.common:snooz</name>
         <uninitialized>true</uninitialized>
         <run_address>0x200000dc</run_address>
         <size>0x2</size>
      </object_component>
      <object_component id="oc-26">
         <name>.stack</name>
         <uninitialized>true</uninitialized>
         <run_address>0x2000fe00</run_address>
         <size>0x4</size>
         <input_file_ref idref="fl-d6"/>
      </object_component>
      <object_component id="oc-379">
         <name>.stack</name>
         <uninitialized>true</uninitialized>
         <run_address>0x2000fe00</run_address>
         <size>0x0</size>
      </object_component>
      <object_component id="oc-c2">
         <name>.debug_info</name>
         <load_address>0x0</load_address>
         <run_address>0x0</run_address>
         <size>0x8a9</size>
         <input_file_ref idref="fl-2"/>
      </object_component>
      <object_component id="oc-cb">
         <name>.debug_info</name>
         <load_address>0x8a9</load_address>
         <run_address>0x8a9</run_address>
         <size>0x3c9</size>
         <input_file_ref idref="fl-2"/>
      </object_component>
      <object_component id="oc-ce">
         <name>.debug_info</name>
         <load_address>0xc72</load_address>
         <run_address>0xc72</run_address>
         <size>0xed</size>
         <input_file_ref idref="fl-2"/>
      </object_component>
      <object_component id="oc-d7">
         <name>.debug_info</name>
         <load_address>0xd5f</load_address>
         <run_address>0xd5f</run_address>
         <size>0xe7</size>
         <input_file_ref idref="fl-2"/>
      </object_component>
      <object_component id="oc-da">
         <name>.debug_info</name>
         <load_address>0xe46</load_address>
         <run_address>0xe46</run_address>
         <size>0xe7</size>
         <input_file_ref idref="fl-2"/>
      </object_component>
      <object_component id="oc-d4">
         <name>.debug_info</name>
         <load_address>0xf2d</load_address>
         <run_address>0xf2d</run_address>
         <size>0xe1</size>
         <input_file_ref idref="fl-2"/>
      </object_component>
      <object_component id="oc-d1">
         <name>.debug_info</name>
         <load_address>0x100e</load_address>
         <run_address>0x100e</run_address>
         <size>0xe3</size>
         <input_file_ref idref="fl-2"/>
      </object_component>
      <object_component id="oc-10c">
         <name>.debug_info</name>
         <load_address>0x10f1</load_address>
         <run_address>0x10f1</run_address>
         <size>0xe7</size>
         <input_file_ref idref="fl-2"/>
      </object_component>
      <object_component id="oc-109">
         <name>.debug_info</name>
         <load_address>0x11d8</load_address>
         <run_address>0x11d8</run_address>
         <size>0xe7</size>
         <input_file_ref idref="fl-2"/>
      </object_component>
      <object_component id="oc-6b">
         <name>.debug_info</name>
         <load_address>0x12bf</load_address>
         <run_address>0x12bf</run_address>
         <size>0x17a0</size>
         <input_file_ref idref="fl-2"/>
      </object_component>
      <object_component id="oc-192">
         <name>.debug_info</name>
         <load_address>0x2a5f</load_address>
         <run_address>0x2a5f</run_address>
         <size>0x15c</size>
         <input_file_ref idref="fl-2"/>
      </object_component>
      <object_component id="oc-18d">
         <name>.debug_info</name>
         <load_address>0x2bbb</load_address>
         <run_address>0x2bbb</run_address>
         <size>0x1055</size>
         <input_file_ref idref="fl-2"/>
      </object_component>
      <object_component id="oc-10f">
         <name>.debug_info</name>
         <load_address>0x3c10</load_address>
         <run_address>0x3c10</run_address>
         <size>0x37e2</size>
         <input_file_ref idref="fl-2"/>
      </object_component>
      <object_component id="oc-116">
         <name>.debug_info</name>
         <load_address>0x73f2</load_address>
         <run_address>0x73f2</run_address>
         <size>0x26b</size>
         <input_file_ref idref="fl-2"/>
      </object_component>
      <object_component id="oc-2f">
         <name>.debug_info</name>
         <load_address>0x765d</load_address>
         <run_address>0x765d</run_address>
         <size>0x84</size>
         <input_file_ref idref="fl-2"/>
      </object_component>
      <object_component id="oc-1d1">
         <name>.debug_info</name>
         <load_address>0x76e1</load_address>
         <run_address>0x76e1</run_address>
         <size>0x297</size>
         <input_file_ref idref="fl-2"/>
      </object_component>
      <object_component id="oc-16d">
         <name>.debug_info</name>
         <load_address>0x7978</load_address>
         <run_address>0x7978</run_address>
         <size>0xbb</size>
         <input_file_ref idref="fl-2"/>
      </object_component>
      <object_component id="oc-197">
         <name>.debug_info</name>
         <load_address>0x7a33</load_address>
         <run_address>0x7a33</run_address>
         <size>0xcc</size>
         <input_file_ref idref="fl-2"/>
      </object_component>
      <object_component id="oc-1c6">
         <name>.debug_info</name>
         <load_address>0x7aff</load_address>
         <run_address>0x7aff</run_address>
         <size>0x2c</size>
         <input_file_ref idref="fl-2"/>
      </object_component>
      <object_component id="oc-b6">
         <name>.debug_info</name>
         <load_address>0x7b2b</load_address>
         <run_address>0x7b2b</run_address>
         <size>0x480</size>
         <input_file_ref idref="fl-3"/>
      </object_component>
      <object_component id="oc-c4">
         <name>.debug_info</name>
         <load_address>0x7fab</load_address>
         <run_address>0x7fab</run_address>
         <size>0x5aa</size>
         <input_file_ref idref="fl-4"/>
      </object_component>
      <object_component id="oc-aa">
         <name>.debug_info</name>
         <load_address>0x8555</load_address>
         <run_address>0x8555</run_address>
         <size>0x286</size>
         <input_file_ref idref="fl-4"/>
      </object_component>
      <object_component id="oc-c6">
         <name>.debug_info</name>
         <load_address>0x87db</load_address>
         <run_address>0x87db</run_address>
         <size>0x5cc</size>
         <input_file_ref idref="fl-5"/>
      </object_component>
      <object_component id="oc-bc">
         <name>.debug_info</name>
         <load_address>0x8da7</load_address>
         <run_address>0x8da7</run_address>
         <size>0x13d</size>
         <input_file_ref idref="fl-5"/>
      </object_component>
      <object_component id="oc-72">
         <name>.debug_info</name>
         <load_address>0x8ee4</load_address>
         <run_address>0x8ee4</run_address>
         <size>0x2dc</size>
         <input_file_ref idref="fl-6"/>
      </object_component>
      <object_component id="oc-24">
         <name>.debug_info</name>
         <load_address>0x91c0</load_address>
         <run_address>0x91c0</run_address>
         <size>0x108</size>
         <input_file_ref idref="fl-6"/>
      </object_component>
      <object_component id="oc-66">
         <name>.debug_info</name>
         <load_address>0x92c8</load_address>
         <run_address>0x92c8</run_address>
         <size>0x1cf</size>
         <input_file_ref idref="fl-6"/>
      </object_component>
      <object_component id="oc-16a">
         <name>.debug_info</name>
         <load_address>0x9497</load_address>
         <run_address>0x9497</run_address>
         <size>0x101</size>
         <input_file_ref idref="fl-7"/>
      </object_component>
      <object_component id="oc-a4">
         <name>.debug_info</name>
         <load_address>0x9598</load_address>
         <run_address>0x9598</run_address>
         <size>0x273</size>
         <input_file_ref idref="fl-7"/>
      </object_component>
      <object_component id="oc-b0">
         <name>.debug_info</name>
         <load_address>0x980b</load_address>
         <run_address>0x980b</run_address>
         <size>0x397</size>
         <input_file_ref idref="fl-8"/>
      </object_component>
      <object_component id="oc-223">
         <name>.debug_info</name>
         <load_address>0x9ba2</load_address>
         <run_address>0x9ba2</run_address>
         <size>0x358</size>
         <input_file_ref idref="fl-c2"/>
      </object_component>
      <object_component id="oc-20b">
         <name>.debug_info</name>
         <load_address>0x9efa</load_address>
         <run_address>0x9efa</run_address>
         <size>0x11d</size>
         <input_file_ref idref="fl-c2"/>
      </object_component>
      <object_component id="oc-179">
         <name>.debug_info</name>
         <load_address>0xa017</load_address>
         <run_address>0xa017</run_address>
         <size>0xbd9</size>
         <input_file_ref idref="fl-c2"/>
      </object_component>
      <object_component id="oc-2a5">
         <name>.debug_info</name>
         <load_address>0xabf0</load_address>
         <run_address>0xabf0</run_address>
         <size>0x46</size>
         <input_file_ref idref="fl-c2"/>
      </object_component>
      <object_component id="oc-21e">
         <name>.debug_info</name>
         <load_address>0xac36</load_address>
         <run_address>0xac36</run_address>
         <size>0x39</size>
         <input_file_ref idref="fl-c2"/>
      </object_component>
      <object_component id="oc-28d">
         <name>.debug_info</name>
         <load_address>0xac6f</load_address>
         <run_address>0xac6f</run_address>
         <size>0x2bf</size>
         <input_file_ref idref="fl-c3"/>
      </object_component>
      <object_component id="oc-1fa">
         <name>.debug_info</name>
         <load_address>0xaf2e</load_address>
         <run_address>0xaf2e</run_address>
         <size>0x242</size>
         <input_file_ref idref="fl-c3"/>
      </object_component>
      <object_component id="oc-29f">
         <name>.debug_info</name>
         <load_address>0xb170</load_address>
         <run_address>0xb170</run_address>
         <size>0x2f2</size>
         <input_file_ref idref="fl-c4"/>
      </object_component>
      <object_component id="oc-218">
         <name>.debug_info</name>
         <load_address>0xb462</load_address>
         <run_address>0xb462</run_address>
         <size>0x21a</size>
         <input_file_ref idref="fl-c4"/>
      </object_component>
      <object_component id="oc-317">
         <name>.debug_info</name>
         <load_address>0xb67c</load_address>
         <run_address>0xb67c</run_address>
         <size>0x39</size>
         <input_file_ref idref="fl-c4"/>
      </object_component>
      <object_component id="oc-2a0">
         <name>.debug_info</name>
         <load_address>0xb6b5</load_address>
         <run_address>0xb6b5</run_address>
         <size>0x2c</size>
         <input_file_ref idref="fl-c4"/>
      </object_component>
      <object_component id="oc-299">
         <name>.debug_info</name>
         <load_address>0xb6e1</load_address>
         <run_address>0xb6e1</run_address>
         <size>0x156</size>
         <input_file_ref idref="fl-c5"/>
      </object_component>
      <object_component id="oc-e9">
         <name>.debug_info</name>
         <load_address>0xb837</load_address>
         <run_address>0xb837</run_address>
         <size>0x144</size>
         <input_file_ref idref="fl-c6"/>
      </object_component>
      <object_component id="oc-210">
         <name>.debug_info</name>
         <load_address>0xb97b</load_address>
         <run_address>0xb97b</run_address>
         <size>0x120</size>
         <input_file_ref idref="fl-c7"/>
      </object_component>
      <object_component id="oc-215">
         <name>.debug_info</name>
         <load_address>0xba9b</load_address>
         <run_address>0xba9b</run_address>
         <size>0x122</size>
         <input_file_ref idref="fl-c7"/>
      </object_component>
      <object_component id="oc-181">
         <name>.debug_info</name>
         <load_address>0xbbbd</load_address>
         <run_address>0xbbbd</run_address>
         <size>0x132</size>
         <input_file_ref idref="fl-c8"/>
      </object_component>
      <object_component id="oc-e2">
         <name>.debug_info</name>
         <load_address>0xbcef</load_address>
         <run_address>0xbcef</run_address>
         <size>0x132</size>
         <input_file_ref idref="fl-c9"/>
      </object_component>
      <object_component id="oc-186">
         <name>.debug_info</name>
         <load_address>0xbe21</load_address>
         <run_address>0xbe21</run_address>
         <size>0x126</size>
         <input_file_ref idref="fl-ca"/>
      </object_component>
      <object_component id="oc-ee">
         <name>.debug_info</name>
         <load_address>0xbf47</load_address>
         <run_address>0xbf47</run_address>
         <size>0x136</size>
         <input_file_ref idref="fl-cb"/>
      </object_component>
      <object_component id="oc-de">
         <name>.debug_info</name>
         <load_address>0xc07d</load_address>
         <run_address>0xc07d</run_address>
         <size>0x124</size>
         <input_file_ref idref="fl-cc"/>
      </object_component>
      <object_component id="oc-206">
         <name>.debug_info</name>
         <load_address>0xc1a1</load_address>
         <run_address>0xc1a1</run_address>
         <size>0x124</size>
         <input_file_ref idref="fl-cd"/>
      </object_component>
      <object_component id="oc-174">
         <name>.debug_info</name>
         <load_address>0xc2c5</load_address>
         <run_address>0xc2c5</run_address>
         <size>0x126</size>
         <input_file_ref idref="fl-ce"/>
      </object_component>
      <object_component id="oc-89">
         <name>.debug_info</name>
         <load_address>0xc3eb</load_address>
         <run_address>0xc3eb</run_address>
         <size>0x313</size>
         <input_file_ref idref="fl-cf"/>
      </object_component>
      <object_component id="oc-44">
         <name>.debug_info</name>
         <load_address>0xc6fe</load_address>
         <run_address>0xc6fe</run_address>
         <size>0x1b4</size>
         <input_file_ref idref="fl-cf"/>
      </object_component>
      <object_component id="oc-84">
         <name>.debug_info</name>
         <load_address>0xc8b2</load_address>
         <run_address>0xc8b2</run_address>
         <size>0x46</size>
         <input_file_ref idref="fl-cf"/>
      </object_component>
      <object_component id="oc-122">
         <name>.debug_info</name>
         <load_address>0xc8f8</load_address>
         <run_address>0xc8f8</run_address>
         <size>0x2c</size>
         <input_file_ref idref="fl-cf"/>
      </object_component>
      <object_component id="oc-3f">
         <name>.debug_info</name>
         <load_address>0xc924</load_address>
         <run_address>0xc924</run_address>
         <size>0x29d</size>
         <input_file_ref idref="fl-d0"/>
      </object_component>
      <object_component id="oc-1b">
         <name>.debug_info</name>
         <load_address>0xcbc1</load_address>
         <run_address>0xcbc1</run_address>
         <size>0x1df</size>
         <input_file_ref idref="fl-d0"/>
      </object_component>
      <object_component id="oc-3a">
         <name>.debug_info</name>
         <load_address>0xcda0</load_address>
         <run_address>0xcda0</run_address>
         <size>0x46</size>
         <input_file_ref idref="fl-d0"/>
      </object_component>
      <object_component id="oc-7c">
         <name>.debug_info</name>
         <load_address>0xcde6</load_address>
         <run_address>0xcde6</run_address>
         <size>0x2c</size>
         <input_file_ref idref="fl-d0"/>
      </object_component>
      <object_component id="oc-7a">
         <name>.debug_info</name>
         <load_address>0xce12</load_address>
         <run_address>0xce12</run_address>
         <size>0x293</size>
         <input_file_ref idref="fl-d1"/>
      </object_component>
      <object_component id="oc-16">
         <name>.debug_info</name>
         <load_address>0xd0a5</load_address>
         <run_address>0xd0a5</run_address>
         <size>0x245</size>
         <input_file_ref idref="fl-d1"/>
      </object_component>
      <object_component id="oc-2a">
         <name>.debug_info</name>
         <load_address>0xd2ea</load_address>
         <run_address>0xd2ea</run_address>
         <size>0x60</size>
         <input_file_ref idref="fl-d1"/>
      </object_component>
      <object_component id="oc-11b">
         <name>.debug_info</name>
         <load_address>0xd34a</load_address>
         <run_address>0xd34a</run_address>
         <size>0x46</size>
         <input_file_ref idref="fl-d1"/>
      </object_component>
      <object_component id="oc-75">
         <name>.debug_info</name>
         <load_address>0xd390</load_address>
         <run_address>0xd390</run_address>
         <size>0x39</size>
         <input_file_ref idref="fl-d1"/>
      </object_component>
      <object_component id="oc-1c5">
         <name>.debug_info</name>
         <load_address>0xd3c9</load_address>
         <run_address>0xd3c9</run_address>
         <size>0x328</size>
         <input_file_ref idref="fl-d2"/>
      </object_component>
      <object_component id="oc-fe">
         <name>.debug_info</name>
         <load_address>0xd6f1</load_address>
         <run_address>0xd6f1</run_address>
         <size>0x1c6</size>
         <input_file_ref idref="fl-d2"/>
      </object_component>
      <object_component id="oc-1ba">
         <name>.debug_info</name>
         <load_address>0xd8b7</load_address>
         <run_address>0xd8b7</run_address>
         <size>0x182</size>
         <input_file_ref idref="fl-d2"/>
      </object_component>
      <object_component id="oc-1c0">
         <name>.debug_info</name>
         <load_address>0xda39</load_address>
         <run_address>0xda39</run_address>
         <size>0x162</size>
         <input_file_ref idref="fl-d2"/>
      </object_component>
      <object_component id="oc-2f0">
         <name>.debug_info</name>
         <load_address>0xdb9b</load_address>
         <run_address>0xdb9b</run_address>
         <size>0x2c</size>
         <input_file_ref idref="fl-d2"/>
      </object_component>
      <object_component id="oc-1cc">
         <name>.debug_info</name>
         <load_address>0xdbc7</load_address>
         <run_address>0xdbc7</run_address>
         <size>0x27f</size>
         <input_file_ref idref="fl-d3"/>
      </object_component>
      <object_component id="oc-102">
         <name>.debug_info</name>
         <load_address>0xde46</load_address>
         <run_address>0xde46</run_address>
         <size>0x258</size>
         <input_file_ref idref="fl-d3"/>
      </object_component>
      <object_component id="oc-1b1">
         <name>.debug_info</name>
         <load_address>0xe09e</load_address>
         <run_address>0xe09e</run_address>
         <size>0x284</size>
         <input_file_ref idref="fl-d4"/>
      </object_component>
      <object_component id="oc-f8">
         <name>.debug_info</name>
         <load_address>0xe322</load_address>
         <run_address>0xe322</run_address>
         <size>0x22a</size>
         <input_file_ref idref="fl-d4"/>
      </object_component>
      <object_component id="oc-292">
         <name>.debug_info</name>
         <load_address>0xe54c</load_address>
         <run_address>0xe54c</run_address>
         <size>0x27e</size>
         <input_file_ref idref="fl-d5"/>
      </object_component>
      <object_component id="oc-28f">
         <name>.debug_info</name>
         <load_address>0xe7ca</load_address>
         <run_address>0xe7ca</run_address>
         <size>0x103</size>
         <input_file_ref idref="fl-d5"/>
      </object_component>
      <object_component id="oc-200">
         <name>.debug_info</name>
         <load_address>0xe8cd</load_address>
         <run_address>0xe8cd</run_address>
         <size>0x143</size>
         <input_file_ref idref="fl-d5"/>
      </object_component>
      <object_component id="oc-27">
         <name>.debug_info</name>
         <load_address>0xea10</load_address>
         <run_address>0xea10</run_address>
         <size>0x100</size>
         <input_file_ref idref="fl-d6"/>
      </object_component>
      <object_component id="oc-55">
         <name>.debug_info</name>
         <load_address>0xeb10</load_address>
         <run_address>0xeb10</run_address>
         <size>0x1a4</size>
         <input_file_ref idref="fl-d6"/>
      </object_component>
      <object_component id="oc-8c">
         <name>.debug_info</name>
         <load_address>0xecb4</load_address>
         <run_address>0xecb4</run_address>
         <size>0x13f</size>
         <input_file_ref idref="fl-d7"/>
      </object_component>
      <object_component id="oc-35">
         <name>.debug_info</name>
         <load_address>0xedf3</load_address>
         <run_address>0xedf3</run_address>
         <size>0x111</size>
         <input_file_ref idref="fl-d8"/>
      </object_component>
      <object_component id="oc-1e1">
         <name>.debug_info</name>
         <load_address>0xef04</load_address>
         <run_address>0xef04</run_address>
         <size>0x547</size>
         <input_file_ref idref="fl-d9"/>
      </object_component>
      <object_component id="oc-139">
         <name>.debug_info</name>
         <load_address>0xf44b</load_address>
         <run_address>0xf44b</run_address>
         <size>0x19b</size>
         <input_file_ref idref="fl-d9"/>
      </object_component>
      <object_component id="oc-27b">
         <name>.debug_info</name>
         <load_address>0xf5e6</load_address>
         <run_address>0xf5e6</run_address>
         <size>0x39</size>
         <input_file_ref idref="fl-d9"/>
      </object_component>
      <object_component id="oc-302">
         <name>.debug_info</name>
         <load_address>0xf61f</load_address>
         <run_address>0xf61f</run_address>
         <size>0x39</size>
         <input_file_ref idref="fl-d9"/>
      </object_component>
      <object_component id="oc-280">
         <name>.debug_info</name>
         <load_address>0xf658</load_address>
         <run_address>0xf658</run_address>
         <size>0x39</size>
         <input_file_ref idref="fl-d9"/>
      </object_component>
      <object_component id="oc-285">
         <name>.debug_info</name>
         <load_address>0xf691</load_address>
         <run_address>0xf691</run_address>
         <size>0xcd</size>
         <input_file_ref idref="fl-d9"/>
      </object_component>
      <object_component id="oc-92">
         <name>.debug_info</name>
         <load_address>0xf75e</load_address>
         <run_address>0xf75e</run_address>
         <size>0x148</size>
         <input_file_ref idref="fl-da"/>
      </object_component>
      <object_component id="oc-12d">
         <name>.debug_info</name>
         <load_address>0xf8a6</load_address>
         <run_address>0xf8a6</run_address>
         <size>0x117</size>
         <input_file_ref idref="fl-dc"/>
      </object_component>
      <object_component id="oc-25a">
         <name>.debug_info</name>
         <load_address>0xf9bd</load_address>
         <run_address>0xf9bd</run_address>
         <size>0x8a6</size>
         <input_file_ref idref="fl-de"/>
      </object_component>
      <object_component id="oc-232">
         <name>.debug_info</name>
         <load_address>0x10263</load_address>
         <run_address>0x10263</run_address>
         <size>0x213</size>
         <input_file_ref idref="fl-de"/>
      </object_component>
      <object_component id="oc-2c0">
         <name>.debug_info</name>
         <load_address>0x10476</load_address>
         <run_address>0x10476</run_address>
         <size>0x1a8</size>
         <input_file_ref idref="fl-de"/>
      </object_component>
      <object_component id="oc-2c6">
         <name>.debug_info</name>
         <load_address>0x1061e</load_address>
         <run_address>0x1061e</run_address>
         <size>0x210</size>
         <input_file_ref idref="fl-de"/>
      </object_component>
      <object_component id="oc-238">
         <name>.debug_info</name>
         <load_address>0x1082e</load_address>
         <run_address>0x1082e</run_address>
         <size>0x3b0</size>
         <input_file_ref idref="fl-de"/>
      </object_component>
      <object_component id="oc-2cd">
         <name>.debug_info</name>
         <load_address>0x10bde</load_address>
         <run_address>0x10bde</run_address>
         <size>0x2fa</size>
         <input_file_ref idref="fl-de"/>
      </object_component>
      <object_component id="oc-2d3">
         <name>.debug_info</name>
         <load_address>0x10ed8</load_address>
         <run_address>0x10ed8</run_address>
         <size>0x20a</size>
         <input_file_ref idref="fl-de"/>
      </object_component>
      <object_component id="oc-23e">
         <name>.debug_info</name>
         <load_address>0x110e2</load_address>
         <run_address>0x110e2</run_address>
         <size>0x20a</size>
         <input_file_ref idref="fl-de"/>
      </object_component>
      <object_component id="oc-244">
         <name>.debug_info</name>
         <load_address>0x112ec</load_address>
         <run_address>0x112ec</run_address>
         <size>0x2f9</size>
         <input_file_ref idref="fl-de"/>
      </object_component>
      <object_component id="oc-24a">
         <name>.debug_info</name>
         <load_address>0x115e5</load_address>
         <run_address>0x115e5</run_address>
         <size>0x4a5</size>
         <input_file_ref idref="fl-de"/>
      </object_component>
      <object_component id="oc-1b5">
         <name>.debug_info</name>
         <load_address>0x11a8a</load_address>
         <run_address>0x11a8a</run_address>
         <size>0x5cd</size>
         <input_file_ref idref="fl-de"/>
      </object_component>
      <object_component id="oc-25b">
         <name>.debug_info</name>
         <load_address>0x12057</load_address>
         <run_address>0x12057</run_address>
         <size>0x86</size>
         <input_file_ref idref="fl-de"/>
      </object_component>
      <object_component id="oc-2f5">
         <name>.debug_info</name>
         <load_address>0x120dd</load_address>
         <run_address>0x120dd</run_address>
         <size>0x39</size>
         <input_file_ref idref="fl-de"/>
      </object_component>
      <object_component id="oc-33a">
         <name>.debug_info</name>
         <load_address>0x12116</load_address>
         <run_address>0x12116</run_address>
         <size>0xb6</size>
         <input_file_ref idref="fl-de"/>
      </object_component>
      <object_component id="oc-2fa">
         <name>.debug_info</name>
         <load_address>0x121cc</load_address>
         <run_address>0x121cc</run_address>
         <size>0x46</size>
         <input_file_ref idref="fl-de"/>
      </object_component>
      <object_component id="oc-260">
         <name>.debug_info</name>
         <load_address>0x12212</load_address>
         <run_address>0x12212</run_address>
         <size>0x46</size>
         <input_file_ref idref="fl-de"/>
      </object_component>
      <object_component id="oc-2b0">
         <name>.debug_info</name>
         <load_address>0x12258</load_address>
         <run_address>0x12258</run_address>
         <size>0x2ae</size>
         <input_file_ref idref="fl-e0"/>
      </object_component>
      <object_component id="oc-22c">
         <name>.debug_info</name>
         <load_address>0x12506</load_address>
         <run_address>0x12506</run_address>
         <size>0x171</size>
         <input_file_ref idref="fl-e0"/>
      </object_component>
      <object_component id="oc-31e">
         <name>.debug_info</name>
         <load_address>0x12677</load_address>
         <run_address>0x12677</run_address>
         <size>0xee</size>
         <input_file_ref idref="fl-e1"/>
      </object_component>
      <object_component id="oc-2ad">
         <name>.debug_info</name>
         <load_address>0x12765</load_address>
         <run_address>0x12765</run_address>
         <size>0xfa</size>
         <input_file_ref idref="fl-e1"/>
      </object_component>
      <object_component id="oc-328">
         <name>.debug_info</name>
         <load_address>0x1285f</load_address>
         <run_address>0x1285f</run_address>
         <size>0x290</size>
         <input_file_ref idref="fl-e2"/>
      </object_component>
      <object_component id="oc-2b8">
         <name>.debug_info</name>
         <load_address>0x12aef</load_address>
         <run_address>0x12aef</run_address>
         <size>0x1c2</size>
         <input_file_ref idref="fl-e2"/>
      </object_component>
      <object_component id="oc-2e6">
         <name>.debug_info</name>
         <load_address>0x12cb1</load_address>
         <run_address>0x12cb1</run_address>
         <size>0x28b</size>
         <input_file_ref idref="fl-e3"/>
      </object_component>
      <object_component id="oc-250">
         <name>.debug_info</name>
         <load_address>0x12f3c</load_address>
         <run_address>0x12f3c</run_address>
         <size>0x1ab</size>
         <input_file_ref idref="fl-e3"/>
      </object_component>
      <object_component id="oc-330">
         <name>.debug_info</name>
         <load_address>0x130e7</load_address>
         <run_address>0x130e7</run_address>
         <size>0x28f</size>
         <input_file_ref idref="fl-e4"/>
      </object_component>
      <object_component id="oc-2df">
         <name>.debug_info</name>
         <load_address>0x13376</load_address>
         <run_address>0x13376</run_address>
         <size>0x247</size>
         <input_file_ref idref="fl-e4"/>
      </object_component>
      <object_component id="oc-32e">
         <name>.debug_info</name>
         <load_address>0x135bd</load_address>
         <run_address>0x135bd</run_address>
         <size>0x28f</size>
         <input_file_ref idref="fl-e5"/>
      </object_component>
      <object_component id="oc-2da">
         <name>.debug_info</name>
         <load_address>0x1384c</load_address>
         <run_address>0x1384c</run_address>
         <size>0x18a</size>
         <input_file_ref idref="fl-e5"/>
      </object_component>
      <object_component id="oc-2ed">
         <name>.debug_info</name>
         <load_address>0x139d6</load_address>
         <run_address>0x139d6</run_address>
         <size>0x284</size>
         <input_file_ref idref="fl-e6"/>
      </object_component>
      <object_component id="oc-255">
         <name>.debug_info</name>
         <load_address>0x13c5a</load_address>
         <run_address>0x13c5a</run_address>
         <size>0x14f</size>
         <input_file_ref idref="fl-e6"/>
      </object_component>
      <object_component id="oc-333">
         <name>.debug_info</name>
         <load_address>0x13da9</load_address>
         <run_address>0x13da9</run_address>
         <size>0x46</size>
         <input_file_ref idref="fl-e6"/>
      </object_component>
      <object_component id="oc-2e8">
         <name>.debug_info</name>
         <load_address>0x13def</load_address>
         <run_address>0x13def</run_address>
         <size>0x39</size>
         <input_file_ref idref="fl-e6"/>
      </object_component>
      <object_component id="oc-2b3">
         <name>.debug_info</name>
         <load_address>0x13e28</load_address>
         <run_address>0x13e28</run_address>
         <size>0x12c</size>
         <input_file_ref idref="fl-e7"/>
      </object_component>
      <object_component id="oc-324">
         <name>.debug_info</name>
         <load_address>0x13f54</load_address>
         <run_address>0x13f54</run_address>
         <size>0x10d</size>
         <input_file_ref idref="fl-e8"/>
      </object_component>
      <object_component id="oc-37a">
         <name>.debug_info</name>
         <load_address>0x14061</load_address>
         <run_address>0x14061</run_address>
         <size>0xb7</size>
      </object_component>
      <object_component id="oc-18c">
         <name>.debug_line</name>
         <load_address>0x0</load_address>
         <run_address>0x0</run_address>
         <size>0x114</size>
         <input_file_ref idref="fl-2"/>
      </object_component>
      <object_component id="oc-1a1">
         <name>.debug_line</name>
         <load_address>0x114</load_address>
         <run_address>0x114</run_address>
         <size>0x35</size>
         <input_file_ref idref="fl-2"/>
      </object_component>
      <object_component id="oc-1a3">
         <name>.debug_line</name>
         <load_address>0x149</load_address>
         <run_address>0x149</run_address>
         <size>0x35</size>
         <input_file_ref idref="fl-2"/>
      </object_component>
      <object_component id="oc-1a9">
         <name>.debug_line</name>
         <load_address>0x17e</load_address>
         <run_address>0x17e</run_address>
         <size>0x35</size>
         <input_file_ref idref="fl-2"/>
      </object_component>
      <object_component id="oc-1ab">
         <name>.debug_line</name>
         <load_address>0x1b3</load_address>
         <run_address>0x1b3</run_address>
         <size>0x35</size>
         <input_file_ref idref="fl-2"/>
      </object_component>
      <object_component id="oc-1a7">
         <name>.debug_line</name>
         <load_address>0x1e8</load_address>
         <run_address>0x1e8</run_address>
         <size>0x35</size>
         <input_file_ref idref="fl-2"/>
      </object_component>
      <object_component id="oc-1a5">
         <name>.debug_line</name>
         <load_address>0x21d</load_address>
         <run_address>0x21d</run_address>
         <size>0x35</size>
         <input_file_ref idref="fl-2"/>
      </object_component>
      <object_component id="oc-1d0">
         <name>.debug_line</name>
         <load_address>0x252</load_address>
         <run_address>0x252</run_address>
         <size>0x35</size>
         <input_file_ref idref="fl-2"/>
      </object_component>
      <object_component id="oc-1ce">
         <name>.debug_line</name>
         <load_address>0x287</load_address>
         <run_address>0x287</run_address>
         <size>0x35</size>
         <input_file_ref idref="fl-2"/>
      </object_component>
      <object_component id="oc-6e">
         <name>.debug_line</name>
         <load_address>0x2bc</load_address>
         <run_address>0x2bc</run_address>
         <size>0xb2c</size>
         <input_file_ref idref="fl-2"/>
      </object_component>
      <object_component id="oc-195">
         <name>.debug_line</name>
         <load_address>0xde8</load_address>
         <run_address>0xde8</run_address>
         <size>0x35</size>
         <input_file_ref idref="fl-2"/>
      </object_component>
      <object_component id="oc-190">
         <name>.debug_line</name>
         <load_address>0xe1d</load_address>
         <run_address>0xe1d</run_address>
         <size>0x5c</size>
         <input_file_ref idref="fl-2"/>
      </object_component>
      <object_component id="oc-112">
         <name>.debug_line</name>
         <load_address>0xe79</load_address>
         <run_address>0xe79</run_address>
         <size>0x59</size>
         <input_file_ref idref="fl-2"/>
      </object_component>
      <object_component id="oc-119">
         <name>.debug_line</name>
         <load_address>0xed2</load_address>
         <run_address>0xed2</run_address>
         <size>0x70</size>
         <input_file_ref idref="fl-2"/>
      </object_component>
      <object_component id="oc-32">
         <name>.debug_line</name>
         <load_address>0xf42</load_address>
         <run_address>0xf42</run_address>
         <size>0x20</size>
         <input_file_ref idref="fl-2"/>
      </object_component>
      <object_component id="oc-1d4">
         <name>.debug_line</name>
         <load_address>0xf62</load_address>
         <run_address>0xf62</run_address>
         <size>0x74</size>
         <input_file_ref idref="fl-2"/>
      </object_component>
      <object_component id="oc-170">
         <name>.debug_line</name>
         <load_address>0xfd6</load_address>
         <run_address>0xfd6</run_address>
         <size>0x71</size>
         <input_file_ref idref="fl-2"/>
      </object_component>
      <object_component id="oc-19a">
         <name>.debug_line</name>
         <load_address>0x1047</load_address>
         <run_address>0x1047</run_address>
         <size>0x6b</size>
         <input_file_ref idref="fl-2"/>
      </object_component>
      <object_component id="oc-1c9">
         <name>.debug_line</name>
         <load_address>0x10b2</load_address>
         <run_address>0x10b2</run_address>
         <size>0x6c</size>
         <input_file_ref idref="fl-2"/>
      </object_component>
      <object_component id="oc-b9">
         <name>.debug_line</name>
         <load_address>0x111e</load_address>
         <run_address>0x111e</run_address>
         <size>0xe3</size>
         <input_file_ref idref="fl-3"/>
      </object_component>
      <object_component id="oc-19d">
         <name>.debug_line</name>
         <load_address>0x1201</load_address>
         <run_address>0x1201</run_address>
         <size>0x2f</size>
         <input_file_ref idref="fl-4"/>
      </object_component>
      <object_component id="oc-ad">
         <name>.debug_line</name>
         <load_address>0x1230</load_address>
         <run_address>0x1230</run_address>
         <size>0x115</size>
         <input_file_ref idref="fl-4"/>
      </object_component>
      <object_component id="oc-19f">
         <name>.debug_line</name>
         <load_address>0x1345</load_address>
         <run_address>0x1345</run_address>
         <size>0x3f</size>
         <input_file_ref idref="fl-5"/>
      </object_component>
      <object_component id="oc-bf">
         <name>.debug_line</name>
         <load_address>0x1384</load_address>
         <run_address>0x1384</run_address>
         <size>0x4b</size>
         <input_file_ref idref="fl-5"/>
      </object_component>
      <object_component id="oc-115">
         <name>.debug_line</name>
         <load_address>0x13cf</load_address>
         <run_address>0x13cf</run_address>
         <size>0x40</size>
         <input_file_ref idref="fl-6"/>
      </object_component>
      <object_component id="oc-71">
         <name>.debug_line</name>
         <load_address>0x140f</load_address>
         <run_address>0x140f</run_address>
         <size>0x40</size>
         <input_file_ref idref="fl-6"/>
      </object_component>
      <object_component id="oc-69">
         <name>.debug_line</name>
         <load_address>0x144f</load_address>
         <run_address>0x144f</run_address>
         <size>0x71</size>
         <input_file_ref idref="fl-6"/>
      </object_component>
      <object_component id="oc-1f7">
         <name>.debug_line</name>
         <load_address>0x14c0</load_address>
         <run_address>0x14c0</run_address>
         <size>0x3b</size>
         <input_file_ref idref="fl-7"/>
      </object_component>
      <object_component id="oc-a3">
         <name>.debug_line</name>
         <load_address>0x14fb</load_address>
         <run_address>0x14fb</run_address>
         <size>0x159</size>
         <input_file_ref idref="fl-7"/>
      </object_component>
      <object_component id="oc-b3">
         <name>.debug_line</name>
         <load_address>0x1654</load_address>
         <run_address>0x1654</run_address>
         <size>0x95</size>
         <input_file_ref idref="fl-8"/>
      </object_component>
      <object_component id="oc-2ab">
         <name>.debug_line</name>
         <load_address>0x16e9</load_address>
         <run_address>0x16e9</run_address>
         <size>0x93</size>
         <input_file_ref idref="fl-c2"/>
      </object_component>
      <object_component id="oc-295">
         <name>.debug_line</name>
         <load_address>0x177c</load_address>
         <run_address>0x177c</run_address>
         <size>0x2b</size>
         <input_file_ref idref="fl-c2"/>
      </object_component>
      <object_component id="oc-17c">
         <name>.debug_line</name>
         <load_address>0x17a7</load_address>
         <run_address>0x17a7</run_address>
         <size>0x2ba</size>
         <input_file_ref idref="fl-c2"/>
      </object_component>
      <object_component id="oc-2a8">
         <name>.debug_line</name>
         <load_address>0x1a61</load_address>
         <run_address>0x1a61</run_address>
         <size>0x92</size>
         <input_file_ref idref="fl-c2"/>
      </object_component>
      <object_component id="oc-221">
         <name>.debug_line</name>
         <load_address>0x1af3</load_address>
         <run_address>0x1af3</run_address>
         <size>0x8f</size>
         <input_file_ref idref="fl-c2"/>
      </object_component>
      <object_component id="oc-30f">
         <name>.debug_line</name>
         <load_address>0x1b82</load_address>
         <run_address>0x1b82</run_address>
         <size>0x89</size>
         <input_file_ref idref="fl-c3"/>
      </object_component>
      <object_component id="oc-1fd">
         <name>.debug_line</name>
         <load_address>0x1c0b</load_address>
         <run_address>0x1c0b</run_address>
         <size>0x12d</size>
         <input_file_ref idref="fl-c3"/>
      </object_component>
      <object_component id="oc-316">
         <name>.debug_line</name>
         <load_address>0x1d38</load_address>
         <run_address>0x1d38</run_address>
         <size>0x93</size>
         <input_file_ref idref="fl-c4"/>
      </object_component>
      <object_component id="oc-21b">
         <name>.debug_line</name>
         <load_address>0x1dcb</load_address>
         <run_address>0x1dcb</run_address>
         <size>0x9c</size>
         <input_file_ref idref="fl-c4"/>
      </object_component>
      <object_component id="oc-31a">
         <name>.debug_line</name>
         <load_address>0x1e67</load_address>
         <run_address>0x1e67</run_address>
         <size>0x92</size>
         <input_file_ref idref="fl-c4"/>
      </object_component>
      <object_component id="oc-2a3">
         <name>.debug_line</name>
         <load_address>0x1ef9</load_address>
         <run_address>0x1ef9</run_address>
         <size>0x8f</size>
         <input_file_ref idref="fl-c4"/>
      </object_component>
      <object_component id="oc-29c">
         <name>.debug_line</name>
         <load_address>0x1f88</load_address>
         <run_address>0x1f88</run_address>
         <size>0x45</size>
         <input_file_ref idref="fl-c5"/>
      </object_component>
      <object_component id="oc-e7">
         <name>.debug_line</name>
         <load_address>0x1fcd</load_address>
         <run_address>0x1fcd</run_address>
         <size>0xd2</size>
         <input_file_ref idref="fl-c6"/>
      </object_component>
      <object_component id="oc-20e">
         <name>.debug_line</name>
         <load_address>0x209f</load_address>
         <run_address>0x209f</run_address>
         <size>0x77</size>
         <input_file_ref idref="fl-c7"/>
      </object_component>
      <object_component id="oc-214">
         <name>.debug_line</name>
         <load_address>0x2116</load_address>
         <run_address>0x2116</run_address>
         <size>0x77</size>
         <input_file_ref idref="fl-c7"/>
      </object_component>
      <object_component id="oc-180">
         <name>.debug_line</name>
         <load_address>0x218d</load_address>
         <run_address>0x218d</run_address>
         <size>0xa8</size>
         <input_file_ref idref="fl-c8"/>
      </object_component>
      <object_component id="oc-e5">
         <name>.debug_line</name>
         <load_address>0x2235</load_address>
         <run_address>0x2235</run_address>
         <size>0x8e</size>
         <input_file_ref idref="fl-c9"/>
      </object_component>
      <object_component id="oc-184">
         <name>.debug_line</name>
         <load_address>0x22c3</load_address>
         <run_address>0x22c3</run_address>
         <size>0x5a</size>
         <input_file_ref idref="fl-ca"/>
      </object_component>
      <object_component id="oc-ed">
         <name>.debug_line</name>
         <load_address>0x231d</load_address>
         <run_address>0x231d</run_address>
         <size>0x67</size>
         <input_file_ref idref="fl-cb"/>
      </object_component>
      <object_component id="oc-dd">
         <name>.debug_line</name>
         <load_address>0x2384</load_address>
         <run_address>0x2384</run_address>
         <size>0x57</size>
         <input_file_ref idref="fl-cc"/>
      </object_component>
      <object_component id="oc-209">
         <name>.debug_line</name>
         <load_address>0x23db</load_address>
         <run_address>0x23db</run_address>
         <size>0x50</size>
         <input_file_ref idref="fl-cd"/>
      </object_component>
      <object_component id="oc-177">
         <name>.debug_line</name>
         <load_address>0x242b</load_address>
         <run_address>0x242b</run_address>
         <size>0x4c</size>
         <input_file_ref idref="fl-ce"/>
      </object_component>
      <object_component id="oc-128">
         <name>.debug_line</name>
         <load_address>0x2477</load_address>
         <run_address>0x2477</run_address>
         <size>0x9e</size>
         <input_file_ref idref="fl-cf"/>
      </object_component>
      <object_component id="oc-42">
         <name>.debug_line</name>
         <load_address>0x2515</load_address>
         <run_address>0x2515</run_address>
         <size>0x4f</size>
         <input_file_ref idref="fl-cf"/>
      </object_component>
      <object_component id="oc-87">
         <name>.debug_line</name>
         <load_address>0x2564</load_address>
         <run_address>0x2564</run_address>
         <size>0x34</size>
         <input_file_ref idref="fl-cf"/>
      </object_component>
      <object_component id="oc-125">
         <name>.debug_line</name>
         <load_address>0x2598</load_address>
         <run_address>0x2598</run_address>
         <size>0x8a</size>
         <input_file_ref idref="fl-cf"/>
      </object_component>
[...]
         <object_component_ref idref="oc-ca"/>
      </symbol>
      <symbol id="sm-31a">
         <name>serialTime</name>
         <value>0x236d</value>
         <object_component_ref idref="oc-6a"/>
      </symbol>
      <symbol id="sm-31b">
         <name>displayTemp</name>
         <value>0xec9</value>
         <object_component_ref idref="oc-6a"/>
      </symbol>
      <symbol id="sm-31c">
         <name>sAvalidFlag</name>
         <value>0x2000011c</value>
         <object_component_ref idref="oc-ca"/>
      </symbol>
      <symbol id="sm-31d">
         <name>rAvalidFlag</name>
         <value>0x20000114</value>
         <object_component_ref idref="oc-ca"/>
      </symbol>
      <symbol id="sm-31e">
         <name>writeOutput</name>
         <value>0x258d</value>
         <object_component_ref idref="oc-6a"/>
      </symbol>
      <symbol id="sm-32f">
         <name>pushNib</name>
         <value>0x4e0f</value>
         <object_component_ref idref="oc-b5"/>
      </symbol>
      <symbol id="sm-330">
         <name>comWrit</name>
         <value>0x4e6f</value>
         <object_component_ref idref="oc-b5"/>
      </symbol>
      <symbol id="sm-331">
         <name>dataWrit</name>
         <value>0x4e89</value>
         <object_component_ref idref="oc-b5"/>
      </symbol>
      <symbol id="sm-332">
         <name>PulsEnablePin</name>
         <value>0x4ddb</value>
         <object_component_ref idref="oc-b5"/>
      </symbol>
      <symbol id="sm-333">
         <name>initLCD</name>
         <value>0x4d71</value>
         <object_component_ref idref="oc-b5"/>
      </symbol>
      <symbol id="sm-334">
         <name>pushByt</name>
         <value>0x4e37</value>
         <object_component_ref idref="oc-b5"/>
      </symbol>
      <symbol id="sm-370">
         <name>initPins</name>
         <value>0x3b81</value>
         <object_component_ref idref="oc-a9"/>
      </symbol>
      <symbol id="sm-371">
         <name>configRTC</name>
         <value>0x3f09</value>
         <object_component_ref idref="oc-a9"/>
      </symbol>
      <symbol id="sm-372">
         <name>delay_ms</name>
         <value>0x3ee3</value>
         <object_component_ref idref="oc-a9"/>
      </symbol>
      <symbol id="sm-373">
         <name>SysTick_Init</name>
         <value>0x3ea3</value>
         <object_component_ref idref="oc-a9"/>
      </symbol>
      <symbol id="sm-374">
         <name>delay_micro</name>
         <value>0x3ebf</value>
         <object_component_ref idref="oc-a9"/>
      </symbol>
      <symbol id="sm-384">
         <name>beep</name>
         <value>0x59f5</value>
         <object_component_ref idref="oc-bb"/>
      </symbol>
      <symbol id="sm-399">
         <name>Reset_Handler</name>
         <value>0x5c33</value>
         <object_component_ref idref="oc-64"/>
      </symbol>
      <symbol id="sm-39a">
         <name>Default_Handler</name>
         <value>0x5c3f</value>
         <object_component_ref idref="oc-64"/>
      </symbol>
      <symbol id="sm-39b">
         <name>interruptVectors</name>
         <value>0x0</value>
         <object_component_ref idref="oc-23"/>
      </symbol>
      <symbol id="sm-3e3">
         <name>SystemInit</name>
         <value>0x423d</value>
         <object_component_ref idref="oc-a2"/>
      </symbol>
      <symbol id="sm-3e4">
         <name>SystemCoreClockUpdate</name>
         <value>0x3fc5</value>
         <object_component_ref idref="oc-a2"/>
      </symbol>
      <symbol id="sm-3e5">
         <name>SystemCoreClock</name>
         <value>0x20000158</value>
         <object_component_ref idref="oc-169"/>
      </symbol>
      <symbol id="sm-408">
         <name>ADC14init</name>
         <value>0x4569</value>
         <object_component_ref idref="oc-af"/>
      </symbol>
      <symbol id="sm-409">
         <name>getTemp</name>
         <value>0x45c5</value>
         <object_component_ref idref="oc-af"/>
      </symbol>
      <symbol id="sm-40a">
         <name>LCDbrightUpdate</name>
         <value>0x4669</value>
         <object_component_ref idref="oc-af"/>
      </symbol>
      <symbol id="sm-49f">
         <name>pow</name>
         <value>0x31c1</value>
         <object_component_ref idref="oc-178"/>
      </symbol>
      <symbol id="sm-4a0">
         <name>powl</name>
         <value>0x31c1</value>
         <object_component_ref idref="oc-178"/>
      </symbol>
      <symbol id="sm-4c2">
         <name>sqrtl</name>
         <value>0x4add</value>
         <object_component_ref idref="oc-1f9"/>
      </symbol>
      <symbol id="sm-4c3">
         <name>sqrt</name>
         <value>0x4add</value>
         <object_component_ref idref="oc-1f9"/>
      </symbol>
      <symbol id="sm-4ea">
         <name>scalbn</name>
         <value>0x5101</value>
         <object_component_ref idref="oc-217"/>
      </symbol>
      <symbol id="sm-4eb">
         <name>scalbnl</name>
         <value>0x5101</value>
         <object_component_ref idref="oc-217"/>
      </symbol>
      <symbol id="sm-4ec">
         <name>ldexpl</name>
         <value>0x5101</value>
         <object_component_ref idref="oc-217"/>
      </symbol>
      <symbol id="sm-4ed">
         <name>ldexp</name>
         <value>0x5101</value>
         <object_component_ref idref="oc-217"/>
      </symbol>
      <symbol id="sm-4f7">
         <name>copysign</name>
         <value>0x5bd9</value>
         <object_component_ref idref="oc-298"/>
      </symbol>
      <symbol id="sm-4f8">
         <name>copysignl</name>
         <value>0x5bd9</value>
         <object_component_ref idref="oc-298"/>
      </symbol>
      <symbol id="sm-50f">
         <name>__aeabi_dsub</name>
         <value>0x4925</value>
         <object_component_ref idref="oc-e6"/>
      </symbol>
      <symbol id="sm-510">
         <name>__aeabi_dadd</name>
         <value>0x492f</value>
         <object_component_ref idref="oc-e6"/>
      </symbol>
      <symbol id="sm-532">
         <name>__aeabi_cdcmpeq</name>
         <value>0x54f1</value>
         <object_component_ref idref="oc-20d"/>
      </symbol>
      <symbol id="sm-533">
         <name>__aeabi_cdcmple</name>
         <value>0x54f1</value>
         <object_component_ref idref="oc-20d"/>
      </symbol>
      <symbol id="sm-534">
         <name>__aeabi_cdrcmple</name>
         <value>0x5577</value>
         <object_component_ref idref="oc-212"/>
      </symbol>
      <symbol id="sm-548">
         <name>__aeabi_ddiv</name>
         <value>0x4ea9</value>
         <object_component_ref idref="oc-17e"/>
      </symbol>
      <symbol id="sm-553">
         <name>__aeabi_dmul</name>
         <value>0x5211</value>
         <object_component_ref idref="oc-e1"/>
      </symbol>
      <symbol id="sm-55d">
         <name>__aeabi_d2iz</name>
         <value>0x5969</value>
         <object_component_ref idref="oc-183"/>
      </symbol>
      <symbol id="sm-569">
         <name>__aeabi_d2f</name>
         <value>0x56e5</value>
         <object_component_ref idref="oc-eb"/>
      </symbol>
      <symbol id="sm-574">
         <name>__aeabi_f2d</name>
         <value>0x5af1</value>
         <object_component_ref idref="oc-dc"/>
      </symbol>
      <symbol id="sm-57e">
         <name>__aeabi_i2d</name>
         <value>0x5b29</value>
         <object_component_ref idref="oc-205"/>
      </symbol>
      <symbol id="sm-588">
         <name>__aeabi_ui2d</name>
         <value>0x5b57</value>
         <object_component_ref idref="oc-173"/>
      </symbol>
      <symbol id="sm-5a1">
         <name>__TI_zero_init_nomemset</name>
         <value>0x5c01</value>
         <object_component_ref idref="oc-40"/>
      </symbol>
      <symbol id="sm-5b8">
         <name>__TI_decompress_none</name>
         <value>0x5c25</value>
         <object_component_ref idref="oc-1a"/>
      </symbol>
      <symbol id="sm-5db">
         <name>__TI_decompress_lzss</name>
         <value>0x5753</value>
         <object_component_ref idref="oc-14"/>
      </symbol>
      <symbol id="sm-602">
         <name>sprintf</name>
         <value>0x5a39</value>
         <object_component_ref idref="oc-fb"/>
      </symbol>
      <symbol id="sm-611">
         <name>strcmp</name>
         <value>0x5bab</value>
         <object_component_ref idref="oc-101"/>
      </symbol>
      <symbol id="sm-61f">
         <name>strlen</name>
         <value>0x5bed</value>
         <object_component_ref idref="oc-f5"/>
      </symbol>
      <symbol id="sm-635">
         <name>__aeabi_errno_addr</name>
         <value>0x5c4d</value>
         <object_component_ref idref="oc-1ff"/>
      </symbol>
      <symbol id="sm-636">
         <name>errno</name>
         <value>0x20000154</value>
         <object_component_ref idref="oc-28e"/>
      </symbol>
      <symbol id="sm-649">
         <name>__stack</name>
         <value>0x2000fe00</value>
         <object_component_ref idref="oc-26"/>
      </symbol>
      <symbol id="sm-64a">
         <name>_c_int00_noargs</name>
         <value>0x5ab9</value>
         <object_component_ref idref="oc-52"/>
      </symbol>
      <symbol id="sm-659">
         <name>__aeabi_memset</name>
         <value>0x55ff</value>
         <object_component_ref idref="oc-8a"/>
      </symbol>
      <symbol id="sm-65a">
         <name>memset</name>
         <value>0x5605</value>
         <object_component_ref idref="oc-8a"/>
      </symbol>
      <symbol id="sm-65b">
         <name>__aeabi_memset8</name>
         <value>0x55ff</value>
         <object_component_ref idref="oc-8a"/>
      </symbol>
      <symbol id="sm-65c">
         <name>__aeabi_memset4</name>
         <value>0x55ff</value>
         <object_component_ref idref="oc-8a"/>
      </symbol>
      <symbol id="sm-65d">
         <name>__aeabi_memclr8</name>
         <value>0x55fd</value>
         <object_component_ref idref="oc-8a"/>
      </symbol>
      <symbol id="sm-65e">
         <name>__aeabi_memclr4</name>
         <value>0x55fd</value>
         <object_component_ref idref="oc-8a"/>
      </symbol>
      <symbol id="sm-65f">
         <name>__aeabi_memclr</name>
         <value>0x55fd</value>
         <object_component_ref idref="oc-8a"/>
      </symbol>
      <symbol id="sm-67a">
         <name>memcpy</name>
         <value>0x53bf</value>
         <object_component_ref idref="oc-34"/>
      </symbol>
      <symbol id="sm-67b">
         <name>__aeabi_memcpy</name>
         <value>0x53bf</value>
         <object_component_ref idref="oc-34"/>
      </symbol>
      <symbol id="sm-67c">
         <name>__aeabi_memcpy8</name>
         <value>0x53bf</value>
         <object_component_ref idref="oc-34"/>
      </symbol>
      <symbol id="sm-67d">
         <name>__aeabi_memcpy4</name>
         <value>0x53bf</value>
         <object_component_ref idref="oc-34"/>
      </symbol>
      <symbol id="sm-6a5">
         <name>__TI_auto_init_nobinit_nopinit</name>
         <value>0x59b1</value>
         <object_component_ref idref="oc-137"/>
      </symbol>
      <symbol id="sm-6af">
         <name>_system_pre_init</name>
         <value>0x5c55</value>
         <object_component_ref idref="oc-90"/>
      </symbol>
      <symbol id="sm-6bb">
         <name>C$$EXIT</name>
         <value>0x5c59</value>
         <object_component_ref idref="oc-12b"/>
      </symbol>
      <symbol id="sm-6bc">
         <name>abort</name>
         <value>0x5c59</value>
         <object_component_ref idref="oc-12b"/>
      </symbol>
      <symbol id="sm-822">
         <name>__TI_printfi</name>
         <value>0x2761</value>
         <object_component_ref idref="oc-1b2"/>
      </symbol>
      <symbol id="sm-839">
         <name>atoi</name>
         <value>0x591d</value>
         <object_component_ref idref="oc-229"/>
      </symbol>
      <symbol id="sm-844">
         <name>_ctypes_</name>
         <value>0x5c60</value>
         <object_component_ref idref="oc-2ac"/>
      </symbol>
      <symbol id="sm-853">
         <name>ltoa</name>
         <value>0x5877</value>
         <object_component_ref idref="oc-2b7"/>
      </symbol>
      <symbol id="sm-863">
         <name>memccpy</name>
         <value>0x5b77</value>
         <object_component_ref idref="oc-24d"/>
      </symbol>
      <symbol id="sm-873">
         <name>strchr</name>
         <value>0x5bc3</value>
         <object_component_ref idref="oc-2de"/>
      </symbol>
      <symbol id="sm-889">
         <name>frexpl</name>
         <value>0x57bd</value>
         <object_component_ref idref="oc-2d8"/>
      </symbol>
      <symbol id="sm-88a">
         <name>frexp</name>
         <value>0x57bd</value>
         <object_component_ref idref="oc-2d8"/>
      </symbol>
      <symbol id="sm-8a3">
         <name>wcslen</name>
         <value>0x5c13</value>
         <object_component_ref idref="oc-253"/>
      </symbol>
      <symbol id="sm-8b0">
         <name>__aeabi_uldivmod</name>
         <value>0x545b</value>
         <object_component_ref idref="oc-2b1"/>
      </symbol>
      <symbol id="sm-8ba">
         <name>__aeabi_idiv0</name>
         <value>0x31bf</value>
         <object_component_ref idref="oc-321"/>
      </symbol>
      <symbol id="sm-8bb">
         <name>__aeabi_ldiv0</name>
         <value>0x31bf</value>
         <object_component_ref idref="oc-321"/>
      </symbol>
      <symbol id="sm-8bc">
         <name>__TI_static_base__</name>
         <value>0x0</value>
      </symbol>
      <symbol id="sm-8bf">
         <name>__mpu_init</name>
         <value>0x0</value>
      </symbol>
      <symbol id="sm-8c0">
         <name>_system_post_cinit</name>
         <value>0x0</value>
      </symbol>
      <symbol id="sm-8c1">
         <name>NMI_Handler</name>
         <value>0x5c3f</value>
      </symbol>
      <symbol id="sm-8c2">
         <name>HardFault_Handler</name>
         <value>0x5c3f</value>
      </symbol>
      <symbol id="sm-8c3">
         <name>MemManage_Handler</name>
         <value>0x5c3f</value>
      </symbol>
      <symbol id="sm-8c4">
         <name>BusFault_Handler</name>
         <value>0x5c3f</value>
      </symbol>
      <symbol id="sm-8c5">
         <name>UsageFault_Handler</name>
         <value>0x5c3f</value>
      </symbol>
      <symbol id="sm-8c6">
         <name>SVC_Handler</name>
         <value>0x5c3f</value>
      </symbol>
      <symbol id="sm-8c7">
         <name>DebugMon_Handler</name>
         <value>0x5c3f</value>
      </symbol>
      <symbol id="sm-8c8">
         <name>PendSV_Handler</name>
         <value>0x5c3f</value>
      </symbol>
      <symbol id="sm-8c9">
         <name>SysTick_Handler</name>
         <value>0x5c3f</value>
      </symbol>
      <symbol id="sm-8ca">
         <name>PSS_IRQHandler</name>
         <value>0x5c3f</value>
      </symbol>
      <symbol id="sm-8cb">
         <name>CS_IRQHandler</name>
         <value>0x5c3f</value>
      </symbol>
      <symbol id="sm-8cc">
         <name>PCM_IRQHandler</name>
         <value>0x5c3f</value>
      </symbol>
      <symbol id="sm-8cd">
         <name>WDT_A_IRQHandler</name>
         <value>0x5c3f</value>
      </symbol>
      <symbol id="sm-8ce">
         <name>FPU_IRQHandler</name>
         <value>0x5c3f</value>
      </symbol>
      <symbol id="sm-8cf">
         <name>FLCTL_IRQHandler</name>
         <value>0x5c3f</value>
      </symbol>
      <symbol id="sm-8d0">
         <name>COMP_E0_IRQHandler</name>
         <value>0x5c3f</value>
      </symbol>
      <symbol id="sm-8d1">
         <name>COMP_E1_IRQHandler</name>
         <value>0x5c3f</value>
      </symbol>
      <symbol id="sm-8d2">
         <name>TA0_0_IRQHandler</name>
         <value>0x5c3f</value>
      </symbol>
      <symbol id="sm-8d3">
         <name>TA0_N_IRQHandler</name>
         <value>0x5c3f</value>
      </symbol>
      <symbol id="sm-8d4">
         <name>TA1_0_IRQHandler</name>
         <value>0x5c3f</value>
      </symbol>
      <symbol id="sm-8d5">
         <name>TA1_N_IRQHandler</name>
         <value>0x5c3f</value>
      </symbol>
      <symbol id="sm-8d6">
         <name>TA2_0_IRQHandler</name>
         <value>0x5c3f</value>
      </symbol>
      <symbol id="sm-8d7">
         <name>TA2_N_IRQHandler</name>
         <value>0x5c3f</value>
      </symbol>
      <symbol id="sm-8d8">
         <name>TA3_0_IRQHandler</name>
         <value>0x5c3f</value>
      </symbol>
      <symbol id="sm-8d9">
         <name>TA3_N_IRQHandler</name>
         <value>0x5c3f</value>
      </symbol>
      <symbol id="sm-8da">
         <name>EUSCIA0_IRQHandler</name>
         <value>0x2659</value>
      </symbol>
      <symbol id="sm-8db">
         <name>EUSCIA1_IRQHandler</name>
         <value>0x5c3f</value>
      </symbol>
      <symbol id="sm-8dc">
         <name>EUSCIA2_IRQHandler</name>
         <value>0x5c3f</value>
      </symbol>
      <symbol id="sm-8dd">
         <name>EUSCIA3_IRQHandler</name>
         <value>0x5c3f</value>
      </symbol>
      <symbol id="sm-8de">
         <name>EUSCIB0_IRQHandler</name>
         <value>0x5c3f</value>
      </symbol>
      <symbol id="sm-8df">
         <name>EUSCIB1_IRQHandler</name>
         <value>0x5c3f</value>
      </symbol>
      <symbol id="sm-8e0">
         <name>EUSCIB2_IRQHandler</name>
         <value>0x5c3f</value>
      </symbol>
      <symbol id="sm-8e1">
         <name>EUSCIB3_IRQHandler</name>
         <value>0x5c3f</value>
      </symbol>
      <symbol id="sm-8e2">
         <name>ADC14_IRQHandler</name>
         <value>0x5c3f</value>
      </symbol>
      <symbol id="sm-8e3">
         <name>T32_INT1_IRQHandler</name>
         <value>0x5c3f</value>
      </symbol>
      <symbol id="sm-8e4">
         <name>T32_INT2_IRQHandler</name>
         <value>0x5c3f</value>
      </symbol>
      <symbol id="sm-8e5">
         <name>T32_INTC_IRQHandler</name>
         <value>0x5c3f</value>
      </symbol>
      <symbol id="sm-8e6">
         <name>AES256_IRQHandler</name>
         <value>0x5c3f</value>
      </symbol>
      <symbol id="sm-8e7">
         <name>RTC_C_IRQHandler</name>
         <value>0x11c9</value>
      </symbol>
      <symbol id="sm-8e8">
         <name>DMA_ERR_IRQHandler</name>
         <value>0x5c3f</value>
      </symbol>
      <symbol id="sm-8e9">
         <name>DMA_INT3_IRQHandler</name>
         <value>0x5c3f</value>
      </symbol>
      <symbol id="sm-8ea">
         <name>DMA_INT2_IRQHandler</name>
         <value>0x5c3f</value>
      </symbol>
      <symbol id="sm-8eb">
         <name>DMA_INT1_IRQHandler</name>
         <value>0x5c3f</value>
      </symbol>
      <symbol id="sm-8ec">
         <name>DMA_INT0_IRQHandler</name>
         <value>0x5c3f</value>
      </symbol>
      <symbol id="sm-8ed">
         <name>PORT1_IRQHandler</name>
         <value>0x12d9</value>
      </symbol>
      <symbol id="sm-8ee">
         <name>PORT2_IRQHandler</name>
         <value>0x5c3f</value>
      </symbol>
      <symbol id="sm-8ef">
         <name>PORT3_IRQHandler</name>
         <value>0x5c3f</value>
      </symbol>
      <symbol id="sm-8f0">
         <name>PORT4_IRQHandler</name>
         <value>0x5c3f</value>
      </symbol>
      <symbol id="sm-8f1">
         <name>PORT5_IRQHandler</name>
         <value>0x5c3f</value>
      </symbol>
      <symbol id="sm-8f2">
         <name>PORT6_IRQHandler</name>
         <value>0x5c3f</value>
      </symbol>
   </symbol_table>
   <title>Link successful</title>
</link_info>
