******************************************************************************
                  TI ARM Linker PC v18.1.3                     
******************************************************************************
>> Linked Wed Oct 17 11:49:39 2018

OUTPUT FILE NAME:   <Lab_3_Pre_lab.out>
ENTRY POINT SYMBOL: "_c_int00_noargs"  address: 00002b9d


MEMORY CONFIGURATION

         name            origin    length      used     unused   attr    fill
----------------------  --------  ---------  --------  --------  ----  --------
  MAIN                  00000000   00040000  00003049  0003cfb7  R  X
  INFO                  00200000   00004000  00000000  00004000  R  X
  SRAM_CODE             01000000   00010000  000009b9  0000f647  RW X
  SRAM_DATA             20000000   00010000  000009b9  0000f647  RW  


SEGMENT ALLOCATION MAP

run origin  load origin   length   init length attrs members
----------  ----------- ---------- ----------- ----- -------
00000000    00000000    00003050   00003050    r-x
  00000000    00000000    000000e4   000000e4    r-- .intvecs
  000000e4    000000e4    00002dcc   00002dcc    r-x .text
  00002eb0    00002eb0    00000101   00000101    r-- .const
  00002fb8    00002fb8    00000098   00000098    r-- .cinit
20000000    20000000    000007b9   00000000    rw-
  20000000    20000000    00000400   00000000    rw- .sysmem
  20000400    20000400    000001f0   00000000    rw- .data
  200005f0    200005f0    000001c9   00000000    rw- .bss
2000fe00    2000fe00    00000200   00000000    rw-
  2000fe00    2000fe00    00000200   00000000    rw- .stack


SECTION ALLOCATION MAP

 output                                  attributes/
section   page    origin      length       input sections
--------  ----  ----------  ----------   ----------------
.intvecs   0    00000000    000000e4     
                  00000000    000000e4     startup_msp432p401r_ccs.obj (.intvecs:retain)

.text      0    000000e4    00002dcc     
                  000000e4    00000a5e     rtsv7M4_T_le_v4SPD16_eabi.lib : _printfi.c.obj (.text:__TI_printfi)
                  00000b42    00000002                                   : _lock.c.obj (.text:_nop)
                  00000b44    00000334     system_msp432p401r.obj (.text)
                  00000e78    00000270     rtsv7M4_T_le_v4SPD16_eabi.lib : _printfi.c.obj (.text:_pconv_a)
                  000010e8    000001d0                                   : _printfi.c.obj (.text:_pconv_g)
                  000012b8    000001b6                                   : fd_add_t2.asm.obj (.text)
                  0000146e    00000002                                   : div0.asm.obj (.text)
                  00001470    00000150     Pre_Lab_3_UsingSates.obj (.text)
                  000015c0    0000013c     rtsv7M4_T_le_v4SPD16_eabi.lib : _printfi.c.obj (.text:_pconv_e)
                  000016fc    00000136                                   : fd_div_t2.asm.obj (.text)
                  00001832    00000002     --HOLE-- [fill = 0]
                  00001834    00000120                                   : _printfi.c.obj (.text:fcvt)
                  00001954    00000114                                   : fputs.c.obj (.text:fputs)
                  00001a68    00000110                                   : s_scalbn.c.obj (.text:scalbn)
                  00001b78    000000fc                                   : fd_mul_t2.asm.obj (.text)
                  00001c74    000000dc                                   : setvbuf.c.obj (.text:setvbuf)
                  00001d50    000000d8                                   : memory.c.obj (.text:free)
                  00001e28    000000b1                                   : _printfi.c.obj (.text:_ltostr)
                  00001ed9    00000001     --HOLE-- [fill = 0]
                  00001eda    0000009c                                   : memcpy_t2.asm.obj (.text)
                  00001f76    00000096                                   : ull_div_t2.asm.obj (.text)
                  0000200c    0000008c                                   : fputc.c.obj (.text:fputc)
                  00002098    00000086                                   : fd_cmp_t2.asm.obj (.text:__aeabi_cdcmple)
                  0000211e    00000086                                   : fd_cmp_t2.asm.obj (.text:__aeabi_cdrcmple)
                  000021a4    0000007a                                   : memset_t2.asm.obj (.text)
                  0000221e    00000002     --HOLE-- [fill = 0]
                  00002220    00000078                                   : memory.c.obj (.text:malloc)
                  00002298    00000074                                   : fclose.c.obj (.text:__TI_closefile)
                  0000230c    0000006e                                   : _printfi.c.obj (.text:_mcpy)
                  0000237a    00000002     --HOLE-- [fill = 0]
                  0000237c    00000068                                   : hostlseek.c.obj (.text:HOSTlseek)
                  000023e4    00000068                                   : hostrename.c.obj (.text:HOSTrename)
                  0000244c    00000068                                   : copy_decompress_lzss.c.obj (.text:decompress:lzss:__TI_decompress_lzss)
                  000024b4    00000068                                   : printf.c.obj (.text:printf)
                  0000251c    00000064                                   : s_frexp.c.obj (.text:frexp)
                  00002580    00000064                                   : fseek.c.obj (.text:fseek)
                  000025e4    00000062                                   : _io_perm.c.obj (.text:__TI_wrt_ok)
                  00002646    00000002     --HOLE-- [fill = 0]
                  00002648    00000060                                   : hostopen.c.obj (.text:HOSTopen)
                  000026a8    0000005c                                   : close.c.obj (.text:close)
                  00002704    00000058                                   : hostread.c.obj (.text:HOSTread)
                  0000275c    00000058                                   : hostwrite.c.obj (.text:HOSTwrite)
                  000027b4    00000056                                   : _printfi.c.obj (.text:_pconv_f)
                  0000280a    00000054                                   : ltoa.c.obj (.text:ltoa)
                  0000285e    00000052                                   : _printfi.c.obj (.text:_ecpy)
                  000028b0    0000004c                                   : fflush.c.obj (.text:__TI_doflush)
                  000028fc    0000004c                                   : atoi.c.obj (.text:atoi)
                  00002948    00000048                                   : exit.c.obj (.text:exit)
                  00002990    00000048                                   : fd_toi_t2.asm.obj (.text)
                  000029d8    00000044                                   : hostclose.c.obj (.text:HOSTclose)
                  00002a1c    00000044                                   : hostunlink.c.obj (.text:HOSTunlink)
                  00002a60    00000044                                   : autoinit.c.obj (.text:__TI_auto_init_nobinit_nopinit:__TI_auto_init_nobinit_nopinit)
                  00002aa4    00000044                                   : getdevice.c.obj (.text:getdevice)
                  00002ae8    0000003e                                   : _printfi.c.obj (.text:_fcpy)
                  00002b26    00000002     --HOLE-- [fill = 0]
                  00002b28    0000003c                                   : memory.c.obj (.text:minsert)
                  00002b64    00000038                                   : trgmsg.c.obj (.text:__TI_writemsg)
                  00002b9c    00000038                                   : boot_cortex_m.c.obj (.text:_c_int00_noargs:_c_int00_noargs)
                  00002bd4    00000038                                   : memory.c.obj (.text:minit)
                  00002c0c    00000036                                   : strncpy.c.obj (.text:strncpy)
                  00002c42    00000002     --HOLE-- [fill = 0]
                  00002c44    00000034                                   : fopen.c.obj (.text:__TI_cleanup)
                  00002c78    00000034                                   : trgmsg.c.obj (.text:__TI_readmsg)
                  00002cac    00000030                                   : getdevice.c.obj (.text:finddevice)
                  00002cdc    0000002e                                   : i_tofd_t2.asm.obj (.text)
                  00002d0a    00000002     --HOLE-- [fill = 0]
                  00002d0c    0000002c                                   : unlink.c.obj (.text:unlink)
                  00002d38    00000028                                   : lseek.c.obj (.text:lseek)
                  00002d60    00000028                                   : memory.c.obj (.text:mremove)
                  00002d88    00000028                                   : write.c.obj (.text:write)
                  00002db0    00000020                                   : memchr.c.obj (.text:memchr)
                  00002dd0    0000001c                                   : memccpy.c.obj (.text:memccpy)
                  00002dec    00000018                                   : strcmp.c.obj (.text:strcmp)
                  00002e04    00000016                                   : strchr.c.obj (.text:strchr)
                  00002e1a    00000014                                   : s_copysign.c.obj (.text:copysign)
                  00002e2e    00000014                                   : strcpy.c.obj (.text:strcpy)
                  00002e42    00000014                                   : strlen.c.obj (.text:strlen)
                  00002e56    00000012                                   : copy_zero_init.c.obj (.text:decompress:ZI:__TI_zero_init_nomemset:__TI_zero_init_nomemset)
                  00002e68    00000012                                   : wcslen.c.obj (.text:wcslen)
                  00002e7a    0000000e                                   : copy_decompress_none.c.obj (.text:decompress:none:__TI_decompress_none)
                  00002e88    0000000e     startup_msp432p401r_ccs.obj (.text)
                  00002e96    00000002     --HOLE-- [fill = 0]
                  00002e98    00000008     rtsv7M4_T_le_v4SPD16_eabi.lib : errno.c.obj (.text:__aeabi_errno_addr)
                  00002ea0    00000004                                   : printf.c.obj (.text:_outc)
                  00002ea4    00000004                                   : printf.c.obj (.text:_outs)
                  00002ea8    00000004                                   : pre_init.c.obj (.text:_system_pre_init)
                  00002eac    00000004                                   : exit.c.obj (.text:abort:abort)

.const     0    00002eb0    00000101     
                  00002eb0    00000101     rtsv7M4_T_le_v4SPD16_eabi.lib : ctype.c.obj (.const:.string:_ctypes_)

.cinit     0    00002fb8    00000098     
                  00002fb8    00000073     (.cinit..data.load) [load image, compression = lzss]
                  0000302b    00000001     --HOLE-- [fill = 0]
                  0000302c    0000000c     (__TI_handler_table)
                  00003038    00000008     (.cinit..bss.load) [load image, compression = zero_init]
                  00003040    00000010     (__TI_cinit_table)

.init_array 
*          0    00000000    00000000     UNINITIALIZED

.binit     0    00000000    00000000     

.sysmem    0    20000000    00000400     UNINITIALIZED
                  20000000    00000008     rtsv7M4_T_le_v4SPD16_eabi.lib : memory.c.obj (.sysmem)
                  20000008    000003f8     --HOLE--

.data      0    20000400    000001f0     UNINITIALIZED
                  20000400    000000f0     rtsv7M4_T_le_v4SPD16_eabi.lib : defs.c.obj (.data:_ftable)
                  200004f0    00000078                                   : write.c.obj (.data:_device)
                  20000568    00000050                                   : write.c.obj (.data:_stream)
                  200005b8    00000010                                   : defs.c.obj (.data)
                  200005c8    0000000c                                   : exit.c.obj (.data:$O1$$)
                  200005d4    0000000c                                   : memory.c.obj (.data:$O1$$)
                  200005e0    00000008                                   : _lock.c.obj (.data:$O1$$)
                  200005e8    00000004                                   : errno.c.obj (.data)
                  200005ec    00000004     system_msp432p401r.obj (.data)

.bss       0    200005f0    000001c9     UNINITIALIZED
                  200005f0    00000120     rtsv7M4_T_le_v4SPD16_eabi.lib : trgmsg.c.obj (.bss:_CIOBUF_)
                  20000710    000000a0     (.common:__TI_tmpnams)
                  200007b0    00000008     (.common:parmbuf)
                  200007b8    00000001     (.common:state)

.stack     0    2000fe00    00000200     UNINITIALIZED
                  2000fe00    00000004     rtsv7M4_T_le_v4SPD16_eabi.lib : boot_cortex_m.c.obj (.stack)
                  2000fe04    000001fc     --HOLE--

MODULE SUMMARY

       Module                        code    ro data   rw data
       ------                        ----    -------   -------
    .\
       system_msp432p401r.obj        820     0         8      
       Pre_Lab_3_UsingSates.obj      336     0         2      
       startup_msp432p401r_ccs.obj   14      228       0      
    +--+-----------------------------+-------+---------+---------+
       Total:                        1170    228       10     
                                                              
    C:\ti\ccs810\ccsv8\tools\compiler\ti-cgt-arm_18.1.3.LTS\lib\rtsv7M4_T_le_v4SPD16_eabi.lib
       _printfi.c.obj                4863    0         0      
       defs.c.obj                    0       0         832    
       trgmsg.c.obj                  108     0         576    
       memory.c.obj                  492     0         24     
       write.c.obj                   40      0         400    
       fd_add_t2.asm.obj             438     0         0      
       fd_div_t2.asm.obj             310     0         0      
       fputs.c.obj                   276     0         0      
       s_scalbn.c.obj                272     0         0      
       fd_cmp_t2.asm.obj             268     0         0      
       ctype.c.obj                   0       257       0      
       fd_mul_t2.asm.obj             252     0         0      
       setvbuf.c.obj                 220     0         0      
       memcpy_t2.asm.obj             156     0         0      
       ull_div_t2.asm.obj            150     0         0      
       fputc.c.obj                   140     0         0      
       memset_t2.asm.obj             122     0         0      
       fclose.c.obj                  116     0         0      
       getdevice.c.obj               116     0         0      
       hostopen.c.obj                96      0         16     
       printf.c.obj                  112     0         0      
       copy_decompress_lzss.c.obj    104     0         0      
       hostlseek.c.obj               104     0         0      
       hostrename.c.obj              104     0         0      
       exit.c.obj                    76      0         24     
       fseek.c.obj                   100     0         0      
       s_frexp.c.obj                 100     0         0      
       _io_perm.c.obj                98      0         0      
       close.c.obj                   92      0         0      
       hostread.c.obj                88      0         0      
       hostwrite.c.obj               88      0         0      
       ltoa.c.obj                    84      0         0      
       atoi.c.obj                    76      0         0      
       fflush.c.obj                  76      0         0      
       fd_toi_t2.asm.obj             72      0         0      
       autoinit.c.obj                68      0         0      
       hostclose.c.obj               68      0         0      
       hostunlink.c.obj              68      0         0      
       boot_cortex_m.c.obj           56      0         0      
       strncpy.c.obj                 54      0         0      
       fopen.c.obj                   52      0         0      
       i_tofd_t2.asm.obj             46      0         0      
       unlink.c.obj                  44      0         0      
       lseek.c.obj                   40      0         0      
       memchr.c.obj                  32      0         0      
       memccpy.c.obj                 28      0         0      
       strcmp.c.obj                  24      0         0      
       strchr.c.obj                  22      0         0      
       s_copysign.c.obj              20      0         0      
       strcpy.c.obj                  20      0         0      
       strlen.c.obj                  20      0         0      
       _lock.c.obj                   2       0         16     
       copy_zero_init.c.obj          18      0         0      
       wcslen.c.obj                  18      0         0      
       errno.c.obj                   8       0         8      
       copy_decompress_none.c.obj    14      0         0      
       pre_init.c.obj                4       0         0      
       div0.asm.obj                  2       0         0      
    +--+-----------------------------+-------+---------+---------+
       Total:                        10537   257       1896   
                                                              
       Heap:                         0       0         2048   
       Stack:                        0       0         1024   
       Linker Generated:             0       151       0      
    +--+-----------------------------+-------+---------+---------+
       Grand Total:                  11707   636       4978   


LINKER GENERATED COPY TABLES

__TI_cinit_table @ 00003040 records: 2, size/record: 8, table size: 16
	.data: load addr=00002fb8, load size=00000073 bytes, run addr=20000400, run size=000001f0 bytes, compression=lzss
	.bss: load addr=00003038, load size=00000008 bytes, run addr=200005f0, run size=000001c9 bytes, compression=zero_init


LINKER GENERATED HANDLER TABLE

__TI_handler_table @ 0000302c records: 3, size/record: 4, table size: 12
	index: 0, handler: __TI_decompress_lzss
	index: 1, handler: __TI_decompress_none
	index: 2, handler: __TI_zero_init


GLOBAL SYMBOLS: SORTED ALPHABETICALLY BY Name 

address   name                           
-------   ----                           
00002e95  ADC14_IRQHandler               
00002e95  AES256_IRQHandler              
00002e95  BusFault_Handler               
00002ead  C$$EXIT                        
00002b93  C$$IO$$                        
00002e95  COMP_E0_IRQHandler             
00002e95  COMP_E1_IRQHandler             
00002e95  CS_IRQHandler                  
00002e95  DMA_ERR_IRQHandler             
00002e95  DMA_INT0_IRQHandler            
00002e95  DMA_INT1_IRQHandler            
00002e95  DMA_INT2_IRQHandler            
00002e95  DMA_INT3_IRQHandler            
00002e95  DebugMon_Handler               
00002e95  Default_Handler                
00002e95  EUSCIA0_IRQHandler             
00002e95  EUSCIA1_IRQHandler             
00002e95  EUSCIA2_IRQHandler             
00002e95  EUSCIA3_IRQHandler             
00002e95  EUSCIB0_IRQHandler             
00002e95  EUSCIB1_IRQHandler             
00002e95  EUSCIB2_IRQHandler             
00002e95  EUSCIB3_IRQHandler             
00002e95  FLCTL_IRQHandler               
00002e95  FPU_IRQHandler                 
000029d9  HOSTclose                      
0000237d  HOSTlseek                      
00002649  HOSTopen                       
00002705  HOSTread                       
000023e5  HOSTrename                     
00002a1d  HOSTunlink                     
0000275d  HOSTwrite                      
00002e95  HardFault_Handler              
00002e95  MemManage_Handler              
00002e95  NMI_Handler                    
00002e95  PCM_IRQHandler                 
00002e95  PORT1_IRQHandler               
00002e95  PORT2_IRQHandler               
00002e95  PORT3_IRQHandler               
00002e95  PORT4_IRQHandler               
00002e95  PORT5_IRQHandler               
00002e95  PORT6_IRQHandler               
00002e95  PSS_IRQHandler                 
00002e95  PendSV_Handler                 
00002e95  RTC_C_IRQHandler               
00002e89  Reset_Handler                  
00002e95  SVC_Handler                    
00002e95  SysTick_Handler                
200005ec  SystemCoreClock                
00000b45  SystemCoreClockUpdate          
00000dbd  SystemInit                     
00002e95  T32_INT1_IRQHandler            
00002e95  T32_INT2_IRQHandler            
00002e95  T32_INTC_IRQHandler            
00002e95  TA0_0_IRQHandler               
00002e95  TA0_N_IRQHandler               
00002e95  TA1_0_IRQHandler               
00002e95  TA1_N_IRQHandler               
00002e95  TA2_0_IRQHandler               
00002e95  TA2_N_IRQHandler               
00002e95  TA3_0_IRQHandler               
00002e95  TA3_N_IRQHandler               
00002e95  UsageFault_Handler             
4000480c  WDTCTL_SYM                     
00002e95  WDT_A_IRQHandler               
200005f0  __CIOBUF_                      
20010000  __STACK_END                    
00000200  __STACK_SIZE                   
00000400  __SYSMEM_SIZE                  
00003040  __TI_CINIT_Base                
00003050  __TI_CINIT_Limit               
0000302c  __TI_Handler_Table_Base        
00003038  __TI_Handler_Table_Limit       
00002a61  __TI_auto_init_nobinit_nopinit 
00002c45  __TI_cleanup                   
200005c8  __TI_cleanup_ptr               
00002299  __TI_closefile                 
0000244d  __TI_decompress_lzss           
00002e7b  __TI_decompress_none           
000028b1  __TI_doflush                   
200005cc  __TI_dtors_ptr                 
200005d0  __TI_enable_exit_profile_output
200005b8  __TI_ft_end                    
ffffffff  __TI_pprof_out_hndl            
000000e5  __TI_printfi                   
ffffffff  __TI_prof_data_size            
ffffffff  __TI_prof_data_start           
00002c79  __TI_readmsg                   
00000000  __TI_static_base__             
20000710  __TI_tmpnams                   
00002b65  __TI_writemsg                  
000025e5  __TI_wrt_ok                    
00002e57  __TI_zero_init_nomemset        
00002099  __aeabi_cdcmpeq                
00002099  __aeabi_cdcmple                
0000211f  __aeabi_cdrcmple               
00002991  __aeabi_d2iz                   
000012c3  __aeabi_dadd                   
000016fd  __aeabi_ddiv                   
00001b79  __aeabi_dmul                   
000012b9  __aeabi_dsub                   
00002e99  __aeabi_errno_addr             
00002cdd  __aeabi_i2d                    
0000146f  __aeabi_idiv0                  
0000146f  __aeabi_ldiv0                  
000021a5  __aeabi_memclr                 
000021a5  __aeabi_memclr4                
000021a5  __aeabi_memclr8                
00001edb  __aeabi_memcpy                 
00001edb  __aeabi_memcpy4                
00001edb  __aeabi_memcpy8                
000021a7  __aeabi_memset                 
000021a7  __aeabi_memset4                
000021a7  __aeabi_memset8                
200005c4  __aeabi_stderr                 
200005bc  __aeabi_stdin                  
200005c0  __aeabi_stdout                 
00001f77  __aeabi_uldivmod               
ffffffff  __binit__                      
ffffffff  __c_args__                     
00001551  __delay_cycle                  
UNDEFED   __mpu_init                     
2000fe00  __stack                        
00002b9d  _c_int00_noargs                
00002eb0  _ctypes_                       
200004f0  _device                        
20000400  _ftable                        
200005e0  _lock                          
00000b43  _nop                           
20000568  _stream                        
20000000  _sys_memory                    
UNDEFED   _system_post_cinit             
00002ea9  _system_pre_init               
200005e4  _unlock                        
00002ead  abort                          
000028fd  atoi                           
ffffffff  binit                          
0000150d  butPres                        
000026a9  close                          
00002e1b  copysign                       
00002e1b  copysignl                      
200005e8  errno                          
00002949  exit                           
00002cad  finddevice                     
0000200d  fputc                          
00001955  fputs                          
00001d51  free                           
0000251d  frexp                          
0000251d  frexpl                         
00002581  fseek                          
00002aa5  getdevice                      
00000000  interruptVectors               
00001a69  ldexp                          
00001a69  ldexpl                         
00002d39  lseek                          
0000280b  ltoa                           
00001471  main                           
00002221  malloc                         
00002dd1  memccpy                        
00002db1  memchr                         
00001edb  memcpy                         
000021ad  memset                         
00002bd5  minit                          
200007b0  parmbuf                        
000024b5  printf                         
0000200d  putc                           
00002d0d  remove                         
00001a69  scalbn                         
00001a69  scalbnl                        
00001c75  setvbuf                        
200007b8  state                          
00002e05  strchr                         
00002ded  strcmp                         
00002e2f  strcpy                         
00002e43  strlen                         
00002c0d  strncpy                        
00002d0d  unlink                         
00002e69  wcslen                         
00002d89  write                          


GLOBAL SYMBOLS: SORTED BY Symbol Address 

address   name                           
-------   ----                           
00000000  __TI_static_base__             
00000000  interruptVectors               
000000e5  __TI_printfi                   
00000200  __STACK_SIZE                   
00000400  __SYSMEM_SIZE                  
00000b43  _nop                           
00000b45  SystemCoreClockUpdate          
00000dbd  SystemInit                     
000012b9  __aeabi_dsub                   
000012c3  __aeabi_dadd                   
0000146f  __aeabi_idiv0                  
0000146f  __aeabi_ldiv0                  
00001471  main                           
0000150d  butPres                        
00001551  __delay_cycle                  
000016fd  __aeabi_ddiv                   
00001955  fputs                          
00001a69  ldexp                          
00001a69  ldexpl                         
00001a69  scalbn                         
00001a69  scalbnl                        
00001b79  __aeabi_dmul                   
00001c75  setvbuf                        
00001d51  free                           
00001edb  __aeabi_memcpy                 
00001edb  __aeabi_memcpy4                
00001edb  __aeabi_memcpy8                
00001edb  memcpy                         
00001f77  __aeabi_uldivmod               
0000200d  fputc                          
0000200d  putc                           
00002099  __aeabi_cdcmpeq                
00002099  __aeabi_cdcmple                
0000211f  __aeabi_cdrcmple               
000021a5  __aeabi_memclr                 
000021a5  __aeabi_memclr4                
000021a5  __aeabi_memclr8                
000021a7  __aeabi_memset                 
000021a7  __aeabi_memset4                
000021a7  __aeabi_memset8                
000021ad  memset                         
00002221  malloc                         
00002299  __TI_closefile                 
0000237d  HOSTlseek                      
000023e5  HOSTrename                     
0000244d  __TI_decompress_lzss           
000024b5  printf                         
0000251d  frexp                          
0000251d  frexpl                         
00002581  fseek                          
000025e5  __TI_wrt_ok                    
00002649  HOSTopen                       
000026a9  close                          
00002705  HOSTread                       
0000275d  HOSTwrite                      
0000280b  ltoa                           
000028b1  __TI_doflush                   
000028fd  atoi                           
00002949  exit                           
00002991  __aeabi_d2iz                   
000029d9  HOSTclose                      
00002a1d  HOSTunlink                     
00002a61  __TI_auto_init_nobinit_nopinit 
00002aa5  getdevice                      
00002b65  __TI_writemsg                  
00002b93  C$$IO$$                        
00002b9d  _c_int00_noargs                
00002bd5  minit                          
00002c0d  strncpy                        
00002c45  __TI_cleanup                   
00002c79  __TI_readmsg                   
00002cad  finddevice                     
00002cdd  __aeabi_i2d                    
00002d0d  remove                         
00002d0d  unlink                         
00002d39  lseek                          
00002d89  write                          
00002db1  memchr                         
00002dd1  memccpy                        
00002ded  strcmp                         
00002e05  strchr                         
00002e1b  copysign                       
00002e1b  copysignl                      
00002e2f  strcpy                         
00002e43  strlen                         
00002e57  __TI_zero_init_nomemset        
00002e69  wcslen                         
00002e7b  __TI_decompress_none           
00002e89  Reset_Handler                  
00002e95  ADC14_IRQHandler               
00002e95  AES256_IRQHandler              
00002e95  BusFault_Handler               
00002e95  COMP_E0_IRQHandler             
00002e95  COMP_E1_IRQHandler             
00002e95  CS_IRQHandler                  
00002e95  DMA_ERR_IRQHandler             
00002e95  DMA_INT0_IRQHandler            
00002e95  DMA_INT1_IRQHandler            
00002e95  DMA_INT2_IRQHandler            
00002e95  DMA_INT3_IRQHandler            
00002e95  DebugMon_Handler               
00002e95  Default_Handler                
00002e95  EUSCIA0_IRQHandler             
00002e95  EUSCIA1_IRQHandler             
00002e95  EUSCIA2_IRQHandler             
00002e95  EUSCIA3_IRQHandler             
00002e95  EUSCIB0_IRQHandler             
00002e95  EUSCIB1_IRQHandler             
00002e95  EUSCIB2_IRQHandler             
00002e95  EUSCIB3_IRQHandler             
00002e95  FLCTL_IRQHandler               
00002e95  FPU_IRQHandler                 
00002e95  HardFault_Handler              
00002e95  MemManage_Handler              
00002e95  NMI_Handler                    
00002e95  PCM_IRQHandler                 
00002e95  PORT1_IRQHandler               
00002e95  PORT2_IRQHandler               
00002e95  PORT3_IRQHandler               
00002e95  PORT4_IRQHandler               
00002e95  PORT5_IRQHandler               
00002e95  PORT6_IRQHandler               
00002e95  PSS_IRQHandler                 
00002e95  PendSV_Handler                 
00002e95  RTC_C_IRQHandler               
00002e95  SVC_Handler                    
00002e95  SysTick_Handler                
00002e95  T32_INT1_IRQHandler            
00002e95  T32_INT2_IRQHandler            
00002e95  T32_INTC_IRQHandler            
00002e95  TA0_0_IRQHandler               
00002e95  TA0_N_IRQHandler               
00002e95  TA1_0_IRQHandler               
00002e95  TA1_N_IRQHandler               
00002e95  TA2_0_IRQHandler               
00002e95  TA2_N_IRQHandler               
00002e95  TA3_0_IRQHandler               
00002e95  TA3_N_IRQHandler               
00002e95  UsageFault_Handler             
00002e95  WDT_A_IRQHandler               
00002e99  __aeabi_errno_addr             
00002ea9  _system_pre_init               
00002ead  C$$EXIT                        
00002ead  abort                          
00002eb0  _ctypes_                       
0000302c  __TI_Handler_Table_Base        
00003038  __TI_Handler_Table_Limit       
00003040  __TI_CINIT_Base                
00003050  __TI_CINIT_Limit               
20000000  _sys_memory                    
20000400  _ftable                        
200004f0  _device                        
20000568  _stream                        
200005b8  __TI_ft_end                    
200005bc  __aeabi_stdin                  
200005c0  __aeabi_stdout                 
200005c4  __aeabi_stderr                 
200005c8  __TI_cleanup_ptr               
200005cc  __TI_dtors_ptr                 
200005d0  __TI_enable_exit_profile_output
200005e0  _lock                          
200005e4  _unlock                        
200005e8  errno                          
200005ec  SystemCoreClock                
200005f0  __CIOBUF_                      
20000710  __TI_tmpnams                   
200007b0  parmbuf                        
200007b8  state                          
2000fe00  __stack                        
20010000  __STACK_END                    
4000480c  WDTCTL_SYM                     
ffffffff  __TI_pprof_out_hndl            
ffffffff  __TI_prof_data_size            
ffffffff  __TI_prof_data_start           
ffffffff  __binit__                      
ffffffff  __c_args__                     
ffffffff  binit                          
UNDEFED   __mpu_init                     
UNDEFED   _system_post_cinit             

[179 symbols]
