******************************************************************************
                  TI ARM Linker PC v18.1.3                     
******************************************************************************
>> Linked Wed Sep 12 19:32:34 2018

OUTPUT FILE NAME:   <Mat.out>
ENTRY POINT SYMBOL: "_c_int00_noargs"  address: 00002b61


MEMORY CONFIGURATION

         name            origin    length      used     unused   attr    fill
----------------------  --------  ---------  --------  --------  ----  --------
  MAIN                  00000000   00040000  0000300d  0003cff3  R  X
  INFO                  00200000   00004000  00000000  00004000  R  X
  SRAM_CODE             01000000   00010000  000009b9  0000f647  RW X
  SRAM_DATA             20000000   00010000  000009b9  0000f647  RW  


SEGMENT ALLOCATION MAP

run origin  load origin   length   init length attrs members
----------  ----------- ---------- ----------- ----- -------
00000000    00000000    00003010   00003010    r-x
  00000000    00000000    000000e4   000000e4    r-- .intvecs
  000000e4    000000e4    00002d90   00002d90    r-x .text
  00002e74    00002e74    00000101   00000101    r-- .const
  00002f78    00002f78    00000098   00000098    r-- .cinit
20000000    20000000    000007b9   00000000    rw-
  20000000    20000000    00000400   00000000    rw- .sysmem
  20000400    20000400    000001f0   00000000    rw- .data
  200005f0    200005f0    000001c9   00000000    rw- .bss
2000fe00    2000fe00    00000200   00000000    rw-
  2000fe00    2000fe00    00000200   00000000    rw- .stack


SECTION ALLOCATION MAP

 output                                  attributes/
section   page    origin      length       input sections
--------  ----  ----------  ----------   ----------------
.intvecs   0    00000000    000000e4     
                  00000000    000000e4     startup_msp432p401r_ccs.obj (.intvecs:retain)

.text      0    000000e4    00002d90     
                  000000e4    00000a5e     rtsv7M4_T_le_v4SPD16_eabi.lib : _printfi.c.obj (.text:__TI_printfi)
                  00000b42    00000002                                   : _lock.c.obj (.text:_nop)
                  00000b44    00000334     system_msp432p401r.obj (.text)
                  00000e78    00000270     rtsv7M4_T_le_v4SPD16_eabi.lib : _printfi.c.obj (.text:_pconv_a)
                  000010e8    000001d0                                   : _printfi.c.obj (.text:_pconv_g)
                  000012b8    000001b6                                   : fd_add_t2.asm.obj (.text)
                  0000146e    00000002                                   : div0.asm.obj (.text)
                  00001470    0000013c                                   : _printfi.c.obj (.text:_pconv_e)
                  000015ac    00000136                                   : fd_div_t2.asm.obj (.text)
                  000016e2    00000002     --HOLE-- [fill = 0]
                  000016e4    00000120                                   : _printfi.c.obj (.text:fcvt)
                  00001804    00000114     Pre_Lab_3_UsingSates.obj (.text)
                  00001918    00000114     rtsv7M4_T_le_v4SPD16_eabi.lib : fputs.c.obj (.text:fputs)
                  00001a2c    00000110                                   : s_scalbn.c.obj (.text:scalbn)
                  00001b3c    000000fc                                   : fd_mul_t2.asm.obj (.text)
                  00001c38    000000dc                                   : setvbuf.c.obj (.text:setvbuf)
                  00001d14    000000d8                                   : memory.c.obj (.text:free)
                  00001dec    000000b1                                   : _printfi.c.obj (.text:_ltostr)
                  00001e9d    00000001     --HOLE-- [fill = 0]
                  00001e9e    0000009c                                   : memcpy_t2.asm.obj (.text)
                  00001f3a    00000096                                   : ull_div_t2.asm.obj (.text)
                  00001fd0    0000008c                                   : fputc.c.obj (.text:fputc)
                  0000205c    00000086                                   : fd_cmp_t2.asm.obj (.text:__aeabi_cdcmple)
                  000020e2    00000086                                   : fd_cmp_t2.asm.obj (.text:__aeabi_cdrcmple)
                  00002168    0000007a                                   : memset_t2.asm.obj (.text)
                  000021e2    00000002     --HOLE-- [fill = 0]
                  000021e4    00000078                                   : memory.c.obj (.text:malloc)
                  0000225c    00000074                                   : fclose.c.obj (.text:__TI_closefile)
                  000022d0    0000006e                                   : _printfi.c.obj (.text:_mcpy)
                  0000233e    00000002     --HOLE-- [fill = 0]
                  00002340    00000068                                   : hostlseek.c.obj (.text:HOSTlseek)
                  000023a8    00000068                                   : hostrename.c.obj (.text:HOSTrename)
                  00002410    00000068                                   : copy_decompress_lzss.c.obj (.text:decompress:lzss:__TI_decompress_lzss)
                  00002478    00000068                                   : printf.c.obj (.text:printf)
                  000024e0    00000064                                   : s_frexp.c.obj (.text:frexp)
                  00002544    00000064                                   : fseek.c.obj (.text:fseek)
                  000025a8    00000062                                   : _io_perm.c.obj (.text:__TI_wrt_ok)
                  0000260a    00000002     --HOLE-- [fill = 0]
                  0000260c    00000060                                   : hostopen.c.obj (.text:HOSTopen)
                  0000266c    0000005c                                   : close.c.obj (.text:close)
                  000026c8    00000058                                   : hostread.c.obj (.text:HOSTread)
                  00002720    00000058                                   : hostwrite.c.obj (.text:HOSTwrite)
                  00002778    00000056                                   : _printfi.c.obj (.text:_pconv_f)
                  000027ce    00000054                                   : ltoa.c.obj (.text:ltoa)
                  00002822    00000052                                   : _printfi.c.obj (.text:_ecpy)
                  00002874    0000004c                                   : fflush.c.obj (.text:__TI_doflush)
                  000028c0    0000004c                                   : atoi.c.obj (.text:atoi)
                  0000290c    00000048                                   : exit.c.obj (.text:exit)
                  00002954    00000048                                   : fd_toi_t2.asm.obj (.text)
                  0000299c    00000044                                   : hostclose.c.obj (.text:HOSTclose)
                  000029e0    00000044                                   : hostunlink.c.obj (.text:HOSTunlink)
                  00002a24    00000044                                   : autoinit.c.obj (.text:__TI_auto_init_nobinit_nopinit:__TI_auto_init_nobinit_nopinit)
                  00002a68    00000044                                   : getdevice.c.obj (.text:getdevice)
                  00002aac    0000003e                                   : _printfi.c.obj (.text:_fcpy)
                  00002aea    00000002     --HOLE-- [fill = 0]
                  00002aec    0000003c                                   : memory.c.obj (.text:minsert)
                  00002b28    00000038                                   : trgmsg.c.obj (.text:__TI_writemsg)
                  00002b60    00000038                                   : boot_cortex_m.c.obj (.text:_c_int00_noargs:_c_int00_noargs)
                  00002b98    00000038                                   : memory.c.obj (.text:minit)
                  00002bd0    00000036                                   : strncpy.c.obj (.text:strncpy)
                  00002c06    00000002     --HOLE-- [fill = 0]
                  00002c08    00000034                                   : fopen.c.obj (.text:__TI_cleanup)
                  00002c3c    00000034                                   : trgmsg.c.obj (.text:__TI_readmsg)
                  00002c70    00000030                                   : getdevice.c.obj (.text:finddevice)
                  00002ca0    0000002e                                   : i_tofd_t2.asm.obj (.text)
                  00002cce    00000002     --HOLE-- [fill = 0]
                  00002cd0    0000002c                                   : unlink.c.obj (.text:unlink)
                  00002cfc    00000028                                   : lseek.c.obj (.text:lseek)
                  00002d24    00000028                                   : memory.c.obj (.text:mremove)
                  00002d4c    00000028                                   : write.c.obj (.text:write)
                  00002d74    00000020                                   : memchr.c.obj (.text:memchr)
                  00002d94    0000001c                                   : memccpy.c.obj (.text:memccpy)
                  00002db0    00000018                                   : strcmp.c.obj (.text:strcmp)
                  00002dc8    00000016                                   : strchr.c.obj (.text:strchr)
                  00002dde    00000014                                   : s_copysign.c.obj (.text:copysign)
                  00002df2    00000014                                   : strcpy.c.obj (.text:strcpy)
                  00002e06    00000014                                   : strlen.c.obj (.text:strlen)
                  00002e1a    00000012                                   : copy_zero_init.c.obj (.text:decompress:ZI:__TI_zero_init_nomemset:__TI_zero_init_nomemset)
                  00002e2c    00000012                                   : wcslen.c.obj (.text:wcslen)
                  00002e3e    0000000e                                   : copy_decompress_none.c.obj (.text:decompress:none:__TI_decompress_none)
                  00002e4c    0000000e     startup_msp432p401r_ccs.obj (.text)
                  00002e5a    00000002     --HOLE-- [fill = 0]
                  00002e5c    00000008     rtsv7M4_T_le_v4SPD16_eabi.lib : errno.c.obj (.text:__aeabi_errno_addr)
                  00002e64    00000004                                   : printf.c.obj (.text:_outc)
                  00002e68    00000004                                   : printf.c.obj (.text:_outs)
                  00002e6c    00000004                                   : pre_init.c.obj (.text:_system_pre_init)
                  00002e70    00000004                                   : exit.c.obj (.text:abort:abort)

.const     0    00002e74    00000101     
                  00002e74    00000101     rtsv7M4_T_le_v4SPD16_eabi.lib : ctype.c.obj (.const:.string:_ctypes_)

.cinit     0    00002f78    00000098     
                  00002f78    00000072     (.cinit..data.load) [load image, compression = lzss]
                  00002fea    00000002     --HOLE-- [fill = 0]
                  00002fec    0000000c     (__TI_handler_table)
                  00002ff8    00000008     (.cinit..bss.load) [load image, compression = zero_init]
                  00003000    00000010     (__TI_cinit_table)

.init_array 
*          0    00000000    00000000     UNINITIALIZED

.binit     0    00000000    00000000     

.sysmem    0    20000000    00000400     UNINITIALIZED
                  20000000    00000008     rtsv7M4_T_le_v4SPD16_eabi.lib : memory.c.obj (.sysmem)
                  20000008    000003f8     --HOLE--

.data      0    20000400    000001f0     UNINITIALIZED
                  20000400    000000f0     rtsv7M4_T_le_v4SPD16_eabi.lib : defs.c.obj (.data:_ftable)
                  200004f0    00000078                                   : write.c.obj (.data:_device)
                  20000568    00000050                                   : write.c.obj (.data:_stream)
                  200005b8    00000010                                   : defs.c.obj (.data)
                  200005c8    0000000c                                   : exit.c.obj (.data:$O1$$)
                  200005d4    0000000c                                   : memory.c.obj (.data:$O1$$)
                  200005e0    00000008                                   : _lock.c.obj (.data:$O1$$)
                  200005e8    00000004                                   : errno.c.obj (.data)
                  200005ec    00000004     system_msp432p401r.obj (.data)

.bss       0    200005f0    000001c9     UNINITIALIZED
                  200005f0    00000120     rtsv7M4_T_le_v4SPD16_eabi.lib : trgmsg.c.obj (.bss:_CIOBUF_)
                  20000710    000000a0     (.common:__TI_tmpnams)
                  200007b0    00000008     (.common:parmbuf)
                  200007b8    00000001     (.common:state)

.stack     0    2000fe00    00000200     UNINITIALIZED
                  2000fe00    00000004     rtsv7M4_T_le_v4SPD16_eabi.lib : boot_cortex_m.c.obj (.stack)
                  2000fe04    000001fc     --HOLE--

MODULE SUMMARY

       Module                        code    ro data   rw data
       ------                        ----    -------   -------
    .\
       system_msp432p401r.obj        820     0         8      
       Pre_Lab_3_UsingSates.obj      276     0         2      
       startup_msp432p401r_ccs.obj   14      228       0      
    +--+-----------------------------+-------+---------+---------+
       Total:                        1110    228       10     
                                                              
    C:\ti\ccs810\ccsv8\tools\compiler\ti-cgt-arm_18.1.3.LTS\lib\rtsv7M4_T_le_v4SPD16_eabi.lib
       _printfi.c.obj                4863    0         0      
       defs.c.obj                    0       0         832    
       trgmsg.c.obj                  108     0         576    
       memory.c.obj                  492     0         24     
       write.c.obj                   40      0         400    
       fd_add_t2.asm.obj             438     0         0      
       fd_div_t2.asm.obj             310     0         0      
       fputs.c.obj                   276     0         0      
       s_scalbn.c.obj                272     0         0      
       fd_cmp_t2.asm.obj             268     0         0      
       ctype.c.obj                   0       257       0      
       fd_mul_t2.asm.obj             252     0         0      
       setvbuf.c.obj                 220     0         0      
       memcpy_t2.asm.obj             156     0         0      
       ull_div_t2.asm.obj            150     0         0      
       fputc.c.obj                   140     0         0      
       memset_t2.asm.obj             122     0         0      
       fclose.c.obj                  116     0         0      
       getdevice.c.obj               116     0         0      
       hostopen.c.obj                96      0         16     
       printf.c.obj                  112     0         0      
       copy_decompress_lzss.c.obj    104     0         0      
       hostlseek.c.obj               104     0         0      
       hostrename.c.obj              104     0         0      
       exit.c.obj                    76      0         24     
       fseek.c.obj                   100     0         0      
       s_frexp.c.obj                 100     0         0      
       _io_perm.c.obj                98      0         0      
       close.c.obj                   92      0         0      
       hostread.c.obj                88      0         0      
       hostwrite.c.obj               88      0         0      
       ltoa.c.obj                    84      0         0      
       atoi.c.obj                    76      0         0      
       fflush.c.obj                  76      0         0      
       fd_toi_t2.asm.obj             72      0         0      
       autoinit.c.obj                68      0         0      
       hostclose.c.obj               68      0         0      
       hostunlink.c.obj              68      0         0      
       boot_cortex_m.c.obj           56      0         0      
       strncpy.c.obj                 54      0         0      
       fopen.c.obj                   52      0         0      
       i_tofd_t2.asm.obj             46      0         0      
       unlink.c.obj                  44      0         0      
       lseek.c.obj                   40      0         0      
       memchr.c.obj                  32      0         0      
       memccpy.c.obj                 28      0         0      
       strcmp.c.obj                  24      0         0      
       strchr.c.obj                  22      0         0      
       s_copysign.c.obj              20      0         0      
       strcpy.c.obj                  20      0         0      
       strlen.c.obj                  20      0         0      
       _lock.c.obj                   2       0         16     
       copy_zero_init.c.obj          18      0         0      
       wcslen.c.obj                  18      0         0      
       errno.c.obj                   8       0         8      
       copy_decompress_none.c.obj    14      0         0      
       pre_init.c.obj                4       0         0      
       div0.asm.obj                  2       0         0      
    +--+-----------------------------+-------+---------+---------+
       Total:                        10537   257       1896   
                                                              
       Heap:                         0       0         2048   
       Stack:                        0       0         1024   
       Linker Generated:             0       150       0      
    +--+-----------------------------+-------+---------+---------+
       Grand Total:                  11647   635       4978   


LINKER GENERATED COPY TABLES

__TI_cinit_table @ 00003000 records: 2, size/record: 8, table size: 16
	.data: load addr=00002f78, load size=00000072 bytes, run addr=20000400, run size=000001f0 bytes, compression=lzss
	.bss: load addr=00002ff8, load size=00000008 bytes, run addr=200005f0, run size=000001c9 bytes, compression=zero_init


LINKER GENERATED HANDLER TABLE

__TI_handler_table @ 00002fec records: 3, size/record: 4, table size: 12
	index: 0, handler: __TI_decompress_lzss
	index: 1, handler: __TI_decompress_none
	index: 2, handler: __TI_zero_init


GLOBAL SYMBOLS: SORTED ALPHABETICALLY BY Name 

address   name                           
-------   ----                           
00002e59  ADC14_IRQHandler               
00002e59  AES256_IRQHandler              
00002e59  BusFault_Handler               
00002e71  C$$EXIT                        
00002b57  C$$IO$$                        
00002e59  COMP_E0_IRQHandler             
00002e59  COMP_E1_IRQHandler             
00002e59  CS_IRQHandler                  
00002e59  DMA_ERR_IRQHandler             
00002e59  DMA_INT0_IRQHandler            
00002e59  DMA_INT1_IRQHandler            
00002e59  DMA_INT2_IRQHandler            
00002e59  DMA_INT3_IRQHandler            
00002e59  DebugMon_Handler               
00002e59  Default_Handler                
00002e59  EUSCIA0_IRQHandler             
00002e59  EUSCIA1_IRQHandler             
00002e59  EUSCIA2_IRQHandler             
00002e59  EUSCIA3_IRQHandler             
00002e59  EUSCIB0_IRQHandler             
00002e59  EUSCIB1_IRQHandler             
00002e59  EUSCIB2_IRQHandler             
00002e59  EUSCIB3_IRQHandler             
00002e59  FLCTL_IRQHandler               
00002e59  FPU_IRQHandler                 
0000299d  HOSTclose                      
00002341  HOSTlseek                      
0000260d  HOSTopen                       
000026c9  HOSTread                       
000023a9  HOSTrename                     
000029e1  HOSTunlink                     
00002721  HOSTwrite                      
00002e59  HardFault_Handler              
00002e59  MemManage_Handler              
00002e59  NMI_Handler                    
00002e59  PCM_IRQHandler                 
00002e59  PORT1_IRQHandler               
00002e59  PORT2_IRQHandler               
00002e59  PORT3_IRQHandler               
00002e59  PORT4_IRQHandler               
00002e59  PORT5_IRQHandler               
00002e59  PORT6_IRQHandler               
00002e59  PSS_IRQHandler                 
00002e59  PendSV_Handler                 
00002e59  RTC_C_IRQHandler               
00002e4d  Reset_Handler                  
00002e59  SVC_Handler                    
00002e59  SysTick_Handler                
200005ec  SystemCoreClock                
00000b45  SystemCoreClockUpdate          
00000dbd  SystemInit                     
00002e59  T32_INT1_IRQHandler            
00002e59  T32_INT2_IRQHandler            
00002e59  T32_INTC_IRQHandler            
00002e59  TA0_0_IRQHandler               
00002e59  TA0_N_IRQHandler               
00002e59  TA1_0_IRQHandler               
00002e59  TA1_N_IRQHandler               
00002e59  TA2_0_IRQHandler               
00002e59  TA2_N_IRQHandler               
00002e59  TA3_0_IRQHandler               
00002e59  TA3_N_IRQHandler               
00002e59  UsageFault_Handler             
4000480c  WDTCTL_SYM                     
00002e59  WDT_A_IRQHandler               
200005f0  __CIOBUF_                      
20010000  __STACK_END                    
00000200  __STACK_SIZE                   
00000400  __SYSMEM_SIZE                  
00003000  __TI_CINIT_Base                
00003010  __TI_CINIT_Limit               
00002fec  __TI_Handler_Table_Base        
00002ff8  __TI_Handler_Table_Limit       
00002a25  __TI_auto_init_nobinit_nopinit 
00002c09  __TI_cleanup                   
200005c8  __TI_cleanup_ptr               
0000225d  __TI_closefile                 
00002411  __TI_decompress_lzss           
00002e3f  __TI_decompress_none           
00002875  __TI_doflush                   
200005cc  __TI_dtors_ptr                 
200005d0  __TI_enable_exit_profile_output
200005b8  __TI_ft_end                    
ffffffff  __TI_pprof_out_hndl            
000000e5  __TI_printfi                   
ffffffff  __TI_prof_data_size            
ffffffff  __TI_prof_data_start           
00002c3d  __TI_readmsg                   
00000000  __TI_static_base__             
20000710  __TI_tmpnams                   
00002b29  __TI_writemsg                  
000025a9  __TI_wrt_ok                    
00002e1b  __TI_zero_init_nomemset        
0000205d  __aeabi_cdcmpeq                
0000205d  __aeabi_cdcmple                
000020e3  __aeabi_cdrcmple               
00002955  __aeabi_d2iz                   
000012c3  __aeabi_dadd                   
000015ad  __aeabi_ddiv                   
00001b3d  __aeabi_dmul                   
000012b9  __aeabi_dsub                   
00002e5d  __aeabi_errno_addr             
00002ca1  __aeabi_i2d                    
0000146f  __aeabi_idiv0                  
0000146f  __aeabi_ldiv0                  
00002169  __aeabi_memclr                 
00002169  __aeabi_memclr4                
00002169  __aeabi_memclr8                
00001e9f  __aeabi_memcpy                 
00001e9f  __aeabi_memcpy4                
00001e9f  __aeabi_memcpy8                
0000216b  __aeabi_memset                 
0000216b  __aeabi_memset4                
0000216b  __aeabi_memset8                
200005c4  __aeabi_stderr                 
200005bc  __aeabi_stdin                  
200005c0  __aeabi_stdout                 
00001f3b  __aeabi_uldivmod               
ffffffff  __binit__                      
ffffffff  __c_args__                     
000018b3  __delay_cycle                  
UNDEFED   __mpu_init                     
2000fe00  __stack                        
00002b61  _c_int00_noargs                
00002e74  _ctypes_                       
200004f0  _device                        
20000400  _ftable                        
200005e0  _lock                          
00000b43  _nop                           
20000568  _stream                        
20000000  _sys_memory                    
UNDEFED   _system_post_cinit             
00002e6d  _system_pre_init               
200005e4  _unlock                        
00002e71  abort                          
000028c1  atoi                           
ffffffff  binit                          
0000186f  butPres                        
0000266d  close                          
00002ddf  copysign                       
00002ddf  copysignl                      
200005e8  errno                          
0000290d  exit                           
00002c71  finddevice                     
00001fd1  fputc                          
00001919  fputs                          
00001d15  free                           
000024e1  frexp                          
000024e1  frexpl                         
00002545  fseek                          
00002a69  getdevice                      
00000000  interruptVectors               
00001a2d  ldexp                          
00001a2d  ldexpl                         
00002cfd  lseek                          
000027cf  ltoa                           
00001805  main                           
000021e5  malloc                         
00002d95  memccpy                        
00002d75  memchr                         
00001e9f  memcpy                         
00002171  memset                         
00002b99  minit                          
200007b0  parmbuf                        
00002479  printf                         
00001fd1  putc                           
00002cd1  remove                         
00001a2d  scalbn                         
00001a2d  scalbnl                        
00001c39  setvbuf                        
200007b8  state                          
00002dc9  strchr                         
00002db1  strcmp                         
00002df3  strcpy                         
00002e07  strlen                         
00002bd1  strncpy                        
00002cd1  unlink                         
00002e2d  wcslen                         
00002d4d  write                          


GLOBAL SYMBOLS: SORTED BY Symbol Address 

address   name                           
-------   ----                           
00000000  __TI_static_base__             
00000000  interruptVectors               
000000e5  __TI_printfi                   
00000200  __STACK_SIZE                   
00000400  __SYSMEM_SIZE                  
00000b43  _nop                           
00000b45  SystemCoreClockUpdate          
00000dbd  SystemInit                     
000012b9  __aeabi_dsub                   
000012c3  __aeabi_dadd                   
0000146f  __aeabi_idiv0                  
0000146f  __aeabi_ldiv0                  
000015ad  __aeabi_ddiv                   
00001805  main                           
0000186f  butPres                        
000018b3  __delay_cycle                  
00001919  fputs                          
00001a2d  ldexp                          
00001a2d  ldexpl                         
00001a2d  scalbn                         
00001a2d  scalbnl                        
00001b3d  __aeabi_dmul                   
00001c39  setvbuf                        
00001d15  free                           
00001e9f  __aeabi_memcpy                 
00001e9f  __aeabi_memcpy4                
00001e9f  __aeabi_memcpy8                
00001e9f  memcpy                         
00001f3b  __aeabi_uldivmod               
00001fd1  fputc                          
00001fd1  putc                           
0000205d  __aeabi_cdcmpeq                
0000205d  __aeabi_cdcmple                
000020e3  __aeabi_cdrcmple               
00002169  __aeabi_memclr                 
00002169  __aeabi_memclr4                
00002169  __aeabi_memclr8                
0000216b  __aeabi_memset                 
0000216b  __aeabi_memset4                
0000216b  __aeabi_memset8                
00002171  memset                         
000021e5  malloc                         
0000225d  __TI_closefile                 
00002341  HOSTlseek                      
000023a9  HOSTrename                     
00002411  __TI_decompress_lzss           
00002479  printf                         
000024e1  frexp                          
000024e1  frexpl                         
00002545  fseek                          
000025a9  __TI_wrt_ok                    
0000260d  HOSTopen                       
0000266d  close                          
000026c9  HOSTread                       
00002721  HOSTwrite                      
000027cf  ltoa                           
00002875  __TI_doflush                   
000028c1  atoi                           
0000290d  exit                           
00002955  __aeabi_d2iz                   
0000299d  HOSTclose                      
000029e1  HOSTunlink                     
00002a25  __TI_auto_init_nobinit_nopinit 
00002a69  getdevice                      
00002b29  __TI_writemsg                  
00002b57  C$$IO$$                        
00002b61  _c_int00_noargs                
00002b99  minit                          
00002bd1  strncpy                        
00002c09  __TI_cleanup                   
00002c3d  __TI_readmsg                   
00002c71  finddevice                     
00002ca1  __aeabi_i2d                    
00002cd1  remove                         
00002cd1  unlink                         
00002cfd  lseek                          
00002d4d  write                          
00002d75  memchr                         
00002d95  memccpy                        
00002db1  strcmp                         
00002dc9  strchr                         
00002ddf  copysign                       
00002ddf  copysignl                      
00002df3  strcpy                         
00002e07  strlen                         
00002e1b  __TI_zero_init_nomemset        
00002e2d  wcslen                         
00002e3f  __TI_decompress_none           
00002e4d  Reset_Handler                  
00002e59  ADC14_IRQHandler               
00002e59  AES256_IRQHandler              
00002e59  BusFault_Handler               
00002e59  COMP_E0_IRQHandler             
00002e59  COMP_E1_IRQHandler             
00002e59  CS_IRQHandler                  
00002e59  DMA_ERR_IRQHandler             
00002e59  DMA_INT0_IRQHandler            
00002e59  DMA_INT1_IRQHandler            
00002e59  DMA_INT2_IRQHandler            
00002e59  DMA_INT3_IRQHandler            
00002e59  DebugMon_Handler               
00002e59  Default_Handler                
00002e59  EUSCIA0_IRQHandler             
00002e59  EUSCIA1_IRQHandler             
00002e59  EUSCIA2_IRQHandler             
00002e59  EUSCIA3_IRQHandler             
00002e59  EUSCIB0_IRQHandler             
00002e59  EUSCIB1_IRQHandler             
00002e59  EUSCIB2_IRQHandler             
00002e59  EUSCIB3_IRQHandler             
00002e59  FLCTL_IRQHandler               
00002e59  FPU_IRQHandler                 
00002e59  HardFault_Handler              
00002e59  MemManage_Handler              
00002e59  NMI_Handler                    
00002e59  PCM_IRQHandler                 
00002e59  PORT1_IRQHandler               
00002e59  PORT2_IRQHandler               
00002e59  PORT3_IRQHandler               
00002e59  PORT4_IRQHandler               
00002e59  PORT5_IRQHandler               
00002e59  PORT6_IRQHandler               
00002e59  PSS_IRQHandler                 
00002e59  PendSV_Handler                 
00002e59  RTC_C_IRQHandler               
00002e59  SVC_Handler                    
00002e59  SysTick_Handler                
00002e59  T32_INT1_IRQHandler            
00002e59  T32_INT2_IRQHandler            
00002e59  T32_INTC_IRQHandler            
00002e59  TA0_0_IRQHandler               
00002e59  TA0_N_IRQHandler               
00002e59  TA1_0_IRQHandler               
00002e59  TA1_N_IRQHandler               
00002e59  TA2_0_IRQHandler               
00002e59  TA2_N_IRQHandler               
00002e59  TA3_0_IRQHandler               
00002e59  TA3_N_IRQHandler               
00002e59  UsageFault_Handler             
00002e59  WDT_A_IRQHandler               
00002e5d  __aeabi_errno_addr             
00002e6d  _system_pre_init               
00002e71  C$$EXIT                        
00002e71  abort                          
00002e74  _ctypes_                       
00002fec  __TI_Handler_Table_Base        
00002ff8  __TI_Handler_Table_Limit       
00003000  __TI_CINIT_Base                
00003010  __TI_CINIT_Limit               
20000000  _sys_memory                    
20000400  _ftable                        
200004f0  _device                        
20000568  _stream                        
200005b8  __TI_ft_end                    
200005bc  __aeabi_stdin                  
200005c0  __aeabi_stdout                 
200005c4  __aeabi_stderr                 
200005c8  __TI_cleanup_ptr               
200005cc  __TI_dtors_ptr                 
200005d0  __TI_enable_exit_profile_output
200005e0  _lock                          
200005e4  _unlock                        
200005e8  errno                          
200005ec  SystemCoreClock                
200005f0  __CIOBUF_                      
20000710  __TI_tmpnams                   
200007b0  parmbuf                        
200007b8  state                          
2000fe00  __stack                        
20010000  __STACK_END                    
4000480c  WDTCTL_SYM                     
ffffffff  __TI_pprof_out_hndl            
ffffffff  __TI_prof_data_size            
ffffffff  __TI_prof_data_start           
ffffffff  __binit__                      
ffffffff  __c_args__                     
ffffffff  binit                          
UNDEFED   __mpu_init                     
UNDEFED   _system_post_cinit             

[179 symbols]
