******************************************************************************
                  TI ARM Linker PC v18.1.4                     
******************************************************************************
>> Linked Sun Aug 30 08:42:13 2020

OUTPUT FILE NAME:   <Lab_3_Part_I.out>
ENTRY POINT SYMBOL: "_c_int00_noargs"  address: 00000731


MEMORY CONFIGURATION

         name            origin    length      used     unused   attr    fill
----------------------  --------  ---------  --------  --------  ----  --------
  MAIN                  00000000   00040000  000007ce  0003f832  R  X
  INFO                  00200000   00004000  00000000  00004000  R  X
  SRAM_CODE             01000000   00010000  00000205  0000fdfb  RW X
  SRAM_DATA             20000000   00010000  00000205  0000fdfb  RW  


SEGMENT ALLOCATION MAP

run origin  load origin   length   init length attrs members
----------  ----------- ---------- ----------- ----- -------
00000000    00000000    000007d0   000007d0    r-x
  00000000    00000000    000000e4   000000e4    r-- .intvecs
  000000e4    000000e4    000006ba   000006ba    r-x .text
  000007a0    000007a0    00000030   00000030    r-- .cinit
20000000    20000000    00000005   00000000    rw-
  20000000    20000000    00000004   00000000    rw- .data
  20000004    20000004    00000001   00000000    rw- .bss
2000fe00    2000fe00    00000200   00000000    rw-
  2000fe00    2000fe00    00000200   00000000    rw- .stack


SECTION ALLOCATION MAP

 output                                  attributes/
section   page    origin      length       input sections
--------  ----  ----------  ----------   ----------------
.intvecs   0    00000000    000000e4     
                  00000000    000000e4     startup_msp432p401r_ccs.obj (.intvecs:retain)

.text      0    000000e4    000006ba     
                  000000e4    00000334     system_msp432p401r.obj (.text)
                  00000418    000001d0     Lab_3_Part_I.obj (.text)
                  000005e8    0000009c     rtsv7M4_T_le_v4SPD16_eabi.lib : memcpy_t2.asm.obj (.text)
                  00000684    00000068                                   : copy_decompress_lzss.c.obj (.text:decompress:lzss:__TI_decompress_lzss)
                  000006ec    00000044                                   : autoinit.c.obj (.text:__TI_auto_init_nobinit_nopinit:__TI_auto_init_nobinit_nopinit)
                  00000730    00000038                                   : boot_cortex_m.c.obj (.text:_c_int00_noargs:_c_int00_noargs)
                  00000768    00000012                                   : copy_zero_init.c.obj (.text:decompress:ZI:__TI_zero_init_nomemset:__TI_zero_init_nomemset)
                  0000077a    0000000e                                   : copy_decompress_none.c.obj (.text:decompress:none:__TI_decompress_none)
                  00000788    0000000e     startup_msp432p401r_ccs.obj (.text)
                  00000796    00000004     rtsv7M4_T_le_v4SPD16_eabi.lib : pre_init.c.obj (.text:_system_pre_init)
                  0000079a    00000004                                   : exit.c.obj (.text:abort:abort)

.cinit     0    000007a0    00000030     
                  000007a0    0000000c     (__TI_handler_table)
                  000007ac    00000004     --HOLE-- [fill = 0]
                  000007b0    00000008     (.cinit..bss.load) [load image, compression = zero_init]
                  000007b8    00000008     (.cinit..data.load) [load image, compression = lzss]
                  000007c0    00000010     (__TI_cinit_table)

.init_array 
*          0    00000000    00000000     UNINITIALIZED

.binit     0    00000000    00000000     

.data      0    20000000    00000004     UNINITIALIZED
                  20000000    00000004     system_msp432p401r.obj (.data)

.bss       0    20000004    00000001     UNINITIALIZED
                  20000004    00000001     (.common:state)

.stack     0    2000fe00    00000200     UNINITIALIZED
                  2000fe00    00000004     rtsv7M4_T_le_v4SPD16_eabi.lib : boot_cortex_m.c.obj (.stack)
                  2000fe04    000001fc     --HOLE--

MODULE SUMMARY

       Module                        code   ro data   rw data
       ------                        ----   -------   -------
    .\
       system_msp432p401r.obj        820    0         8      
       Lab_3_Part_I.obj              464    0         2      
       startup_msp432p401r_ccs.obj   14     228       0      
    +--+-----------------------------+------+---------+---------+
       Total:                        1298   228       10     
                                                             
    C:\ti\ccsv8\tools\compiler\ti-cgt-arm_18.1.4.LTS\lib\rtsv7M4_T_le_v4SPD16_eabi.lib
       memcpy_t2.asm.obj             156    0         0      
       copy_decompress_lzss.c.obj    104    0         0      
       autoinit.c.obj                68     0         0      
       boot_cortex_m.c.obj           56     0         0      
       copy_zero_init.c.obj          18     0         0      
       copy_decompress_none.c.obj    14     0         0      
       exit.c.obj                    4      0         0      
       pre_init.c.obj                4      0         0      
    +--+-----------------------------+------+---------+---------+
       Total:                        424    0         0      
                                                             
       Stack:                        0      0         1024   
       Linker Generated:             0      44        0      
    +--+-----------------------------+------+---------+---------+
       Grand Total:                  1722   272       1034   


LINKER GENERATED COPY TABLES

__TI_cinit_table @ 000007c0 records: 2, size/record: 8, table size: 16
	.bss: load addr=000007b0, load size=00000008 bytes, run addr=20000004, run size=00000001 bytes, compression=zero_init
	.data: load addr=000007b8, load size=00000008 bytes, run addr=20000000, run size=00000004 bytes, compression=lzss


LINKER GENERATED HANDLER TABLE

__TI_handler_table @ 000007a0 records: 3, size/record: 4, table size: 12
	index: 0, handler: __TI_decompress_lzss
	index: 1, handler: __TI_decompress_none
	index: 2, handler: __TI_zero_init


GLOBAL SYMBOLS: SORTED ALPHABETICALLY BY Name 

address   name                          
-------   ----                          
00000795  ADC14_IRQHandler              
00000795  AES256_IRQHandler             
00000795  BusFault_Handler              
0000079b  C$$EXIT                       
00000795  COMP_E0_IRQHandler            
00000795  COMP_E1_IRQHandler            
00000795  CS_IRQHandler                 
00000795  DMA_ERR_IRQHandler            
00000795  DMA_INT0_IRQHandler           
00000795  DMA_INT1_IRQHandler           
00000795  DMA_INT2_IRQHandler           
00000795  DMA_INT3_IRQHandler           
00000795  DebugMon_Handler              
00000795  Default_Handler               
00000795  EUSCIA0_IRQHandler            
00000795  EUSCIA1_IRQHandler            
00000795  EUSCIA2_IRQHandler            
00000795  EUSCIA3_IRQHandler            
00000795  EUSCIB0_IRQHandler            
00000795  EUSCIB1_IRQHandler            
00000795  EUSCIB2_IRQHandler            
00000795  EUSCIB3_IRQHandler            
00000795  FLCTL_IRQHandler              
00000795  FPU_IRQHandler                
00000795  HardFault_Handler             
00000795  MemManage_Handler             
00000795  NMI_Handler                   
00000795  PCM_IRQHandler                
00000795  PORT1_IRQHandler              
00000795  PORT2_IRQHandler              
00000795  PORT3_IRQHandler              
00000795  PORT4_IRQHandler              
00000795  PORT5_IRQHandler              
00000795  PORT6_IRQHandler              
00000795  PSS_IRQHandler                
00000795  PendSV_Handler                
00000795  RTC_C_IRQHandler              
00000789  Reset_Handler                 
00000795  SVC_Handler                   
00000795  SysTick_Handler               
20000000  SystemCoreClock               
000000e5  SystemCoreClockUpdate         
0000035d  SystemInit                    
00000795  T32_INT1_IRQHandler           
00000795  T32_INT2_IRQHandler           
00000795  T32_INTC_IRQHandler           
00000795  TA0_0_IRQHandler              
00000795  TA0_N_IRQHandler              
00000795  TA1_0_IRQHandler              
00000795  TA1_N_IRQHandler              
00000795  TA2_0_IRQHandler              
00000795  TA2_N_IRQHandler              
00000795  TA3_0_IRQHandler              
00000795  TA3_N_IRQHandler              
00000795  UsageFault_Handler            
4000480c  WDTCTL_SYM                    
00000795  WDT_A_IRQHandler              
20010000  __STACK_END                   
00000200  __STACK_SIZE                  
000007c0  __TI_CINIT_Base               
000007d0  __TI_CINIT_Limit              
000007a0  __TI_Handler_Table_Base       
000007ac  __TI_Handler_Table_Limit      
000006ed  __TI_auto_init_nobinit_nopinit
00000685  __TI_decompress_lzss          
0000077b  __TI_decompress_none          
ffffffff  __TI_pprof_out_hndl           
ffffffff  __TI_prof_data_size           
ffffffff  __TI_prof_data_start          
00000000  __TI_static_base__            
00000769  __TI_zero_init_nomemset       
000005e9  __aeabi_memcpy                
000005e9  __aeabi_memcpy4               
000005e9  __aeabi_memcpy8               
ffffffff  __binit__                     
ffffffff  __c_args__                    
00000577  __delay_ms                    
UNDEFED   __mpu_init                    
2000fe00  __stack                       
00000731  _c_int00_noargs               
UNDEFED   _system_post_cinit            
00000797  _system_pre_init              
0000079b  abort                         
ffffffff  binit                         
0000052b  butPres                       
00000000  interruptVectors              
00000419  main                          
000005e9  memcpy                        
20000004  state                         
0000055b  sys_tic                       


GLOBAL SYMBOLS: SORTED BY Symbol Address 

address   name                          
-------   ----                          
00000000  __TI_static_base__            
00000000  interruptVectors              
000000e5  SystemCoreClockUpdate         
00000200  __STACK_SIZE                  
0000035d  SystemInit                    
00000419  main                          
0000052b  butPres                       
0000055b  sys_tic                       
00000577  __delay_ms                    
000005e9  __aeabi_memcpy                
000005e9  __aeabi_memcpy4               
000005e9  __aeabi_memcpy8               
000005e9  memcpy                        
00000685  __TI_decompress_lzss          
000006ed  __TI_auto_init_nobinit_nopinit
00000731  _c_int00_noargs               
00000769  __TI_zero_init_nomemset       
0000077b  __TI_decompress_none          
00000789  Reset_Handler                 
00000795  ADC14_IRQHandler              
00000795  AES256_IRQHandler             
00000795  BusFault_Handler              
00000795  COMP_E0_IRQHandler            
00000795  COMP_E1_IRQHandler            
00000795  CS_IRQHandler                 
00000795  DMA_ERR_IRQHandler            
00000795  DMA_INT0_IRQHandler           
00000795  DMA_INT1_IRQHandler           
00000795  DMA_INT2_IRQHandler           
00000795  DMA_INT3_IRQHandler           
00000795  DebugMon_Handler              
00000795  Default_Handler               
00000795  EUSCIA0_IRQHandler            
00000795  EUSCIA1_IRQHandler            
00000795  EUSCIA2_IRQHandler            
00000795  EUSCIA3_IRQHandler            
00000795  EUSCIB0_IRQHandler            
00000795  EUSCIB1_IRQHandler            
00000795  EUSCIB2_IRQHandler            
00000795  EUSCIB3_IRQHandler            
00000795  FLCTL_IRQHandler              
00000795  FPU_IRQHandler                
00000795  HardFault_Handler             
00000795  MemManage_Handler             
00000795  NMI_Handler                   
00000795  PCM_IRQHandler                
00000795  PORT1_IRQHandler              
00000795  PORT2_IRQHandler              
00000795  PORT3_IRQHandler              
00000795  PORT4_IRQHandler              
00000795  PORT5_IRQHandler              
00000795  PORT6_IRQHandler              
00000795  PSS_IRQHandler                
00000795  PendSV_Handler                
00000795  RTC_C_IRQHandler              
00000795  SVC_Handler                   
00000795  SysTick_Handler               
00000795  T32_INT1_IRQHandler           
00000795  T32_INT2_IRQHandler           
00000795  T32_INTC_IRQHandler           
00000795  TA0_0_IRQHandler              
00000795  TA0_N_IRQHandler              
00000795  TA1_0_IRQHandler              
00000795  TA1_N_IRQHandler              
00000795  TA2_0_IRQHandler              
00000795  TA2_N_IRQHandler              
00000795  TA3_0_IRQHandler              
00000795  TA3_N_IRQHandler              
00000795  UsageFault_Handler            
00000795  WDT_A_IRQHandler              
00000797  _system_pre_init              
0000079b  C$$EXIT                       
0000079b  abort                         
000007a0  __TI_Handler_Table_Base       
000007ac  __TI_Handler_Table_Limit      
000007c0  __TI_CINIT_Base               
000007d0  __TI_CINIT_Limit              
20000000  SystemCoreClock               
20000004  state                         
2000fe00  __stack                       
20010000  __STACK_END                   
4000480c  WDTCTL_SYM                    
ffffffff  __TI_pprof_out_hndl           
ffffffff  __TI_prof_data_size           
ffffffff  __TI_prof_data_start          
ffffffff  __binit__                     
ffffffff  __c_args__                    
ffffffff  binit                         
UNDEFED   __mpu_init                    
UNDEFED   _system_post_cinit            

[90 symbols]
