******************************************************************************
                  TI ARM Linker PC v18.1.3                     
******************************************************************************
>> Linked Tue Nov  6 18:12:45 2018

OUTPUT FILE NAME:   <Serial Comunication.out>
ENTRY POINT SYMBOL: "_c_int00_noargs"  address: 000007c5


MEMORY CONFIGURATION

         name            origin    length      used     unused   attr    fill
----------------------  --------  ---------  --------  --------  ----  --------
  MAIN                  00000000   00040000  0000087a  0003f786  R  X
  INFO                  00200000   00004000  00000000  00004000  R  X
  SRAM_CODE             01000000   00010000  0000026a  0000fd96  RW X
  SRAM_DATA             20000000   00010000  0000026a  0000fd96  RW  


SEGMENT ALLOCATION MAP

run origin  load origin   length   init length attrs members
----------  ----------- ---------- ----------- ----- -------
00000000    00000000    00000880   00000880    r-x
  00000000    00000000    000000e4   000000e4    r-- .intvecs
  000000e4    000000e4    00000766   00000766    r-x .text
  00000850    00000850    00000030   00000030    r-- .cinit
20000000    20000000    0000006a   00000000    rw-
  20000000    20000000    00000064   00000000    rw- .bss
  20000064    20000064    00000006   00000000    rw- .data
2000fe00    2000fe00    00000200   00000000    rw-
  2000fe00    2000fe00    00000200   00000000    rw- .stack


SECTION ALLOCATION MAP

 output                                  attributes/
section   page    origin      length       input sections
--------  ----  ----------  ----------   ----------------
.intvecs   0    00000000    000000e4     
                  00000000    000000e4     startup_msp432p401r_ccs.obj (.intvecs:retain)

.text      0    000000e4    00000766     
                  000000e4    00000334     system_msp432p401r.obj (.text)
                  00000418    00000264     main.obj (.text)
                  0000067c    0000009c     rtsv7M4_T_le_v4SPD16_eabi.lib : memcpy_t2.asm.obj (.text)
                  00000718    00000068                                   : copy_decompress_lzss.c.obj (.text:decompress:lzss:__TI_decompress_lzss)
                  00000780    00000044                                   : autoinit.c.obj (.text:__TI_auto_init_nobinit_nopinit:__TI_auto_init_nobinit_nopinit)
                  000007c4    00000038                                   : boot_cortex_m.c.obj (.text:_c_int00_noargs:_c_int00_noargs)
                  000007fc    00000018                                   : strcmp.c.obj (.text:strcmp)
                  00000814    00000012                                   : copy_zero_init.c.obj (.text:decompress:ZI:__TI_zero_init_nomemset:__TI_zero_init_nomemset)
                  00000826    0000000e                                   : copy_decompress_none.c.obj (.text:decompress:none:__TI_decompress_none)
                  00000834    0000000e     startup_msp432p401r_ccs.obj (.text)
                  00000842    00000004     rtsv7M4_T_le_v4SPD16_eabi.lib : pre_init.c.obj (.text:_system_pre_init)
                  00000846    00000004                                   : exit.c.obj (.text:abort:abort)

.cinit     0    00000850    00000030     
                  00000850    0000000c     (__TI_handler_table)
                  0000085c    0000000a     (.cinit..data.load) [load image, compression = lzss]
                  00000866    00000002     --HOLE-- [fill = 0]
                  00000868    00000008     (.cinit..bss.load) [load image, compression = zero_init]
                  00000870    00000010     (__TI_cinit_table)

.init_array 
*          0    00000000    00000000     UNINITIALIZED

.binit     0    00000000    00000000     

.bss       0    20000000    00000064     UNINITIALIZED
                  20000000    00000064     (.common:INPUT_BUFFER)

.data      0    20000064    00000006     UNINITIALIZED
                  20000064    00000004     system_msp432p401r.obj (.data)
                  20000068    00000002     main.obj (.data)

.stack     0    2000fe00    00000200     UNINITIALIZED
                  2000fe00    00000004     rtsv7M4_T_le_v4SPD16_eabi.lib : boot_cortex_m.c.obj (.stack)
                  2000fe04    000001fc     --HOLE--

MODULE SUMMARY

       Module                        code   ro data   rw data
       ------                        ----   -------   -------
    .\
       system_msp432p401r.obj        820    0         8      
       main.obj                      612    0         204    
       startup_msp432p401r_ccs.obj   14     228       0      
    +--+-----------------------------+------+---------+---------+
       Total:                        1446   228       212    
                                                             
    C:\ti\ccs810\ccsv8\tools\compiler\ti-cgt-arm_18.1.3.LTS\lib\rtsv7M4_T_le_v4SPD16_eabi.lib
       memcpy_t2.asm.obj             156    0         0      
       copy_decompress_lzss.c.obj    104    0         0      
       autoinit.c.obj                68     0         0      
       boot_cortex_m.c.obj           56     0         0      
       strcmp.c.obj                  24     0         0      
       copy_zero_init.c.obj          18     0         0      
       copy_decompress_none.c.obj    14     0         0      
       exit.c.obj                    4      0         0      
       pre_init.c.obj                4      0         0      
    +--+-----------------------------+------+---------+---------+
       Total:                        448    0         0      
                                                             
       Stack:                        0      0         1024   
       Linker Generated:             0      46        0      
    +--+-----------------------------+------+---------+---------+
       Grand Total:                  1894   274       1236   


LINKER GENERATED COPY TABLES

__TI_cinit_table @ 00000870 records: 2, size/record: 8, table size: 16
	.data: load addr=0000085c, load size=0000000a bytes, run addr=20000064, run size=00000006 bytes, compression=lzss
	.bss: load addr=00000868, load size=00000008 bytes, run addr=20000000, run size=00000064 bytes, compression=zero_init


LINKER GENERATED HANDLER TABLE

__TI_handler_table @ 00000850 records: 3, size/record: 4, table size: 12
	index: 0, handler: __TI_decompress_lzss
	index: 1, handler: __TI_decompress_none
	index: 2, handler: __TI_zero_init


GLOBAL SYMBOLS: SORTED ALPHABETICALLY BY Name 

address   name                          
-------   ----                          
00000841  ADC14_IRQHandler              
00000841  AES256_IRQHandler             
00000841  BusFault_Handler              
00000847  C$$EXIT                       
00000841  COMP_E0_IRQHandler            
00000841  COMP_E1_IRQHandler            
00000841  CS_IRQHandler                 
00000841  DMA_ERR_IRQHandler            
00000841  DMA_INT0_IRQHandler           
00000841  DMA_INT1_IRQHandler           
00000841  DMA_INT2_IRQHandler           
00000841  DMA_INT3_IRQHandler           
00000841  DebugMon_Handler              
00000841  Default_Handler               
0000054b  EUSCIA0_IRQHandler            
0000054b  EUSCIA0_IRQHandler            
00000841  EUSCIA1_IRQHandler            
00000841  EUSCIA2_IRQHandler            
00000841  EUSCIA3_IRQHandler            
00000841  EUSCIB0_IRQHandler            
00000841  EUSCIB1_IRQHandler            
00000841  EUSCIB2_IRQHandler            
00000841  EUSCIB3_IRQHandler            
00000841  FLCTL_IRQHandler              
00000841  FPU_IRQHandler                
00000841  HardFault_Handler             
20000000  INPUT_BUFFER                  
00000841  MemManage_Handler             
00000841  NMI_Handler                   
00000841  PCM_IRQHandler                
00000841  PORT1_IRQHandler              
00000841  PORT2_IRQHandler              
00000841  PORT3_IRQHandler              
00000841  PORT4_IRQHandler              
00000841  PORT5_IRQHandler              
00000841  PORT6_IRQHandler              
00000841  PSS_IRQHandler                
00000841  PendSV_Handler                
00000841  RTC_C_IRQHandler              
00000835  Reset_Handler                 
00000841  SVC_Handler                   
00000841  SysTick_Handler               
20000064  SystemCoreClock               
000000e5  SystemCoreClockUpdate         
0000035d  SystemInit                    
00000841  T32_INT1_IRQHandler           
00000841  T32_INT2_IRQHandler           
00000841  T32_INTC_IRQHandler           
00000841  TA0_0_IRQHandler              
00000841  TA0_N_IRQHandler              
00000841  TA1_0_IRQHandler              
00000841  TA1_N_IRQHandler              
00000841  TA2_0_IRQHandler              
00000841  TA2_N_IRQHandler              
00000841  TA3_0_IRQHandler              
00000841  TA3_N_IRQHandler              
00000841  UsageFault_Handler            
4000480c  WDTCTL_SYM                    
00000841  WDT_A_IRQHandler              
20010000  __STACK_END                   
00000200  __STACK_SIZE                  
00000870  __TI_CINIT_Base               
00000880  __TI_CINIT_Limit              
00000850  __TI_Handler_Table_Base       
0000085c  __TI_Handler_Table_Limit      
00000781  __TI_auto_init_nobinit_nopinit
00000719  __TI_decompress_lzss          
00000827  __TI_decompress_none          
ffffffff  __TI_pprof_out_hndl           
ffffffff  __TI_prof_data_size           
ffffffff  __TI_prof_data_start          
00000000  __TI_static_base__            
00000815  __TI_zero_init_nomemset       
0000067d  __aeabi_memcpy                
0000067d  __aeabi_memcpy4               
0000067d  __aeabi_memcpy8               
ffffffff  __binit__                     
ffffffff  __c_args__                    
UNDEFED   __mpu_init                    
2000fe00  __stack                       
000007c5  _c_int00_noargs               
UNDEFED   _system_post_cinit            
00000843  _system_pre_init              
00000847  abort                         
ffffffff  binit                         
00000000  interruptVectors              
00000445  main                          
0000067d  memcpy                        
000004db  readInput                     
20000069  read_location                 
00000581  setupP1                       
000005ab  setupSerial                   
20000068  storage_location              
000007fd  strcmp                        
000004a9  writeOutput                   


GLOBAL SYMBOLS: SORTED BY Symbol Address 

address   name                          
-------   ----                          
00000000  __TI_static_base__            
00000000  interruptVectors              
000000e5  SystemCoreClockUpdate         
00000200  __STACK_SIZE                  
0000035d  SystemInit                    
00000445  main                          
000004a9  writeOutput                   
000004db  readInput                     
0000054b  EUSCIA0_IRQHandler            
0000054b  EUSCIA0_IRQHandler            
00000581  setupP1                       
000005ab  setupSerial                   
0000067d  __aeabi_memcpy                
0000067d  __aeabi_memcpy4               
0000067d  __aeabi_memcpy8               
0000067d  memcpy                        
00000719  __TI_decompress_lzss          
00000781  __TI_auto_init_nobinit_nopinit
000007c5  _c_int00_noargs               
000007fd  strcmp                        
00000815  __TI_zero_init_nomemset       
00000827  __TI_decompress_none          
00000835  Reset_Handler                 
00000841  ADC14_IRQHandler              
00000841  AES256_IRQHandler             
00000841  BusFault_Handler              
00000841  COMP_E0_IRQHandler            
00000841  COMP_E1_IRQHandler            
00000841  CS_IRQHandler                 
00000841  DMA_ERR_IRQHandler            
00000841  DMA_INT0_IRQHandler           
00000841  DMA_INT1_IRQHandler           
00000841  DMA_INT2_IRQHandler           
00000841  DMA_INT3_IRQHandler           
00000841  DebugMon_Handler              
00000841  Default_Handler               
00000841  EUSCIA1_IRQHandler            
00000841  EUSCIA2_IRQHandler            
00000841  EUSCIA3_IRQHandler            
00000841  EUSCIB0_IRQHandler            
00000841  EUSCIB1_IRQHandler            
00000841  EUSCIB2_IRQHandler            
00000841  EUSCIB3_IRQHandler            
00000841  FLCTL_IRQHandler              
00000841  FPU_IRQHandler                
00000841  HardFault_Handler             
00000841  MemManage_Handler             
00000841  NMI_Handler                   
00000841  PCM_IRQHandler                
00000841  PORT1_IRQHandler              
00000841  PORT2_IRQHandler              
00000841  PORT3_IRQHandler              
00000841  PORT4_IRQHandler              
00000841  PORT5_IRQHandler              
00000841  PORT6_IRQHandler              
00000841  PSS_IRQHandler                
00000841  PendSV_Handler                
00000841  RTC_C_IRQHandler              
00000841  SVC_Handler                   
00000841  SysTick_Handler               
00000841  T32_INT1_IRQHandler           
00000841  T32_INT2_IRQHandler           
00000841  T32_INTC_IRQHandler           
00000841  TA0_0_IRQHandler              
00000841  TA0_N_IRQHandler              
00000841  TA1_0_IRQHandler              
00000841  TA1_N_IRQHandler              
00000841  TA2_0_IRQHandler              
00000841  TA2_N_IRQHandler              
00000841  TA3_0_IRQHandler              
00000841  TA3_N_IRQHandler              
00000841  UsageFault_Handler            
00000841  WDT_A_IRQHandler              
00000843  _system_pre_init              
00000847  C$$EXIT                       
00000847  abort                         
00000850  __TI_Handler_Table_Base       
0000085c  __TI_Handler_Table_Limit      
00000870  __TI_CINIT_Base               
00000880  __TI_CINIT_Limit              
20000000  INPUT_BUFFER                  
20000064  SystemCoreClock               
20000068  storage_location              
20000069  read_location                 
2000fe00  __stack                       
20010000  __STACK_END                   
4000480c  WDTCTL_SYM                    
ffffffff  __TI_pprof_out_hndl           
ffffffff  __TI_prof_data_size           
ffffffff  __TI_prof_data_start          
ffffffff  __binit__                     
ffffffff  __c_args__                    
ffffffff  binit                         
UNDEFED   __mpu_init                    
UNDEFED   _system_post_cinit            

[95 symbols]
