******************************************************************************
                  TI ARM Linker PC v18.1.3                     
******************************************************************************
>> Linked Fri Oct  5 10:09:48 2018

OUTPUT FILE NAME:   <Lab_6_Pre_Lab.out>
ENTRY POINT SYMBOL: "_c_int00_noargs"  address: 000008fd


MEMORY CONFIGURATION

         name            origin    length      used     unused   attr    fill
----------------------  --------  ---------  --------  --------  ----  --------
  MAIN                  00000000   00040000  00000983  0003f67d  R  X
  INFO                  00200000   00004000  00000000  00004000  R  X
  SRAM_CODE             01000000   00010000  00000204  0000fdfc  RW X
  SRAM_DATA             20000000   00010000  00000204  0000fdfc  RW  


SEGMENT ALLOCATION MAP

run origin  load origin   length   init length attrs members
----------  ----------- ---------- ----------- ----- -------
00000000    00000000    00000988   00000988    r-x
  00000000    00000000    000000e4   000000e4    r-- .intvecs
  000000e4    000000e4    00000874   00000874    r-x .text
  00000958    00000958    00000013   00000013    r-- .const
  00000970    00000970    00000018   00000018    r-- .cinit
20000000    20000000    00000004   00000000    rw-
  20000000    20000000    00000004   00000000    rw- .data
2000fe00    2000fe00    00000200   00000000    rw-
  2000fe00    2000fe00    00000200   00000000    rw- .stack


SECTION ALLOCATION MAP

 output                                  attributes/
section   page    origin      length       input sections
--------  ----  ----------  ----------   ----------------
.intvecs   0    00000000    000000e4     
                  00000000    000000e4     startup_msp432p401r_ccs.obj (.intvecs:retain)

.text      0    000000e4    00000874     
                  000000e4    00000334     system_msp432p401r.obj (.text)
                  00000418    00000230     lcd.obj (.text)
                  00000648    0000016c     Lab_6.obj (.text)
                  000007b4    0000009c     rtsv7M4_T_le_v4SPD16_eabi.lib : memcpy_t2.asm.obj (.text)
                  00000850    00000068                                   : copy_decompress_lzss.c.obj (.text:decompress:lzss:__TI_decompress_lzss)
                  000008b8    00000044                                   : autoinit.c.obj (.text:__TI_auto_init_nobinit_nopinit:__TI_auto_init_nobinit_nopinit)
                  000008fc    00000038                                   : boot_cortex_m.c.obj (.text:_c_int00_noargs:_c_int00_noargs)
                  00000934    0000000e                                   : copy_decompress_none.c.obj (.text:decompress:none:__TI_decompress_none)
                  00000942    0000000e     startup_msp432p401r_ccs.obj (.text)
                  00000950    00000004     rtsv7M4_T_le_v4SPD16_eabi.lib : pre_init.c.obj (.text:_system_pre_init)
                  00000954    00000004                                   : exit.c.obj (.text:abort:abort)

.const     0    00000958    00000013     
                  00000958    00000007     Lab_6.obj (.const:.string:$P$T0$1)
                  0000095f    00000006     Lab_6.obj (.const:.string:$P$T1$2)
                  00000965    00000003     Lab_6.obj (.const:.string:$P$T2$3)
                  00000968    00000003     Lab_6.obj (.const:.string:$P$T3$4)

.cinit     0    00000970    00000018     
                  00000970    00000008     (.cinit..data.load) [load image, compression = lzss]
                  00000978    00000008     (__TI_handler_table)
                  00000980    00000008     (__TI_cinit_table)

.init_array 
*          0    00000000    00000000     UNINITIALIZED

.binit     0    00000000    00000000     

.data      0    20000000    00000004     UNINITIALIZED
                  20000000    00000004     system_msp432p401r.obj (.data)

.stack     0    2000fe00    00000200     UNINITIALIZED
                  2000fe00    00000004     rtsv7M4_T_le_v4SPD16_eabi.lib : boot_cortex_m.c.obj (.stack)
                  2000fe04    000001fc     --HOLE--

MODULE SUMMARY

       Module                        code   ro data   rw data
       ------                        ----   -------   -------
    .\
       system_msp432p401r.obj        820    0         8      
       lcd.obj                       560    0         0      
       Lab_6.obj                     364    19        0      
       startup_msp432p401r_ccs.obj   14     228       0      
    +--+-----------------------------+------+---------+---------+
       Total:                        1758   247       8      
                                                             
    C:\ti\ccs810\ccsv8\tools\compiler\ti-cgt-arm_18.1.3.LTS\lib\rtsv7M4_T_le_v4SPD16_eabi.lib
       memcpy_t2.asm.obj             156    0         0      
       copy_decompress_lzss.c.obj    104    0         0      
       autoinit.c.obj                68     0         0      
       boot_cortex_m.c.obj           56     0         0      
       copy_decompress_none.c.obj    14     0         0      
       exit.c.obj                    4      0         0      
       pre_init.c.obj                4      0         0      
    +--+-----------------------------+------+---------+---------+
       Total:                        406    0         0      
                                                             
       Stack:                        0      0         1024   
       Linker Generated:             0      24        0      
    +--+-----------------------------+------+---------+---------+
       Grand Total:                  2164   271       1032   


LINKER GENERATED COPY TABLES

__TI_cinit_table @ 00000980 records: 1, size/record: 8, table size: 8
	.data: load addr=00000970, load size=00000008 bytes, run addr=20000000, run size=00000004 bytes, compression=lzss


LINKER GENERATED HANDLER TABLE

__TI_handler_table @ 00000978 records: 2, size/record: 4, table size: 8
	index: 0, handler: __TI_decompress_lzss
	index: 1, handler: __TI_decompress_none


GLOBAL SYMBOLS: SORTED ALPHABETICALLY BY Name 

address   name                          
-------   ----                          
0000094f  ADC14_IRQHandler              
0000094f  AES256_IRQHandler             
0000094f  BusFault_Handler              
00000955  C$$EXIT                       
0000094f  COMP_E0_IRQHandler            
0000094f  COMP_E1_IRQHandler            
0000094f  CS_IRQHandler                 
0000094f  DMA_ERR_IRQHandler            
0000094f  DMA_INT0_IRQHandler           
0000094f  DMA_INT1_IRQHandler           
0000094f  DMA_INT2_IRQHandler           
0000094f  DMA_INT3_IRQHandler           
0000094f  DebugMon_Handler              
0000094f  Default_Handler               
0000094f  EUSCIA0_IRQHandler            
0000094f  EUSCIA1_IRQHandler            
0000094f  EUSCIA2_IRQHandler            
0000094f  EUSCIA3_IRQHandler            
0000094f  EUSCIB0_IRQHandler            
0000094f  EUSCIB1_IRQHandler            
0000094f  EUSCIB2_IRQHandler            
0000094f  EUSCIB3_IRQHandler            
0000094f  FLCTL_IRQHandler              
0000094f  FPU_IRQHandler                
0000094f  HardFault_Handler             
0000094f  MemManage_Handler             
0000094f  NMI_Handler                   
0000094f  PCM_IRQHandler                
0000094f  PORT1_IRQHandler              
0000094f  PORT2_IRQHandler              
0000094f  PORT3_IRQHandler              
0000094f  PORT4_IRQHandler              
0000094f  PORT5_IRQHandler              
0000094f  PORT6_IRQHandler              
0000094f  PSS_IRQHandler                
0000094f  PendSV_Handler                
00000483  PulsEnablePin                 
0000094f  RTC_C_IRQHandler              
00000943  Reset_Handler                 
0000094f  SVC_Handler                   
000005c5  StsTick_Init                  
0000094f  SysTick_Handler               
20000000  SystemCoreClock               
000000e5  SystemCoreClockUpdate         
0000035d  SystemInit                    
0000094f  T32_INT1_IRQHandler           
0000094f  T32_INT2_IRQHandler           
0000094f  T32_INTC_IRQHandler           
0000094f  TA0_0_IRQHandler              
0000094f  TA0_N_IRQHandler              
0000094f  TA1_0_IRQHandler              
0000094f  TA1_N_IRQHandler              
0000094f  TA2_0_IRQHandler              
0000094f  TA2_N_IRQHandler              
0000094f  TA3_0_IRQHandler              
0000094f  TA3_N_IRQHandler              
0000094f  UsageFault_Handler            
4000480c  WDTCTL_SYM                    
0000094f  WDT_A_IRQHandler              
20010000  __STACK_END                   
00000200  __STACK_SIZE                  
00000980  __TI_CINIT_Base               
00000988  __TI_CINIT_Limit              
00000978  __TI_Handler_Table_Base       
00000980  __TI_Handler_Table_Limit      
000008b9  __TI_auto_init_nobinit_nopinit
00000851  __TI_decompress_lzss          
00000935  __TI_decompress_none          
ffffffff  __TI_pprof_out_hndl           
ffffffff  __TI_prof_data_size           
ffffffff  __TI_prof_data_start          
00000000  __TI_static_base__            
000007b5  __aeabi_memcpy                
000007b5  __aeabi_memcpy4               
000007b5  __aeabi_memcpy8               
ffffffff  __binit__                     
ffffffff  __c_args__                    
UNDEFED   __mpu_init                    
2000fe00  __stack                       
000008fd  _c_int00_noargs               
UNDEFED   _system_post_cinit            
00000951  _system_pre_init              
00000955  abort                         
ffffffff  binit                         
00000517  comWrit                       
00000531  dataWrit                      
000005e1  delay_micro                   
00000605  delay_ms                      
00000419  initLCD                       
0000054b  initPins                      
00000000  interruptVectors              
00000649  main                          
000007b5  memcpy                        
000004df  pushByt                       
000004b7  pushNib                       


GLOBAL SYMBOLS: SORTED BY Symbol Address 

address   name                          
-------   ----                          
00000000  __TI_static_base__            
00000000  interruptVectors              
000000e5  SystemCoreClockUpdate         
00000200  __STACK_SIZE                  
0000035d  SystemInit                    
00000419  initLCD                       
00000483  PulsEnablePin                 
000004b7  pushNib                       
000004df  pushByt                       
00000517  comWrit                       
00000531  dataWrit                      
0000054b  initPins                      
000005c5  StsTick_Init                  
000005e1  delay_micro                   
00000605  delay_ms                      
00000649  main                          
000007b5  __aeabi_memcpy                
000007b5  __aeabi_memcpy4               
000007b5  __aeabi_memcpy8               
000007b5  memcpy                        
00000851  __TI_decompress_lzss          
000008b9  __TI_auto_init_nobinit_nopinit
000008fd  _c_int00_noargs               
00000935  __TI_decompress_none          
00000943  Reset_Handler                 
0000094f  ADC14_IRQHandler              
0000094f  AES256_IRQHandler             
0000094f  BusFault_Handler              
0000094f  COMP_E0_IRQHandler            
0000094f  COMP_E1_IRQHandler            
0000094f  CS_IRQHandler                 
0000094f  DMA_ERR_IRQHandler            
0000094f  DMA_INT0_IRQHandler           
0000094f  DMA_INT1_IRQHandler           
0000094f  DMA_INT2_IRQHandler           
0000094f  DMA_INT3_IRQHandler           
0000094f  DebugMon_Handler              
0000094f  Default_Handler               
0000094f  EUSCIA0_IRQHandler            
0000094f  EUSCIA1_IRQHandler            
0000094f  EUSCIA2_IRQHandler            
0000094f  EUSCIA3_IRQHandler            
0000094f  EUSCIB0_IRQHandler            
0000094f  EUSCIB1_IRQHandler            
0000094f  EUSCIB2_IRQHandler            
0000094f  EUSCIB3_IRQHandler            
0000094f  FLCTL_IRQHandler              
0000094f  FPU_IRQHandler                
0000094f  HardFault_Handler             
0000094f  MemManage_Handler             
0000094f  NMI_Handler                   
0000094f  PCM_IRQHandler                
0000094f  PORT1_IRQHandler              
0000094f  PORT2_IRQHandler              
0000094f  PORT3_IRQHandler              
0000094f  PORT4_IRQHandler              
0000094f  PORT5_IRQHandler              
0000094f  PORT6_IRQHandler              
0000094f  PSS_IRQHandler                
0000094f  PendSV_Handler                
0000094f  RTC_C_IRQHandler              
0000094f  SVC_Handler                   
0000094f  SysTick_Handler               
0000094f  T32_INT1_IRQHandler           
0000094f  T32_INT2_IRQHandler           
0000094f  T32_INTC_IRQHandler           
0000094f  TA0_0_IRQHandler              
0000094f  TA0_N_IRQHandler              
0000094f  TA1_0_IRQHandler              
0000094f  TA1_N_IRQHandler              
0000094f  TA2_0_IRQHandler              
0000094f  TA2_N_IRQHandler              
0000094f  TA3_0_IRQHandler              
0000094f  TA3_N_IRQHandler              
0000094f  UsageFault_Handler            
0000094f  WDT_A_IRQHandler              
00000951  _system_pre_init              
00000955  C$$EXIT                       
00000955  abort                         
00000978  __TI_Handler_Table_Base       
00000980  __TI_CINIT_Base               
00000980  __TI_Handler_Table_Limit      
00000988  __TI_CINIT_Limit              
20000000  SystemCoreClock               
2000fe00  __stack                       
20010000  __STACK_END                   
4000480c  WDTCTL_SYM                    
ffffffff  __TI_pprof_out_hndl           
ffffffff  __TI_prof_data_size           
ffffffff  __TI_prof_data_start          
ffffffff  __binit__                     
ffffffff  __c_args__                    
ffffffff  binit                         
UNDEFED   __mpu_init                    
UNDEFED   _system_post_cinit            

[95 symbols]
