******************************************************************************
                  TI ARM Linker PC v18.1.3                     
******************************************************************************
>> Linked Wed Oct 17 11:50:03 2018

OUTPUT FILE NAME:   <Lab_7_Part_I.out>
ENTRY POINT SYMBOL: "_c_int00_noargs"  address: 000031b5


MEMORY CONFIGURATION

         name            origin    length      used     unused   attr    fill
----------------------  --------  ---------  --------  --------  ----  --------
  MAIN                  00000000   00040000  00003661  0003c99f  R  X
  INFO                  00200000   00004000  00000000  00004000  R  X
  SRAM_CODE             01000000   00010000  000009be  0000f642  RW X
  SRAM_DATA             20000000   00010000  000009be  0000f642  RW  


SEGMENT ALLOCATION MAP

run origin  load origin   length   init length attrs members
----------  ----------- ---------- ----------- ----- -------
00000000    00000000    00003668   00003668    r-x
  00000000    00000000    000000e4   000000e4    r-- .intvecs
  000000e4    000000e4    000033e4   000033e4    r-x .text
  000034c8    000034c8    00000101   00000101    r-- .const
  000035d0    000035d0    00000098   00000098    r-- .cinit
20000000    20000000    000007c0   00000000    rw-
  20000000    20000000    00000400   00000000    rw- .sysmem
  20000400    20000400    000001f2   00000000    rw- .data
  200005f4    200005f4    000001cc   00000000    rw- .bss
2000fe00    2000fe00    00000200   00000000    rw-
  2000fe00    2000fe00    00000200   00000000    rw- .stack


SECTION ALLOCATION MAP

 output                                  attributes/
section   page    origin      length       input sections
--------  ----  ----------  ----------   ----------------
.intvecs   0    00000000    000000e4     
                  00000000    000000e4     startup_msp432p401r_ccs.obj (.intvecs:retain)

.text      0    000000e4    000033e4     
                  000000e4    00000a5e     rtsv7M4_T_le_v4SPD16_eabi.lib : _printfi.c.obj (.text:__TI_printfi)
                  00000b42    00000002                                   : _lock.c.obj (.text:_nop)
                  00000b44    00000424     motor.obj (.text)
                  00000f68    00000344     Lab_7_PreLab.obj (.text)
                  000012ac    00000334     system_msp432p401r.obj (.text)
                  000015e0    00000270     rtsv7M4_T_le_v4SPD16_eabi.lib : _printfi.c.obj (.text:_pconv_a)
                  00001850    000001d0                                   : _printfi.c.obj (.text:_pconv_g)
                  00001a20    000001b6                                   : fd_add_t2.asm.obj (.text)
                  00001bd6    00000002                                   : div0.asm.obj (.text)
                  00001bd8    0000013c                                   : _printfi.c.obj (.text:_pconv_e)
                  00001d14    00000136                                   : fd_div_t2.asm.obj (.text)
                  00001e4a    00000002     --HOLE-- [fill = 0]
                  00001e4c    00000120                                   : _printfi.c.obj (.text:fcvt)
                  00001f6c    00000114                                   : fputs.c.obj (.text:fputs)
                  00002080    00000110                                   : s_scalbn.c.obj (.text:scalbn)
                  00002190    000000fc                                   : fd_mul_t2.asm.obj (.text)
                  0000228c    000000dc                                   : setvbuf.c.obj (.text:setvbuf)
                  00002368    000000d8                                   : memory.c.obj (.text:free)
                  00002440    000000b1                                   : _printfi.c.obj (.text:_ltostr)
                  000024f1    00000001     --HOLE-- [fill = 0]
                  000024f2    0000009c                                   : memcpy_t2.asm.obj (.text)
                  0000258e    00000096                                   : ull_div_t2.asm.obj (.text)
                  00002624    0000008c                                   : fputc.c.obj (.text:fputc)
                  000026b0    00000086                                   : fd_cmp_t2.asm.obj (.text:__aeabi_cdcmple)
                  00002736    00000086                                   : fd_cmp_t2.asm.obj (.text:__aeabi_cdrcmple)
                  000027bc    0000007a                                   : memset_t2.asm.obj (.text)
                  00002836    00000002     --HOLE-- [fill = 0]
                  00002838    00000078                                   : memory.c.obj (.text:malloc)
                  000028b0    00000074                                   : fclose.c.obj (.text:__TI_closefile)
                  00002924    0000006e                                   : _printfi.c.obj (.text:_mcpy)
                  00002992    00000002     --HOLE-- [fill = 0]
                  00002994    00000068                                   : hostlseek.c.obj (.text:HOSTlseek)
                  000029fc    00000068                                   : hostrename.c.obj (.text:HOSTrename)
                  00002a64    00000068                                   : copy_decompress_lzss.c.obj (.text:decompress:lzss:__TI_decompress_lzss)
                  00002acc    00000068                                   : printf.c.obj (.text:printf)
                  00002b34    00000064                                   : s_frexp.c.obj (.text:frexp)
                  00002b98    00000064                                   : fseek.c.obj (.text:fseek)
                  00002bfc    00000062                                   : _io_perm.c.obj (.text:__TI_wrt_ok)
                  00002c5e    00000002     --HOLE-- [fill = 0]
                  00002c60    00000060                                   : hostopen.c.obj (.text:HOSTopen)
                  00002cc0    0000005c                                   : close.c.obj (.text:close)
                  00002d1c    00000058                                   : hostread.c.obj (.text:HOSTread)
                  00002d74    00000058                                   : hostwrite.c.obj (.text:HOSTwrite)
                  00002dcc    00000056                                   : _printfi.c.obj (.text:_pconv_f)
                  00002e22    00000054                                   : ltoa.c.obj (.text:ltoa)
                  00002e76    00000052                                   : _printfi.c.obj (.text:_ecpy)
                  00002ec8    0000004c                                   : fflush.c.obj (.text:__TI_doflush)
                  00002f14    0000004c                                   : atoi.c.obj (.text:atoi)
                  00002f60    00000048                                   : exit.c.obj (.text:exit)
                  00002fa8    00000048                                   : fd_toi_t2.asm.obj (.text)
                  00002ff0    00000044                                   : hostclose.c.obj (.text:HOSTclose)
                  00003034    00000044                                   : hostunlink.c.obj (.text:HOSTunlink)
                  00003078    00000044                                   : autoinit.c.obj (.text:__TI_auto_init_nobinit_nopinit:__TI_auto_init_nobinit_nopinit)
                  000030bc    00000044                                   : getdevice.c.obj (.text:getdevice)
                  00003100    0000003e                                   : _printfi.c.obj (.text:_fcpy)
                  0000313e    00000002     --HOLE-- [fill = 0]
                  00003140    0000003c                                   : memory.c.obj (.text:minsert)
                  0000317c    00000038                                   : trgmsg.c.obj (.text:__TI_writemsg)
                  000031b4    00000038                                   : boot_cortex_m.c.obj (.text:_c_int00_noargs:_c_int00_noargs)
                  000031ec    00000038                                   : memory.c.obj (.text:minit)
                  00003224    00000036                                   : strncpy.c.obj (.text:strncpy)
                  0000325a    00000002     --HOLE-- [fill = 0]
                  0000325c    00000034                                   : fopen.c.obj (.text:__TI_cleanup)
                  00003290    00000034                                   : trgmsg.c.obj (.text:__TI_readmsg)
                  000032c4    00000030                                   : getdevice.c.obj (.text:finddevice)
                  000032f4    0000002e                                   : i_tofd_t2.asm.obj (.text)
                  00003322    00000002     --HOLE-- [fill = 0]
                  00003324    0000002c                                   : unlink.c.obj (.text:unlink)
                  00003350    00000028                                   : lseek.c.obj (.text:lseek)
                  00003378    00000028                                   : memory.c.obj (.text:mremove)
                  000033a0    00000028                                   : write.c.obj (.text:write)
                  000033c8    00000020                                   : memchr.c.obj (.text:memchr)
                  000033e8    0000001c                                   : memccpy.c.obj (.text:memccpy)
                  00003404    00000018                                   : strcmp.c.obj (.text:strcmp)
                  0000341c    00000016                                   : strchr.c.obj (.text:strchr)
                  00003432    00000014                                   : s_copysign.c.obj (.text:copysign)
                  00003446    00000014                                   : strcpy.c.obj (.text:strcpy)
                  0000345a    00000014                                   : strlen.c.obj (.text:strlen)
                  0000346e    00000012                                   : copy_zero_init.c.obj (.text:decompress:ZI:__TI_zero_init_nomemset:__TI_zero_init_nomemset)
                  00003480    00000012                                   : wcslen.c.obj (.text:wcslen)
                  00003492    0000000e                                   : copy_decompress_none.c.obj (.text:decompress:none:__TI_decompress_none)
                  000034a0    0000000e     startup_msp432p401r_ccs.obj (.text)
                  000034ae    00000002     --HOLE-- [fill = 0]
                  000034b0    00000008     rtsv7M4_T_le_v4SPD16_eabi.lib : errno.c.obj (.text:__aeabi_errno_addr)
                  000034b8    00000004                                   : printf.c.obj (.text:_outc)
                  000034bc    00000004                                   : printf.c.obj (.text:_outs)
                  000034c0    00000004                                   : pre_init.c.obj (.text:_system_pre_init)
                  000034c4    00000004                                   : exit.c.obj (.text:abort:abort)

.const     0    000034c8    00000101     
                  000034c8    00000101     rtsv7M4_T_le_v4SPD16_eabi.lib : ctype.c.obj (.const:.string:_ctypes_)

.cinit     0    000035d0    00000098     
                  000035d0    00000074     (.cinit..data.load) [load image, compression = lzss]
                  00003644    0000000c     (__TI_handler_table)
                  00003650    00000008     (.cinit..bss.load) [load image, compression = zero_init]
                  00003658    00000010     (__TI_cinit_table)

.init_array 
*          0    00000000    00000000     UNINITIALIZED

.binit     0    00000000    00000000     

.sysmem    0    20000000    00000400     UNINITIALIZED
                  20000000    00000008     rtsv7M4_T_le_v4SPD16_eabi.lib : memory.c.obj (.sysmem)
                  20000008    000003f8     --HOLE--

.data      0    20000400    000001f2     UNINITIALIZED
                  20000400    000000f0     rtsv7M4_T_le_v4SPD16_eabi.lib : defs.c.obj (.data:_ftable)
                  200004f0    00000078                                   : write.c.obj (.data:_device)
                  20000568    00000050                                   : write.c.obj (.data:_stream)
                  200005b8    00000010                                   : defs.c.obj (.data)
                  200005c8    0000000c                                   : exit.c.obj (.data:$O1$$)
                  200005d4    0000000c                                   : memory.c.obj (.data:$O1$$)
                  200005e0    00000008                                   : _lock.c.obj (.data:$O1$$)
                  200005e8    00000004                                   : errno.c.obj (.data)
                  200005ec    00000004     system_msp432p401r.obj (.data)
                  200005f0    00000002     Lab_7_PreLab.obj (.data)

.bss       0    200005f4    000001cc     UNINITIALIZED
                  200005f4    00000120     rtsv7M4_T_le_v4SPD16_eabi.lib : trgmsg.c.obj (.bss:_CIOBUF_)
                  20000714    000000a0     (.common:__TI_tmpnams)
                  200007b4    00000008     (.common:parmbuf)
                  200007bc    00000002     (.common:speed)
                  200007be    00000001     (.common:new)
                  200007bf    00000001     (.common:state)

.stack     0    2000fe00    00000200     UNINITIALIZED
                  2000fe00    00000004     rtsv7M4_T_le_v4SPD16_eabi.lib : boot_cortex_m.c.obj (.stack)
                  2000fe04    000001fc     --HOLE--

MODULE SUMMARY

       Module                        code    ro data   rw data
       ------                        ----    -------   -------
    .\
       motor.obj                     1060    0         0      
       Lab_7_PreLab.obj              836     0         12     
       system_msp432p401r.obj        820     0         8      
       startup_msp432p401r_ccs.obj   14      228       0      
    +--+-----------------------------+-------+---------+---------+
       Total:                        2730    228       20     
                                                              
    C:\ti\ccs810\ccsv8\tools\compiler\ti-cgt-arm_18.1.3.LTS\lib\rtsv7M4_T_le_v4SPD16_eabi.lib
       _printfi.c.obj                4863    0         0      
       defs.c.obj                    0       0         832    
       trgmsg.c.obj                  108     0         576    
       memory.c.obj                  492     0         24     
       write.c.obj                   40      0         400    
       fd_add_t2.asm.obj             438     0         0      
       fd_div_t2.asm.obj             310     0         0      
       fputs.c.obj                   276     0         0      
       s_scalbn.c.obj                272     0         0      
       fd_cmp_t2.asm.obj             268     0         0      
       ctype.c.obj                   0       257       0      
       fd_mul_t2.asm.obj             252     0         0      
       setvbuf.c.obj                 220     0         0      
       memcpy_t2.asm.obj             156     0         0      
       ull_div_t2.asm.obj            150     0         0      
       fputc.c.obj                   140     0         0      
       memset_t2.asm.obj             122     0         0      
       fclose.c.obj                  116     0         0      
       getdevice.c.obj               116     0         0      
       hostopen.c.obj                96      0         16     
       printf.c.obj                  112     0         0      
       copy_decompress_lzss.c.obj    104     0         0      
       hostlseek.c.obj               104     0         0      
       hostrename.c.obj              104     0         0      
       exit.c.obj                    76      0         24     
       fseek.c.obj                   100     0         0      
       s_frexp.c.obj                 100     0         0      
       _io_perm.c.obj                98      0         0      
       close.c.obj                   92      0         0      
       hostread.c.obj                88      0         0      
       hostwrite.c.obj               88      0         0      
       ltoa.c.obj                    84      0         0      
       atoi.c.obj                    76      0         0      
       fflush.c.obj                  76      0         0      
       fd_toi_t2.asm.obj             72      0         0      
       autoinit.c.obj                68      0         0      
       hostclose.c.obj               68      0         0      
       hostunlink.c.obj              68      0         0      
       boot_cortex_m.c.obj           56      0         0      
       strncpy.c.obj                 54      0         0      
       fopen.c.obj                   52      0         0      
       i_tofd_t2.asm.obj             46      0         0      
       unlink.c.obj                  44      0         0      
       lseek.c.obj                   40      0         0      
       memchr.c.obj                  32      0         0      
       memccpy.c.obj                 28      0         0      
       strcmp.c.obj                  24      0         0      
       strchr.c.obj                  22      0         0      
       s_copysign.c.obj              20      0         0      
       strcpy.c.obj                  20      0         0      
       strlen.c.obj                  20      0         0      
       _lock.c.obj                   2       0         16     
       copy_zero_init.c.obj          18      0         0      
       wcslen.c.obj                  18      0         0      
       errno.c.obj                   8       0         8      
       copy_decompress_none.c.obj    14      0         0      
       pre_init.c.obj                4       0         0      
       div0.asm.obj                  2       0         0      
    +--+-----------------------------+-------+---------+---------+
       Total:                        10537   257       1896   
                                                              
       Heap:                         0       0         2048   
       Stack:                        0       0         1024   
       Linker Generated:             0       152       0      
    +--+-----------------------------+-------+---------+---------+
       Grand Total:                  13267   637       4988   


LINKER GENERATED COPY TABLES

__TI_cinit_table @ 00003658 records: 2, size/record: 8, table size: 16
	.data: load addr=000035d0, load size=00000074 bytes, run addr=20000400, run size=000001f2 bytes, compression=lzss
	.bss: load addr=00003650, load size=00000008 bytes, run addr=200005f4, run size=000001cc bytes, compression=zero_init


LINKER GENERATED HANDLER TABLE

__TI_handler_table @ 00003644 records: 3, size/record: 4, table size: 12
	index: 0, handler: __TI_decompress_lzss
	index: 1, handler: __TI_decompress_none
	index: 2, handler: __TI_zero_init


GLOBAL SYMBOLS: SORTED ALPHABETICALLY BY Name 

address   name                           
-------   ----                           
000034ad  ADC14_IRQHandler               
000034ad  AES256_IRQHandler              
000034ad  BusFault_Handler               
000034c5  C$$EXIT                        
000031ab  C$$IO$$                        
000034ad  COMP_E0_IRQHandler             
000034ad  COMP_E1_IRQHandler             
000034ad  CS_IRQHandler                  
000034ad  DMA_ERR_IRQHandler             
000034ad  DMA_INT0_IRQHandler            
000034ad  DMA_INT1_IRQHandler            
000034ad  DMA_INT2_IRQHandler            
000034ad  DMA_INT3_IRQHandler            
000034ad  DebugMon_Handler               
000034ad  Default_Handler                
000034ad  EUSCIA0_IRQHandler             
000034ad  EUSCIA1_IRQHandler             
000034ad  EUSCIA2_IRQHandler             
000034ad  EUSCIA3_IRQHandler             
000034ad  EUSCIB0_IRQHandler             
000034ad  EUSCIB1_IRQHandler             
000034ad  EUSCIB2_IRQHandler             
000034ad  EUSCIB3_IRQHandler             
000034ad  FLCTL_IRQHandler               
000034ad  FPU_IRQHandler                 
00002ff1  HOSTclose                      
00002995  HOSTlseek                      
00002c61  HOSTopen                       
00002d1d  HOSTread                       
000029fd  HOSTrename                     
00003035  HOSTunlink                     
00002d75  HOSTwrite                      
000034ad  HardFault_Handler              
00000b45  KeyInit                        
000034ad  MemManage_Handler              
000034ad  NMI_Handler                    
000034ad  PCM_IRQHandler                 
000034ad  PORT1_IRQHandler               
000034ad  PORT2_IRQHandler               
000034ad  PORT3_IRQHandler               
000034ad  PORT4_IRQHandler               
000034ad  PORT5_IRQHandler               
000034ad  PORT6_IRQHandler               
000034ad  PSS_IRQHandler                 
000034ad  PendSV_Handler                 
000034ad  RTC_C_IRQHandler               
000034a1  Reset_Handler                  
000034ad  SVC_Handler                    
00000e59  StsTick_Init                   
000034ad  SysTick_Handler                
200005ec  SystemCoreClock                
000012ad  SystemCoreClockUpdate          
00001525  SystemInit                     
000034ad  T32_INT1_IRQHandler            
000034ad  T32_INT2_IRQHandler            
000034ad  T32_INTC_IRQHandler            
000034ad  TA0_0_IRQHandler               
000034ad  TA0_N_IRQHandler               
000034ad  TA1_0_IRQHandler               
000034ad  TA1_N_IRQHandler               
000034ad  TA2_0_IRQHandler               
000034ad  TA2_N_IRQHandler               
000034ad  TA3_0_IRQHandler               
000034ad  TA3_N_IRQHandler               
000034ad  UsageFault_Handler             
4000480c  WDTCTL_SYM                     
000034ad  WDT_A_IRQHandler               
200005f4  __CIOBUF_                      
20010000  __STACK_END                    
00000200  __STACK_SIZE                   
00000400  __SYSMEM_SIZE                  
00003658  __TI_CINIT_Base                
00003668  __TI_CINIT_Limit               
00003644  __TI_Handler_Table_Base        
00003650  __TI_Handler_Table_Limit       
00003079  __TI_auto_init_nobinit_nopinit 
0000325d  __TI_cleanup                   
200005c8  __TI_cleanup_ptr               
000028b1  __TI_closefile                 
00002a65  __TI_decompress_lzss           
00003493  __TI_decompress_none           
00002ec9  __TI_doflush                   
200005cc  __TI_dtors_ptr                 
200005d0  __TI_enable_exit_profile_output
200005b8  __TI_ft_end                    
ffffffff  __TI_pprof_out_hndl            
000000e5  __TI_printfi                   
ffffffff  __TI_prof_data_size            
ffffffff  __TI_prof_data_start           
00003291  __TI_readmsg                   
00000000  __TI_static_base__             
20000714  __TI_tmpnams                   
0000317d  __TI_writemsg                  
00002bfd  __TI_wrt_ok                    
0000346f  __TI_zero_init_nomemset        
000026b1  __aeabi_cdcmpeq                
000026b1  __aeabi_cdcmple                
00002737  __aeabi_cdrcmple               
00002fa9  __aeabi_d2iz                   
00001a2b  __aeabi_dadd                   
00001d15  __aeabi_ddiv                   
00002191  __aeabi_dmul                   
00001a21  __aeabi_dsub                   
000034b1  __aeabi_errno_addr             
000032f5  __aeabi_i2d                    
00001bd7  __aeabi_idiv0                  
00001bd7  __aeabi_ldiv0                  
000027bd  __aeabi_memclr                 
000027bd  __aeabi_memclr4                
000027bd  __aeabi_memclr8                
000024f3  __aeabi_memcpy                 
000024f3  __aeabi_memcpy4                
000024f3  __aeabi_memcpy8                
000027bf  __aeabi_memset                 
000027bf  __aeabi_memset4                
000027bf  __aeabi_memset8                
200005c4  __aeabi_stderr                 
200005bc  __aeabi_stdin                  
200005c0  __aeabi_stdout                 
0000258f  __aeabi_uldivmod               
ffffffff  __binit__                      
ffffffff  __c_args__                     
UNDEFED   __mpu_init                     
2000fe00  __stack                        
000031b5  _c_int00_noargs                
000034c8  _ctypes_                       
00000e75  _delay_ms                      
200004f0  _device                        
20000400  _ftable                        
200005e0  _lock                          
00000b43  _nop                           
20000568  _stream                        
20000000  _sys_memory                    
UNDEFED   _system_post_cinit             
000034c1  _system_pre_init               
200005e4  _unlock                        
000034c5  abort                          
00002f15  atoi                           
ffffffff  binit                          
00002cc1  close                          
00003433  copysign                       
00003433  copysignl                      
200005e8  errno                          
00002f61  exit                           
000032c5  finddevice                     
00002625  fputc                          
00001f6d  fputs                          
00002369  free                           
00002b35  frexp                          
00002b35  frexpl                         
00002b99  fseek                          
00001039  getKey                         
000030bd  getdevice                      
00000ee1  initMotoPWM                    
00000eab  initTimerA                     
00000000  interruptVectors               
200005f0  keyS                           
00002081  ldexp                          
00002081  ldexpl                         
00003351  lseek                          
00002e23  ltoa                           
00000f69  main                           
00002839  malloc                         
000033e9  memccpy                        
000033c9  memchr                         
000024f3  memcpy                         
000027c5  memset                         
000031ed  minit                          
200007be  new                            
00001057  numTOstring                    
200007b4  parmbuf                        
00002acd  printf                         
00002625  putc                           
00000ccd  readKey                        
00000d8d  readRow                        
00000ecb  relTimer                       
00003325  remove                         
00002081  scalbn                         
00002081  scalbnl                        
00000f11  setMotoPWM                     
0000228d  setvbuf                        
200007bc  speed                          
200007bf  state                          
0000341d  strchr                         
00003405  strcmp                         
00003447  strcpy                         
0000345b  strlen                         
00003225  strncpy                        
00003325  unlink                         
00003481  wcslen                         
000033a1  write                          


GLOBAL SYMBOLS: SORTED BY Symbol Address 

address   name                           
-------   ----                           
00000000  __TI_static_base__             
00000000  interruptVectors               
000000e5  __TI_printfi                   
00000200  __STACK_SIZE                   
00000400  __SYSMEM_SIZE                  
00000b43  _nop                           
00000b45  KeyInit                        
00000ccd  readKey                        
00000d8d  readRow                        
00000e59  StsTick_Init                   
00000e75  _delay_ms                      
00000eab  initTimerA                     
00000ecb  relTimer                       
00000ee1  initMotoPWM                    
00000f11  setMotoPWM                     
00000f69  main                           
00001039  getKey                         
00001057  numTOstring                    
000012ad  SystemCoreClockUpdate          
00001525  SystemInit                     
00001a21  __aeabi_dsub                   
00001a2b  __aeabi_dadd                   
00001bd7  __aeabi_idiv0                  
00001bd7  __aeabi_ldiv0                  
00001d15  __aeabi_ddiv                   
00001f6d  fputs                          
00002081  ldexp                          
00002081  ldexpl                         
00002081  scalbn                         
00002081  scalbnl                        
00002191  __aeabi_dmul                   
0000228d  setvbuf                        
00002369  free                           
000024f3  __aeabi_memcpy                 
000024f3  __aeabi_memcpy4                
000024f3  __aeabi_memcpy8                
000024f3  memcpy                         
0000258f  __aeabi_uldivmod               
00002625  fputc                          
00002625  putc                           
000026b1  __aeabi_cdcmpeq                
000026b1  __aeabi_cdcmple                
00002737  __aeabi_cdrcmple               
000027bd  __aeabi_memclr                 
000027bd  __aeabi_memclr4                
000027bd  __aeabi_memclr8                
000027bf  __aeabi_memset                 
000027bf  __aeabi_memset4                
000027bf  __aeabi_memset8                
000027c5  memset                         
00002839  malloc                         
000028b1  __TI_closefile                 
00002995  HOSTlseek                      
000029fd  HOSTrename                     
00002a65  __TI_decompress_lzss           
00002acd  printf                         
00002b35  frexp                          
00002b35  frexpl                         
00002b99  fseek                          
00002bfd  __TI_wrt_ok                    
00002c61  HOSTopen                       
00002cc1  close                          
00002d1d  HOSTread                       
00002d75  HOSTwrite                      
00002e23  ltoa                           
00002ec9  __TI_doflush                   
00002f15  atoi                           
00002f61  exit                           
00002fa9  __aeabi_d2iz                   
00002ff1  HOSTclose                      
00003035  HOSTunlink                     
00003079  __TI_auto_init_nobinit_nopinit 
000030bd  getdevice                      
0000317d  __TI_writemsg                  
000031ab  C$$IO$$                        
000031b5  _c_int00_noargs                
000031ed  minit                          
00003225  strncpy                        
0000325d  __TI_cleanup                   
00003291  __TI_readmsg                   
000032c5  finddevice                     
000032f5  __aeabi_i2d                    
00003325  remove                         
00003325  unlink                         
00003351  lseek                          
000033a1  write                          
000033c9  memchr                         
000033e9  memccpy                        
00003405  strcmp                         
0000341d  strchr                         
00003433  copysign                       
00003433  copysignl                      
00003447  strcpy                         
0000345b  strlen                         
0000346f  __TI_zero_init_nomemset        
00003481  wcslen                         
00003493  __TI_decompress_none           
000034a1  Reset_Handler                  
000034ad  ADC14_IRQHandler               
000034ad  AES256_IRQHandler              
000034ad  BusFault_Handler               
000034ad  COMP_E0_IRQHandler             
000034ad  COMP_E1_IRQHandler             
000034ad  CS_IRQHandler                  
000034ad  DMA_ERR_IRQHandler             
000034ad  DMA_INT0_IRQHandler            
000034ad  DMA_INT1_IRQHandler            
000034ad  DMA_INT2_IRQHandler            
000034ad  DMA_INT3_IRQHandler            
000034ad  DebugMon_Handler               
000034ad  Default_Handler                
000034ad  EUSCIA0_IRQHandler             
000034ad  EUSCIA1_IRQHandler             
000034ad  EUSCIA2_IRQHandler             
000034ad  EUSCIA3_IRQHandler             
000034ad  EUSCIB0_IRQHandler             
000034ad  EUSCIB1_IRQHandler             
000034ad  EUSCIB2_IRQHandler             
000034ad  EUSCIB3_IRQHandler             
000034ad  FLCTL_IRQHandler               
000034ad  FPU_IRQHandler                 
000034ad  HardFault_Handler              
000034ad  MemManage_Handler              
000034ad  NMI_Handler                    
000034ad  PCM_IRQHandler                 
000034ad  PORT1_IRQHandler               
000034ad  PORT2_IRQHandler               
000034ad  PORT3_IRQHandler               
000034ad  PORT4_IRQHandler               
000034ad  PORT5_IRQHandler               
000034ad  PORT6_IRQHandler               
000034ad  PSS_IRQHandler                 
000034ad  PendSV_Handler                 
000034ad  RTC_C_IRQHandler               
000034ad  SVC_Handler                    
000034ad  SysTick_Handler                
000034ad  T32_INT1_IRQHandler            
000034ad  T32_INT2_IRQHandler            
000034ad  T32_INTC_IRQHandler            
000034ad  TA0_0_IRQHandler               
000034ad  TA0_N_IRQHandler               
000034ad  TA1_0_IRQHandler               
000034ad  TA1_N_IRQHandler               
000034ad  TA2_0_IRQHandler               
000034ad  TA2_N_IRQHandler               
000034ad  TA3_0_IRQHandler               
000034ad  TA3_N_IRQHandler               
000034ad  UsageFault_Handler             
000034ad  WDT_A_IRQHandler               
000034b1  __aeabi_errno_addr             
000034c1  _system_pre_init               
000034c5  C$$EXIT                        
000034c5  abort                          
000034c8  _ctypes_                       
00003644  __TI_Handler_Table_Base        
00003650  __TI_Handler_Table_Limit       
00003658  __TI_CINIT_Base                
00003668  __TI_CINIT_Limit               
20000000  _sys_memory                    
20000400  _ftable                        
200004f0  _device                        
20000568  _stream                        
200005b8  __TI_ft_end                    
200005bc  __aeabi_stdin                  
200005c0  __aeabi_stdout                 
200005c4  __aeabi_stderr                 
200005c8  __TI_cleanup_ptr               
200005cc  __TI_dtors_ptr                 
200005d0  __TI_enable_exit_profile_output
200005e0  _lock                          
200005e4  _unlock                        
200005e8  errno                          
200005ec  SystemCoreClock                
200005f0  keyS                           
200005f4  __CIOBUF_                      
20000714  __TI_tmpnams                   
200007b4  parmbuf                        
200007bc  speed                          
200007be  new                            
200007bf  state                          
2000fe00  __stack                        
20010000  __STACK_END                    
4000480c  WDTCTL_SYM                     
ffffffff  __TI_pprof_out_hndl            
ffffffff  __TI_prof_data_size            
ffffffff  __TI_prof_data_start           
ffffffff  __binit__                      
ffffffff  __c_args__                     
ffffffff  binit                          
UNDEFED   __mpu_init                     
UNDEFED   _system_post_cinit             

[191 symbols]
