******************************************************************************
                  TI ARM Linker PC v18.1.3                     
******************************************************************************
>> Linked Wed Oct 17 11:49:36 2018

OUTPUT FILE NAME:   <Lab_3_Part_II.out>
ENTRY POINT SYMBOL: "_c_int00_noargs"  address: 000006d9


MEMORY CONFIGURATION

         name            origin    length      used     unused   attr    fill
----------------------  --------  ---------  --------  --------  ----  --------
  MAIN                  00000000   00040000  00000776  0003f88a  R  X
  INFO                  00200000   00004000  00000000  00004000  R  X
  SRAM_CODE             01000000   00010000  00000205  0000fdfb  RW X
  SRAM_DATA             20000000   00010000  00000205  0000fdfb  RW  


SEGMENT ALLOCATION MAP

run origin  load origin   length   init length attrs members
----------  ----------- ---------- ----------- ----- -------
00000000    00000000    00000778   00000778    r-x
  00000000    00000000    000000e4   000000e4    r-- .intvecs
  000000e4    000000e4    00000662   00000662    r-x .text
  00000748    00000748    00000030   00000030    r-- .cinit
20000000    20000000    00000005   00000000    rw-
  20000000    20000000    00000004   00000000    rw- .data
  20000004    20000004    00000001   00000000    rw- .bss
2000fe00    2000fe00    00000200   00000000    rw-
  2000fe00    2000fe00    00000200   00000000    rw- .stack


SECTION ALLOCATION MAP

 output                                  attributes/
section   page    origin      length       input sections
--------  ----  ----------  ----------   ----------------
.intvecs   0    00000000    000000e4     
                  00000000    000000e4     startup_msp432p401r_ccs.obj (.intvecs:retain)

.text      0    000000e4    00000662     
                  000000e4    00000334     system_msp432p401r.obj (.text)
                  00000418    00000178     Lab_3_Part_II.obj (.text)
                  00000590    0000009c     rtsv7M4_T_le_v4SPD16_eabi.lib : memcpy_t2.asm.obj (.text)
                  0000062c    00000068                                   : copy_decompress_lzss.c.obj (.text:decompress:lzss:__TI_decompress_lzss)
                  00000694    00000044                                   : autoinit.c.obj (.text:__TI_auto_init_nobinit_nopinit:__TI_auto_init_nobinit_nopinit)
                  000006d8    00000038                                   : boot_cortex_m.c.obj (.text:_c_int00_noargs:_c_int00_noargs)
                  00000710    00000012                                   : copy_zero_init.c.obj (.text:decompress:ZI:__TI_zero_init_nomemset:__TI_zero_init_nomemset)
                  00000722    0000000e                                   : copy_decompress_none.c.obj (.text:decompress:none:__TI_decompress_none)
                  00000730    0000000e     startup_msp432p401r_ccs.obj (.text)
                  0000073e    00000004     rtsv7M4_T_le_v4SPD16_eabi.lib : pre_init.c.obj (.text:_system_pre_init)
                  00000742    00000004                                   : exit.c.obj (.text:abort:abort)

.cinit     0    00000748    00000030     
                  00000748    0000000c     (__TI_handler_table)
                  00000754    00000004     --HOLE-- [fill = 0]
                  00000758    00000008     (.cinit..bss.load) [load image, compression = zero_init]
                  00000760    00000008     (.cinit..data.load) [load image, compression = lzss]
                  00000768    00000010     (__TI_cinit_table)

.init_array 
*          0    00000000    00000000     UNINITIALIZED

.binit     0    00000000    00000000     

.data      0    20000000    00000004     UNINITIALIZED
                  20000000    00000004     system_msp432p401r.obj (.data)

.bss       0    20000004    00000001     UNINITIALIZED
                  20000004    00000001     (.common:state)

.stack     0    2000fe00    00000200     UNINITIALIZED
                  2000fe00    00000004     rtsv7M4_T_le_v4SPD16_eabi.lib : boot_cortex_m.c.obj (.stack)
                  2000fe04    000001fc     --HOLE--

MODULE SUMMARY

       Module                        code   ro data   rw data
       ------                        ----   -------   -------
    .\
       system_msp432p401r.obj        820    0         8      
       Lab_3_Part_II.obj             376    0         2      
       startup_msp432p401r_ccs.obj   14     228       0      
    +--+-----------------------------+------+---------+---------+
       Total:                        1210   228       10     
                                                             
    C:\ti\ccs810\ccsv8\tools\compiler\ti-cgt-arm_18.1.3.LTS\lib\rtsv7M4_T_le_v4SPD16_eabi.lib
       memcpy_t2.asm.obj             156    0         0      
       copy_decompress_lzss.c.obj    104    0         0      
       autoinit.c.obj                68     0         0      
       boot_cortex_m.c.obj           56     0         0      
       copy_zero_init.c.obj          18     0         0      
       copy_decompress_none.c.obj    14     0         0      
       exit.c.obj                    4      0         0      
       pre_init.c.obj                4      0         0      
    +--+-----------------------------+------+---------+---------+
       Total:                        424    0         0      
                                                             
       Stack:                        0      0         1024   
       Linker Generated:             0      44        0      
    +--+-----------------------------+------+---------+---------+
       Grand Total:                  1634   272       1034   


LINKER GENERATED COPY TABLES

__TI_cinit_table @ 00000768 records: 2, size/record: 8, table size: 16
	.bss: load addr=00000758, load size=00000008 bytes, run addr=20000004, run size=00000001 bytes, compression=zero_init
	.data: load addr=00000760, load size=00000008 bytes, run addr=20000000, run size=00000004 bytes, compression=lzss


LINKER GENERATED HANDLER TABLE

__TI_handler_table @ 00000748 records: 3, size/record: 4, table size: 12
	index: 0, handler: __TI_decompress_lzss
	index: 1, handler: __TI_decompress_none
	index: 2, handler: __TI_zero_init


GLOBAL SYMBOLS: SORTED ALPHABETICALLY BY Name 

address   name                          
-------   ----                          
0000073d  ADC14_IRQHandler              
0000073d  AES256_IRQHandler             
0000073d  BusFault_Handler              
00000743  C$$EXIT                       
0000073d  COMP_E0_IRQHandler            
0000073d  COMP_E1_IRQHandler            
0000073d  CS_IRQHandler                 
0000073d  DMA_ERR_IRQHandler            
0000073d  DMA_INT0_IRQHandler           
0000073d  DMA_INT1_IRQHandler           
0000073d  DMA_INT2_IRQHandler           
0000073d  DMA_INT3_IRQHandler           
0000073d  DebugMon_Handler              
0000073d  Default_Handler               
0000073d  EUSCIA0_IRQHandler            
0000073d  EUSCIA1_IRQHandler            
0000073d  EUSCIA2_IRQHandler            
0000073d  EUSCIA3_IRQHandler            
0000073d  EUSCIB0_IRQHandler            
0000073d  EUSCIB1_IRQHandler            
0000073d  EUSCIB2_IRQHandler            
0000073d  EUSCIB3_IRQHandler            
0000073d  FLCTL_IRQHandler              
0000073d  FPU_IRQHandler                
0000073d  HardFault_Handler             
0000073d  MemManage_Handler             
0000073d  NMI_Handler                   
0000073d  PCM_IRQHandler                
0000073d  PORT1_IRQHandler              
0000073d  PORT2_IRQHandler              
0000073d  PORT3_IRQHandler              
0000073d  PORT4_IRQHandler              
0000073d  PORT5_IRQHandler              
0000073d  PORT6_IRQHandler              
0000073d  PSS_IRQHandler                
0000073d  PendSV_Handler                
0000073d  RTC_C_IRQHandler              
00000731  Reset_Handler                 
0000073d  SVC_Handler                   
0000073d  SysTick_Handler               
20000000  SystemCoreClock               
000000e5  SystemCoreClockUpdate         
0000035d  SystemInit                    
0000073d  T32_INT1_IRQHandler           
0000073d  T32_INT2_IRQHandler           
0000073d  T32_INTC_IRQHandler           
0000073d  TA0_0_IRQHandler              
0000073d  TA0_N_IRQHandler              
0000073d  TA1_0_IRQHandler              
0000073d  TA1_N_IRQHandler              
0000073d  TA2_0_IRQHandler              
0000073d  TA2_N_IRQHandler              
0000073d  TA3_0_IRQHandler              
0000073d  TA3_N_IRQHandler              
0000073d  UsageFault_Handler            
4000480c  WDTCTL_SYM                    
0000073d  WDT_A_IRQHandler              
20010000  __STACK_END                   
00000200  __STACK_SIZE                  
00000768  __TI_CINIT_Base               
00000778  __TI_CINIT_Limit              
00000748  __TI_Handler_Table_Base       
00000754  __TI_Handler_Table_Limit      
00000695  __TI_auto_init_nobinit_nopinit
0000062d  __TI_decompress_lzss          
00000723  __TI_decompress_none          
ffffffff  __TI_pprof_out_hndl           
ffffffff  __TI_prof_data_size           
ffffffff  __TI_prof_data_start          
00000000  __TI_static_base__            
00000711  __TI_zero_init_nomemset       
00000591  __aeabi_memcpy                
00000591  __aeabi_memcpy4               
00000591  __aeabi_memcpy8               
ffffffff  __binit__                     
ffffffff  __c_args__                    
UNDEFED   __mpu_init                    
2000fe00  __stack                       
000006d9  _c_int00_noargs               
UNDEFED   _system_post_cinit            
0000073f  _system_pre_init              
00000743  abort                         
ffffffff  binit                         
0000052d  butPres                       
00000000  interruptVectors              
00000419  main                          
00000591  memcpy                        
20000004  state                         


GLOBAL SYMBOLS: SORTED BY Symbol Address 

address   name                          
-------   ----                          
00000000  __TI_static_base__            
00000000  interruptVectors              
000000e5  SystemCoreClockUpdate         
00000200  __STACK_SIZE                  
0000035d  SystemInit                    
00000419  main                          
0000052d  butPres                       
00000591  __aeabi_memcpy                
00000591  __aeabi_memcpy4               
00000591  __aeabi_memcpy8               
00000591  memcpy                        
0000062d  __TI_decompress_lzss          
00000695  __TI_auto_init_nobinit_nopinit
000006d9  _c_int00_noargs               
00000711  __TI_zero_init_nomemset       
00000723  __TI_decompress_none          
00000731  Reset_Handler                 
0000073d  ADC14_IRQHandler              
0000073d  AES256_IRQHandler             
0000073d  BusFault_Handler              
0000073d  COMP_E0_IRQHandler            
0000073d  COMP_E1_IRQHandler            
0000073d  CS_IRQHandler                 
0000073d  DMA_ERR_IRQHandler            
0000073d  DMA_INT0_IRQHandler           
0000073d  DMA_INT1_IRQHandler           
0000073d  DMA_INT2_IRQHandler           
0000073d  DMA_INT3_IRQHandler           
0000073d  DebugMon_Handler              
0000073d  Default_Handler               
0000073d  EUSCIA0_IRQHandler            
0000073d  EUSCIA1_IRQHandler            
0000073d  EUSCIA2_IRQHandler            
0000073d  EUSCIA3_IRQHandler            
0000073d  EUSCIB0_IRQHandler            
0000073d  EUSCIB1_IRQHandler            
0000073d  EUSCIB2_IRQHandler            
0000073d  EUSCIB3_IRQHandler            
0000073d  FLCTL_IRQHandler              
0000073d  FPU_IRQHandler                
0000073d  HardFault_Handler             
0000073d  MemManage_Handler             
0000073d  NMI_Handler                   
0000073d  PCM_IRQHandler                
0000073d  PORT1_IRQHandler              
0000073d  PORT2_IRQHandler              
0000073d  PORT3_IRQHandler              
0000073d  PORT4_IRQHandler              
0000073d  PORT5_IRQHandler              
0000073d  PORT6_IRQHandler              
0000073d  PSS_IRQHandler                
0000073d  PendSV_Handler                
0000073d  RTC_C_IRQHandler              
0000073d  SVC_Handler                   
0000073d  SysTick_Handler               
0000073d  T32_INT1_IRQHandler           
0000073d  T32_INT2_IRQHandler           
0000073d  T32_INTC_IRQHandler           
0000073d  TA0_0_IRQHandler              
0000073d  TA0_N_IRQHandler              
0000073d  TA1_0_IRQHandler              
0000073d  TA1_N_IRQHandler              
0000073d  TA2_0_IRQHandler              
0000073d  TA2_N_IRQHandler              
0000073d  TA3_0_IRQHandler              
0000073d  TA3_N_IRQHandler              
0000073d  UsageFault_Handler            
0000073d  WDT_A_IRQHandler              
0000073f  _system_pre_init              
00000743  C$$EXIT                       
00000743  abort                         
00000748  __TI_Handler_Table_Base       
00000754  __TI_Handler_Table_Limit      
00000768  __TI_CINIT_Base               
00000778  __TI_CINIT_Limit              
20000000  SystemCoreClock               
20000004  state                         
2000fe00  __stack                       
20010000  __STACK_END                   
4000480c  WDTCTL_SYM                    
ffffffff  __TI_pprof_out_hndl           
ffffffff  __TI_prof_data_size           
ffffffff  __TI_prof_data_start          
ffffffff  __binit__                     
ffffffff  __c_args__                    
ffffffff  binit                         
UNDEFED   __mpu_init                    
UNDEFED   _system_post_cinit            

[88 symbols]
