******************************************************************************
                  TI ARM Linker PC v18.1.3                     
******************************************************************************
>> Linked Fri Sep 21 10:29:21 2018

OUTPUT FILE NAME:   <Lab_4Part_2.out>
ENTRY POINT SYMBOL: "_c_int00_noargs"  address: 00000739


MEMORY CONFIGURATION

         name            origin    length      used     unused   attr    fill
----------------------  --------  ---------  --------  --------  ----  --------
  MAIN                  00000000   00040000  000007d6  0003f82a  R  X
  INFO                  00200000   00004000  00000000  00004000  R  X
  SRAM_CODE             01000000   00010000  00000205  0000fdfb  RW X
  SRAM_DATA             20000000   00010000  00000205  0000fdfb  RW  


SEGMENT ALLOCATION MAP

run origin  load origin   length   init length attrs members
----------  ----------- ---------- ----------- ----- -------
00000000    00000000    000007d8   000007d8    r-x
  00000000    00000000    000000e4   000000e4    r-- .intvecs
  000000e4    000000e4    000006c2   000006c2    r-x .text
  000007a8    000007a8    00000030   00000030    r-- .cinit
20000000    20000000    00000005   00000000    rw-
  20000000    20000000    00000004   00000000    rw- .data
  20000004    20000004    00000001   00000000    rw- .bss
2000fe00    2000fe00    00000200   00000000    rw-
  2000fe00    2000fe00    00000200   00000000    rw- .stack


SECTION ALLOCATION MAP

 output                                  attributes/
section   page    origin      length       input sections
--------  ----  ----------  ----------   ----------------
.intvecs   0    00000000    000000e4     
                  00000000    000000e4     startup_msp432p401r_ccs.obj (.intvecs:retain)

.text      0    000000e4    000006c2     
                  000000e4    00000334     system_msp432p401r.obj (.text)
                  00000418    000001d8     Lab_4_Part_2.obj (.text)
                  000005f0    0000009c     rtsv7M4_T_le_v4SPD16_eabi.lib : memcpy_t2.asm.obj (.text)
                  0000068c    00000068                                   : copy_decompress_lzss.c.obj (.text:decompress:lzss:__TI_decompress_lzss)
                  000006f4    00000044                                   : autoinit.c.obj (.text:__TI_auto_init_nobinit_nopinit:__TI_auto_init_nobinit_nopinit)
                  00000738    00000038                                   : boot_cortex_m.c.obj (.text:_c_int00_noargs:_c_int00_noargs)
                  00000770    00000012                                   : copy_zero_init.c.obj (.text:decompress:ZI:__TI_zero_init_nomemset:__TI_zero_init_nomemset)
                  00000782    0000000e                                   : copy_decompress_none.c.obj (.text:decompress:none:__TI_decompress_none)
                  00000790    0000000e     startup_msp432p401r_ccs.obj (.text)
                  0000079e    00000004     rtsv7M4_T_le_v4SPD16_eabi.lib : pre_init.c.obj (.text:_system_pre_init)
                  000007a2    00000004                                   : exit.c.obj (.text:abort:abort)

.cinit     0    000007a8    00000030     
                  000007a8    0000000c     (__TI_handler_table)
                  000007b4    00000004     --HOLE-- [fill = 0]
                  000007b8    00000008     (.cinit..bss.load) [load image, compression = zero_init]
                  000007c0    00000008     (.cinit..data.load) [load image, compression = lzss]
                  000007c8    00000010     (__TI_cinit_table)

.init_array 
*          0    00000000    00000000     UNINITIALIZED

.binit     0    00000000    00000000     

.data      0    20000000    00000004     UNINITIALIZED
                  20000000    00000004     system_msp432p401r.obj (.data)

.bss       0    20000004    00000001     UNINITIALIZED
                  20000004    00000001     (.common:state)

.stack     0    2000fe00    00000200     UNINITIALIZED
                  2000fe00    00000004     rtsv7M4_T_le_v4SPD16_eabi.lib : boot_cortex_m.c.obj (.stack)
                  2000fe04    000001fc     --HOLE--

MODULE SUMMARY

       Module                        code   ro data   rw data
       ------                        ----   -------   -------
    .\
       system_msp432p401r.obj        820    0         8      
       Lab_4_Part_2.obj              472    0         2      
       startup_msp432p401r_ccs.obj   14     228       0      
    +--+-----------------------------+------+---------+---------+
       Total:                        1306   228       10     
                                                             
    C:\ti\ccs810\ccsv8\tools\compiler\ti-cgt-arm_18.1.3.LTS\lib\rtsv7M4_T_le_v4SPD16_eabi.lib
       memcpy_t2.asm.obj             156    0         0      
       copy_decompress_lzss.c.obj    104    0         0      
       autoinit.c.obj                68     0         0      
       boot_cortex_m.c.obj           56     0         0      
       copy_zero_init.c.obj          18     0         0      
       copy_decompress_none.c.obj    14     0         0      
       exit.c.obj                    4      0         0      
       pre_init.c.obj                4      0         0      
    +--+-----------------------------+------+---------+---------+
       Total:                        424    0         0      
                                                             
       Stack:                        0      0         1024   
       Linker Generated:             0      44        0      
    +--+-----------------------------+------+---------+---------+
       Grand Total:                  1730   272       1034   


LINKER GENERATED COPY TABLES

__TI_cinit_table @ 000007c8 records: 2, size/record: 8, table size: 16
	.bss: load addr=000007b8, load size=00000008 bytes, run addr=20000004, run size=00000001 bytes, compression=zero_init
	.data: load addr=000007c0, load size=00000008 bytes, run addr=20000000, run size=00000004 bytes, compression=lzss


LINKER GENERATED HANDLER TABLE

__TI_handler_table @ 000007a8 records: 3, size/record: 4, table size: 12
	index: 0, handler: __TI_decompress_lzss
	index: 1, handler: __TI_decompress_none
	index: 2, handler: __TI_zero_init


GLOBAL SYMBOLS: SORTED ALPHABETICALLY BY Name 

address   name                          
-------   ----                          
0000079d  ADC14_IRQHandler              
0000079d  AES256_IRQHandler             
0000079d  BusFault_Handler              
000007a3  C$$EXIT                       
0000079d  COMP_E0_IRQHandler            
0000079d  COMP_E1_IRQHandler            
0000079d  CS_IRQHandler                 
0000079d  DMA_ERR_IRQHandler            
0000079d  DMA_INT0_IRQHandler           
0000079d  DMA_INT1_IRQHandler           
0000079d  DMA_INT2_IRQHandler           
0000079d  DMA_INT3_IRQHandler           
0000079d  DebugMon_Handler              
0000079d  Default_Handler               
0000079d  EUSCIA0_IRQHandler            
0000079d  EUSCIA1_IRQHandler            
0000079d  EUSCIA2_IRQHandler            
0000079d  EUSCIA3_IRQHandler            
0000079d  EUSCIB0_IRQHandler            
0000079d  EUSCIB1_IRQHandler            
0000079d  EUSCIB2_IRQHandler            
0000079d  EUSCIB3_IRQHandler            
0000079d  FLCTL_IRQHandler              
0000079d  FPU_IRQHandler                
0000079d  HardFault_Handler             
0000079d  MemManage_Handler             
0000079d  NMI_Handler                   
0000079d  PCM_IRQHandler                
0000079d  PORT1_IRQHandler              
0000079d  PORT2_IRQHandler              
0000079d  PORT3_IRQHandler              
0000079d  PORT4_IRQHandler              
0000079d  PORT5_IRQHandler              
0000079d  PORT6_IRQHandler              
0000079d  PSS_IRQHandler                
0000079d  PendSV_Handler                
0000079d  RTC_C_IRQHandler              
00000791  Reset_Handler                 
0000079d  SVC_Handler                   
0000079d  SysTick_Handler               
20000000  SystemCoreClock               
000000e5  SystemCoreClockUpdate         
0000035d  SystemInit                    
0000079d  T32_INT1_IRQHandler           
0000079d  T32_INT2_IRQHandler           
0000079d  T32_INTC_IRQHandler           
0000079d  TA0_0_IRQHandler              
0000079d  TA0_N_IRQHandler              
0000079d  TA1_0_IRQHandler              
0000079d  TA1_N_IRQHandler              
0000079d  TA2_0_IRQHandler              
0000079d  TA2_N_IRQHandler              
0000079d  TA3_0_IRQHandler              
0000079d  TA3_N_IRQHandler              
0000079d  UsageFault_Handler            
4000480c  WDTCTL_SYM                    
0000079d  WDT_A_IRQHandler              
20010000  __STACK_END                   
00000200  __STACK_SIZE                  
000007c8  __TI_CINIT_Base               
000007d8  __TI_CINIT_Limit              
000007a8  __TI_Handler_Table_Base       
000007b4  __TI_Handler_Table_Limit      
000006f5  __TI_auto_init_nobinit_nopinit
0000068d  __TI_decompress_lzss          
00000783  __TI_decompress_none          
ffffffff  __TI_pprof_out_hndl           
ffffffff  __TI_prof_data_size           
ffffffff  __TI_prof_data_start          
00000000  __TI_static_base__            
00000771  __TI_zero_init_nomemset       
000005f1  __aeabi_memcpy                
000005f1  __aeabi_memcpy4               
000005f1  __aeabi_memcpy8               
ffffffff  __binit__                     
ffffffff  __c_args__                    
0000058d  __delay_ms                    
UNDEFED   __mpu_init                    
2000fe00  __stack                       
00000739  _c_int00_noargs               
UNDEFED   _system_post_cinit            
0000079f  _system_pre_init              
000007a3  abort                         
ffffffff  binit                         
00000549  butPres                       
00000000  interruptVectors              
00000419  main                          
000005f1  memcpy                        
20000004  state                         
00000571  sys_tic                       


GLOBAL SYMBOLS: SORTED BY Symbol Address 

address   name                          
-------   ----                          
00000000  __TI_static_base__            
00000000  interruptVectors              
000000e5  SystemCoreClockUpdate         
00000200  __STACK_SIZE                  
0000035d  SystemInit                    
00000419  main                          
00000549  butPres                       
00000571  sys_tic                       
0000058d  __delay_ms                    
000005f1  __aeabi_memcpy                
000005f1  __aeabi_memcpy4               
000005f1  __aeabi_memcpy8               
000005f1  memcpy                        
0000068d  __TI_decompress_lzss          
000006f5  __TI_auto_init_nobinit_nopinit
00000739  _c_int00_noargs               
00000771  __TI_zero_init_nomemset       
00000783  __TI_decompress_none          
00000791  Reset_Handler                 
0000079d  ADC14_IRQHandler              
0000079d  AES256_IRQHandler             
0000079d  BusFault_Handler              
0000079d  COMP_E0_IRQHandler            
0000079d  COMP_E1_IRQHandler            
0000079d  CS_IRQHandler                 
0000079d  DMA_ERR_IRQHandler            
0000079d  DMA_INT0_IRQHandler           
0000079d  DMA_INT1_IRQHandler           
0000079d  DMA_INT2_IRQHandler           
0000079d  DMA_INT3_IRQHandler           
0000079d  DebugMon_Handler              
0000079d  Default_Handler               
0000079d  EUSCIA0_IRQHandler            
0000079d  EUSCIA1_IRQHandler            
0000079d  EUSCIA2_IRQHandler            
0000079d  EUSCIA3_IRQHandler            
0000079d  EUSCIB0_IRQHandler            
0000079d  EUSCIB1_IRQHandler            
0000079d  EUSCIB2_IRQHandler            
0000079d  EUSCIB3_IRQHandler            
0000079d  FLCTL_IRQHandler              
0000079d  FPU_IRQHandler                
0000079d  HardFault_Handler             
0000079d  MemManage_Handler             
0000079d  NMI_Handler                   
0000079d  PCM_IRQHandler                
0000079d  PORT1_IRQHandler              
0000079d  PORT2_IRQHandler              
0000079d  PORT3_IRQHandler              
0000079d  PORT4_IRQHandler              
0000079d  PORT5_IRQHandler              
0000079d  PORT6_IRQHandler              
0000079d  PSS_IRQHandler                
0000079d  PendSV_Handler                
0000079d  RTC_C_IRQHandler              
0000079d  SVC_Handler                   
0000079d  SysTick_Handler               
0000079d  T32_INT1_IRQHandler           
0000079d  T32_INT2_IRQHandler           
0000079d  T32_INTC_IRQHandler           
0000079d  TA0_0_IRQHandler              
0000079d  TA0_N_IRQHandler              
0000079d  TA1_0_IRQHandler              
0000079d  TA1_N_IRQHandler              
0000079d  TA2_0_IRQHandler              
0000079d  TA2_N_IRQHandler              
0000079d  TA3_0_IRQHandler              
0000079d  TA3_N_IRQHandler              
0000079d  UsageFault_Handler            
0000079d  WDT_A_IRQHandler              
0000079f  _system_pre_init              
000007a3  C$$EXIT                       
000007a3  abort                         
000007a8  __TI_Handler_Table_Base       
000007b4  __TI_Handler_Table_Limit      
000007c8  __TI_CINIT_Base               
000007d8  __TI_CINIT_Limit              
20000000  SystemCoreClock               
20000004  state                         
2000fe00  __stack                       
20010000  __STACK_END                   
4000480c  WDTCTL_SYM                    
ffffffff  __TI_pprof_out_hndl           
ffffffff  __TI_prof_data_size           
ffffffff  __TI_prof_data_start          
ffffffff  __binit__                     
ffffffff  __c_args__                    
ffffffff  binit                         
UNDEFED   __mpu_init                    
UNDEFED   _system_post_cinit            

[90 symbols]
