******************************************************************************
                  TI ARM Linker PC v18.1.3                     
******************************************************************************
>> Linked Wed Oct 17 11:49:52 2018

OUTPUT FILE NAME:   <Lab_5_Part_II.out>
ENTRY POINT SYMBOL: "_c_int00_noargs"  address: 00002ffd


MEMORY CONFIGURATION

         name            origin    length      used     unused   attr    fill
----------------------  --------  ---------  --------  --------  ----  --------
  MAIN                  00000000   00040000  000034a9  0003cb57  R  X
  INFO                  00200000   00004000  00000000  00004000  R  X
  SRAM_CODE             01000000   00010000  000009da  0000f626  RW X
  SRAM_DATA             20000000   00010000  000009da  0000f626  RW  


SEGMENT ALLOCATION MAP

run origin  load origin   length   init length attrs members
----------  ----------- ---------- ----------- ----- -------
00000000    00000000    000034b0   000034b0    r-x
  00000000    00000000    000000e4   000000e4    r-- .intvecs
  000000e4    000000e4    0000322c   0000322c    r-x .text
  00003310    00003310    00000101   00000101    r-- .const
  00003418    00003418    00000098   00000098    r-- .cinit
20000000    20000000    000007dc   00000000    rw-
  20000000    20000000    00000400   00000000    rw- .sysmem
  20000400    20000400    000001f2   00000000    rw- .data
  200005f4    200005f4    000001e8   00000000    rw- .bss
2000fe00    2000fe00    00000200   00000000    rw-
  2000fe00    2000fe00    00000200   00000000    rw- .stack


SECTION ALLOCATION MAP

 output                                  attributes/
section   page    origin      length       input sections
--------  ----  ----------  ----------   ----------------
.intvecs   0    00000000    000000e4     
                  00000000    000000e4     startup_msp432p401r_ccs.obj (.intvecs:retain)

.text      0    000000e4    0000322c     
                  000000e4    00000a5e     rtsv7M4_T_le_v4SPD16_eabi.lib : _printfi.c.obj (.text:__TI_printfi)
                  00000b42    00000002                                   : _lock.c.obj (.text:_nop)
                  00000b44    00000334     system_msp432p401r.obj (.text)
                  00000e78    000002f0     Lab_5_Part_II.obj (.text)
                  00001168    000002c0     keypad.obj (.text)
                  00001428    00000270     rtsv7M4_T_le_v4SPD16_eabi.lib : _printfi.c.obj (.text:_pconv_a)
                  00001698    000001d0                                   : _printfi.c.obj (.text:_pconv_g)
                  00001868    000001b6                                   : fd_add_t2.asm.obj (.text)
                  00001a1e    00000002                                   : div0.asm.obj (.text)
                  00001a20    0000013c                                   : _printfi.c.obj (.text:_pconv_e)
                  00001b5c    00000136                                   : fd_div_t2.asm.obj (.text)
                  00001c92    00000002     --HOLE-- [fill = 0]
                  00001c94    00000120                                   : _printfi.c.obj (.text:fcvt)
                  00001db4    00000114                                   : fputs.c.obj (.text:fputs)
                  00001ec8    00000110                                   : s_scalbn.c.obj (.text:scalbn)
                  00001fd8    000000fc                                   : fd_mul_t2.asm.obj (.text)
                  000020d4    000000dc                                   : setvbuf.c.obj (.text:setvbuf)
                  000021b0    000000d8                                   : memory.c.obj (.text:free)
                  00002288    000000b1                                   : _printfi.c.obj (.text:_ltostr)
                  00002339    00000001     --HOLE-- [fill = 0]
                  0000233a    0000009c                                   : memcpy_t2.asm.obj (.text)
                  000023d6    00000096                                   : ull_div_t2.asm.obj (.text)
                  0000246c    0000008c                                   : fputc.c.obj (.text:fputc)
                  000024f8    00000086                                   : fd_cmp_t2.asm.obj (.text:__aeabi_cdcmple)
                  0000257e    00000086                                   : fd_cmp_t2.asm.obj (.text:__aeabi_cdrcmple)
                  00002604    0000007a                                   : memset_t2.asm.obj (.text)
                  0000267e    00000002     --HOLE-- [fill = 0]
                  00002680    00000078                                   : memory.c.obj (.text:malloc)
                  000026f8    00000074                                   : fclose.c.obj (.text:__TI_closefile)
                  0000276c    0000006e                                   : _printfi.c.obj (.text:_mcpy)
                  000027da    00000002     --HOLE-- [fill = 0]
                  000027dc    00000068                                   : hostlseek.c.obj (.text:HOSTlseek)
                  00002844    00000068                                   : hostrename.c.obj (.text:HOSTrename)
                  000028ac    00000068                                   : copy_decompress_lzss.c.obj (.text:decompress:lzss:__TI_decompress_lzss)
                  00002914    00000068                                   : printf.c.obj (.text:printf)
                  0000297c    00000064                                   : s_frexp.c.obj (.text:frexp)
                  000029e0    00000064                                   : fseek.c.obj (.text:fseek)
                  00002a44    00000062                                   : _io_perm.c.obj (.text:__TI_wrt_ok)
                  00002aa6    00000002     --HOLE-- [fill = 0]
                  00002aa8    00000060                                   : hostopen.c.obj (.text:HOSTopen)
                  00002b08    0000005c                                   : close.c.obj (.text:close)
                  00002b64    00000058                                   : hostread.c.obj (.text:HOSTread)
                  00002bbc    00000058                                   : hostwrite.c.obj (.text:HOSTwrite)
                  00002c14    00000056                                   : _printfi.c.obj (.text:_pconv_f)
                  00002c6a    00000054                                   : ltoa.c.obj (.text:ltoa)
                  00002cbe    00000052                                   : _printfi.c.obj (.text:_ecpy)
                  00002d10    0000004c                                   : fflush.c.obj (.text:__TI_doflush)
                  00002d5c    0000004c                                   : atoi.c.obj (.text:atoi)
                  00002da8    00000048                                   : exit.c.obj (.text:exit)
                  00002df0    00000048                                   : fd_toi_t2.asm.obj (.text)
                  00002e38    00000044                                   : hostclose.c.obj (.text:HOSTclose)
                  00002e7c    00000044                                   : hostunlink.c.obj (.text:HOSTunlink)
                  00002ec0    00000044                                   : autoinit.c.obj (.text:__TI_auto_init_nobinit_nopinit:__TI_auto_init_nobinit_nopinit)
                  00002f04    00000044                                   : getdevice.c.obj (.text:getdevice)
                  00002f48    0000003e                                   : _printfi.c.obj (.text:_fcpy)
                  00002f86    00000002     --HOLE-- [fill = 0]
                  00002f88    0000003c                                   : memory.c.obj (.text:minsert)
                  00002fc4    00000038                                   : trgmsg.c.obj (.text:__TI_writemsg)
                  00002ffc    00000038                                   : boot_cortex_m.c.obj (.text:_c_int00_noargs:_c_int00_noargs)
                  00003034    00000038                                   : memory.c.obj (.text:minit)
                  0000306c    00000036                                   : strncpy.c.obj (.text:strncpy)
                  000030a2    00000002     --HOLE-- [fill = 0]
                  000030a4    00000034                                   : fopen.c.obj (.text:__TI_cleanup)
                  000030d8    00000034                                   : trgmsg.c.obj (.text:__TI_readmsg)
                  0000310c    00000030                                   : getdevice.c.obj (.text:finddevice)
                  0000313c    0000002e                                   : i_tofd_t2.asm.obj (.text)
                  0000316a    00000002     --HOLE-- [fill = 0]
                  0000316c    0000002c                                   : unlink.c.obj (.text:unlink)
                  00003198    00000028                                   : lseek.c.obj (.text:lseek)
                  000031c0    00000028                                   : memory.c.obj (.text:mremove)
                  000031e8    00000028                                   : write.c.obj (.text:write)
                  00003210    00000020                                   : memchr.c.obj (.text:memchr)
                  00003230    0000001c                                   : memccpy.c.obj (.text:memccpy)
                  0000324c    00000018                                   : strcmp.c.obj (.text:strcmp)
                  00003264    00000016                                   : strchr.c.obj (.text:strchr)
                  0000327a    00000014                                   : s_copysign.c.obj (.text:copysign)
                  0000328e    00000014                                   : strcpy.c.obj (.text:strcpy)
                  000032a2    00000014                                   : strlen.c.obj (.text:strlen)
                  000032b6    00000012                                   : copy_zero_init.c.obj (.text:decompress:ZI:__TI_zero_init_nomemset:__TI_zero_init_nomemset)
                  000032c8    00000012                                   : wcslen.c.obj (.text:wcslen)
                  000032da    0000000e                                   : copy_decompress_none.c.obj (.text:decompress:none:__TI_decompress_none)
                  000032e8    0000000e     startup_msp432p401r_ccs.obj (.text)
                  000032f6    00000002     --HOLE-- [fill = 0]
                  000032f8    00000008     rtsv7M4_T_le_v4SPD16_eabi.lib : errno.c.obj (.text:__aeabi_errno_addr)
                  00003300    00000004                                   : printf.c.obj (.text:_outc)
                  00003304    00000004                                   : printf.c.obj (.text:_outs)
                  00003308    00000004                                   : pre_init.c.obj (.text:_system_pre_init)
                  0000330c    00000004                                   : exit.c.obj (.text:abort:abort)

.const     0    00003310    00000101     
                  00003310    00000101     rtsv7M4_T_le_v4SPD16_eabi.lib : ctype.c.obj (.const:.string:_ctypes_)

.cinit     0    00003418    00000098     
                  00003418    00000072     (.cinit..data.load) [load image, compression = lzss]
                  0000348a    00000002     --HOLE-- [fill = 0]
                  0000348c    0000000c     (__TI_handler_table)
                  00003498    00000008     (.cinit..bss.load) [load image, compression = zero_init]
                  000034a0    00000010     (__TI_cinit_table)

.init_array 
*          0    00000000    00000000     UNINITIALIZED

.binit     0    00000000    00000000     

.sysmem    0    20000000    00000400     UNINITIALIZED
                  20000000    00000008     rtsv7M4_T_le_v4SPD16_eabi.lib : memory.c.obj (.sysmem)
                  20000008    000003f8     --HOLE--

.data      0    20000400    000001f2     UNINITIALIZED
                  20000400    000000f0     rtsv7M4_T_le_v4SPD16_eabi.lib : defs.c.obj (.data:_ftable)
                  200004f0    00000078                                   : write.c.obj (.data:_device)
                  20000568    00000050                                   : write.c.obj (.data:_stream)
                  200005b8    00000010                                   : defs.c.obj (.data)
                  200005c8    0000000c                                   : exit.c.obj (.data:$O1$$)
                  200005d4    0000000c                                   : memory.c.obj (.data:$O1$$)
                  200005e0    00000008                                   : _lock.c.obj (.data:$O1$$)
                  200005e8    00000004                                   : errno.c.obj (.data)
                  200005ec    00000004     system_msp432p401r.obj (.data)
                  200005f0    00000002     Lab_5_Part_II.obj (.data)

.bss       0    200005f4    000001e8     UNINITIALIZED
                  200005f4    00000120     rtsv7M4_T_le_v4SPD16_eabi.lib : trgmsg.c.obj (.bss:_CIOBUF_)
                  20000714    000000a0     (.common:__TI_tmpnams)
                  200007b4    00000008     (.common:key)
                  200007bc    00000008     (.common:key1)
                  200007c4    00000008     (.common:parmbuf)
                  200007cc    00000004     (.common:a)
                  200007d0    00000004     (.common:i)
                  200007d4    00000004     (.common:morKey)
                  200007d8    00000004     (.common:new)

.stack     0    2000fe00    00000200     UNINITIALIZED
                  2000fe00    00000004     rtsv7M4_T_le_v4SPD16_eabi.lib : boot_cortex_m.c.obj (.stack)
                  2000fe04    000001fc     --HOLE--

MODULE SUMMARY

       Module                        code    ro data   rw data
       ------                        ----    -------   -------
    .\
       system_msp432p401r.obj        820     0         8      
       Lab_5_Part_II.obj             752     0         68     
       keypad.obj                    704     0         0      
       startup_msp432p401r_ccs.obj   14      228       0      
    +--+-----------------------------+-------+---------+---------+
       Total:                        2290    228       76     
                                                              
    C:\ti\ccs810\ccsv8\tools\compiler\ti-cgt-arm_18.1.3.LTS\lib\rtsv7M4_T_le_v4SPD16_eabi.lib
       _printfi.c.obj                4863    0         0      
       defs.c.obj                    0       0         832    
       trgmsg.c.obj                  108     0         576    
       memory.c.obj                  492     0         24     
       write.c.obj                   40      0         400    
       fd_add_t2.asm.obj             438     0         0      
       fd_div_t2.asm.obj             310     0         0      
       fputs.c.obj                   276     0         0      
       s_scalbn.c.obj                272     0         0      
       fd_cmp_t2.asm.obj             268     0         0      
       ctype.c.obj                   0       257       0      
       fd_mul_t2.asm.obj             252     0         0      
       setvbuf.c.obj                 220     0         0      
       memcpy_t2.asm.obj             156     0         0      
       ull_div_t2.asm.obj            150     0         0      
       fputc.c.obj                   140     0         0      
       memset_t2.asm.obj             122     0         0      
       fclose.c.obj                  116     0         0      
       getdevice.c.obj               116     0         0      
       hostopen.c.obj                96      0         16     
       printf.c.obj                  112     0         0      
       copy_decompress_lzss.c.obj    104     0         0      
       hostlseek.c.obj               104     0         0      
       hostrename.c.obj              104     0         0      
       exit.c.obj                    76      0         24     
       fseek.c.obj                   100     0         0      
       s_frexp.c.obj                 100     0         0      
       _io_perm.c.obj                98      0         0      
       close.c.obj                   92      0         0      
       hostread.c.obj                88      0         0      
       hostwrite.c.obj               88      0         0      
       ltoa.c.obj                    84      0         0      
       atoi.c.obj                    76      0         0      
       fflush.c.obj                  76      0         0      
       fd_toi_t2.asm.obj             72      0         0      
       autoinit.c.obj                68      0         0      
       hostclose.c.obj               68      0         0      
       hostunlink.c.obj              68      0         0      
       boot_cortex_m.c.obj           56      0         0      
       strncpy.c.obj                 54      0         0      
       fopen.c.obj                   52      0         0      
       i_tofd_t2.asm.obj             46      0         0      
       unlink.c.obj                  44      0         0      
       lseek.c.obj                   40      0         0      
       memchr.c.obj                  32      0         0      
       memccpy.c.obj                 28      0         0      
       strcmp.c.obj                  24      0         0      
       strchr.c.obj                  22      0         0      
       s_copysign.c.obj              20      0         0      
       strcpy.c.obj                  20      0         0      
       strlen.c.obj                  20      0         0      
       _lock.c.obj                   2       0         16     
       copy_zero_init.c.obj          18      0         0      
       wcslen.c.obj                  18      0         0      
       errno.c.obj                   8       0         8      
       copy_decompress_none.c.obj    14      0         0      
       pre_init.c.obj                4       0         0      
       div0.asm.obj                  2       0         0      
    +--+-----------------------------+-------+---------+---------+
       Total:                        10537   257       1896   
                                                              
       Heap:                         0       0         2048   
       Stack:                        0       0         1024   
       Linker Generated:             0       150       0      
    +--+-----------------------------+-------+---------+---------+
       Grand Total:                  12827   635       5044   


LINKER GENERATED COPY TABLES

__TI_cinit_table @ 000034a0 records: 2, size/record: 8, table size: 16
	.data: load addr=00003418, load size=00000072 bytes, run addr=20000400, run size=000001f2 bytes, compression=lzss
	.bss: load addr=00003498, load size=00000008 bytes, run addr=200005f4, run size=000001e8 bytes, compression=zero_init


LINKER GENERATED HANDLER TABLE

__TI_handler_table @ 0000348c records: 3, size/record: 4, table size: 12
	index: 0, handler: __TI_decompress_lzss
	index: 1, handler: __TI_decompress_none
	index: 2, handler: __TI_zero_init


GLOBAL SYMBOLS: SORTED ALPHABETICALLY BY Name 

address   name                           
-------   ----                           
000032f5  ADC14_IRQHandler               
000032f5  AES256_IRQHandler              
000032f5  BusFault_Handler               
0000330d  C$$EXIT                        
00002ff3  C$$IO$$                        
000032f5  COMP_E0_IRQHandler             
000032f5  COMP_E1_IRQHandler             
000032f5  CS_IRQHandler                  
000032f5  DMA_ERR_IRQHandler             
000032f5  DMA_INT0_IRQHandler            
000032f5  DMA_INT1_IRQHandler            
000032f5  DMA_INT2_IRQHandler            
000032f5  DMA_INT3_IRQHandler            
000032f5  DebugMon_Handler               
000032f5  Default_Handler                
000032f5  EUSCIA0_IRQHandler             
000032f5  EUSCIA1_IRQHandler             
000032f5  EUSCIA2_IRQHandler             
000032f5  EUSCIA3_IRQHandler             
000032f5  EUSCIB0_IRQHandler             
000032f5  EUSCIB1_IRQHandler             
000032f5  EUSCIB2_IRQHandler             
000032f5  EUSCIB3_IRQHandler             
000032f5  FLCTL_IRQHandler               
000032f5  FPU_IRQHandler                 
00002e39  HOSTclose                      
000027dd  HOSTlseek                      
00002aa9  HOSTopen                       
00002b65  HOSTread                       
00002845  HOSTrename                     
00002e7d  HOSTunlink                     
00002bbd  HOSTwrite                      
000032f5  HardFault_Handler              
00001169  KeyInit                        
000032f5  MemManage_Handler              
000032f5  NMI_Handler                    
000032f5  PCM_IRQHandler                 
000032f5  PORT1_IRQHandler               
000032f5  PORT2_IRQHandler               
000032f5  PORT3_IRQHandler               
000032f5  PORT4_IRQHandler               
000032f5  PORT5_IRQHandler               
000032f5  PORT6_IRQHandler               
000032f5  PSS_IRQHandler                 
000032f5  PendSV_Handler                 
000032f5  RTC_C_IRQHandler               
000032e9  Reset_Handler                  
000032f5  SVC_Handler                    
000032f5  SysTick_Handler                
200005ec  SystemCoreClock                
00000b45  SystemCoreClockUpdate          
00000dbd  SystemInit                     
000032f5  T32_INT1_IRQHandler            
000032f5  T32_INT2_IRQHandler            
000032f5  T32_INTC_IRQHandler            
000032f5  TA0_0_IRQHandler               
000032f5  TA0_N_IRQHandler               
000032f5  TA1_0_IRQHandler               
000032f5  TA1_N_IRQHandler               
000032f5  TA2_0_IRQHandler               
000032f5  TA2_N_IRQHandler               
000032f5  TA3_0_IRQHandler               
000032f5  TA3_N_IRQHandler               
000032f5  UsageFault_Handler             
4000480c  WDTCTL_SYM                     
000032f5  WDT_A_IRQHandler               
200005f4  __CIOBUF_                      
20010000  __STACK_END                    
00000200  __STACK_SIZE                   
00000400  __SYSMEM_SIZE                  
000034a0  __TI_CINIT_Base                
000034b0  __TI_CINIT_Limit               
0000348c  __TI_Handler_Table_Base        
00003498  __TI_Handler_Table_Limit       
00002ec1  __TI_auto_init_nobinit_nopinit 
000030a5  __TI_cleanup                   
200005c8  __TI_cleanup_ptr               
000026f9  __TI_closefile                 
000028ad  __TI_decompress_lzss           
000032db  __TI_decompress_none           
00002d11  __TI_doflush                   
200005cc  __TI_dtors_ptr                 
200005d0  __TI_enable_exit_profile_output
200005b8  __TI_ft_end                    
ffffffff  __TI_pprof_out_hndl            
000000e5  __TI_printfi                   
ffffffff  __TI_prof_data_size            
ffffffff  __TI_prof_data_start           
000030d9  __TI_readmsg                   
00000000  __TI_static_base__             
20000714  __TI_tmpnams                   
00002fc5  __TI_writemsg                  
00002a45  __TI_wrt_ok                    
000032b7  __TI_zero_init_nomemset        
000024f9  __aeabi_cdcmpeq                
000024f9  __aeabi_cdcmple                
0000257f  __aeabi_cdrcmple               
00002df1  __aeabi_d2iz                   
00001873  __aeabi_dadd                   
00001b5d  __aeabi_ddiv                   
00001fd9  __aeabi_dmul                   
00001869  __aeabi_dsub                   
000032f9  __aeabi_errno_addr             
0000313d  __aeabi_i2d                    
00001a1f  __aeabi_idiv0                  
00001a1f  __aeabi_ldiv0                  
00002605  __aeabi_memclr                 
00002605  __aeabi_memclr4                
00002605  __aeabi_memclr8                
0000233b  __aeabi_memcpy                 
0000233b  __aeabi_memcpy4                
0000233b  __aeabi_memcpy8                
00002607  __aeabi_memset                 
00002607  __aeabi_memset4                
00002607  __aeabi_memset8                
200005c4  __aeabi_stderr                 
200005bc  __aeabi_stdin                  
200005c0  __aeabi_stdout                 
000023d7  __aeabi_uldivmod               
ffffffff  __binit__                      
ffffffff  __c_args__                     
UNDEFED   __mpu_init                     
2000fe00  __stack                        
00002ffd  _c_int00_noargs                
00003310  _ctypes_                       
000013c9  _delay_ms                      
200004f0  _device                        
20000400  _ftable                        
200005e0  _lock                          
00000b43  _nop                           
20000568  _stream                        
20000000  _sys_memory                    
UNDEFED   _system_post_cinit             
00003309  _system_pre_init               
200005e4  _unlock                        
200007cc  a                              
0000330d  abort                          
00002d5d  atoi                           
ffffffff  binit                          
00002b09  close                          
0000327b  copysign                       
0000327b  copysignl                      
200005e8  errno                          
00002da9  exit                           
0000310d  finddevice                     
0000246d  fputc                          
00001db5  fputs                          
000021b1  free                           
0000297d  frexp                          
0000297d  frexpl                         
000029e1  fseek                          
00000f8b  getKey                         
00002f05  getdevice                      
200007d0  i                              
00000000  interruptVectors               
200007b4  key                            
200007bc  key1                           
200005f0  keyS                           
00001ec9  ldexp                          
00001ec9  ldexpl                         
00003199  lseek                          
00002c6b  ltoa                           
00000e79  main                           
00002681  malloc                         
00003231  memccpy                        
00003211  memchr                         
0000233b  memcpy                         
0000260d  memset                         
00003035  minit                          
200007d4  morKey                         
200007d8  new                            
00000ecf  numTOstring                    
200007c4  parmbuf                        
00002915  printf                         
0000246d  putc                           
0000123d  readKey                        
000012fd  readRow                        
0000316d  remove                         
0000104d  restKey                        
00001ec9  scalbn                         
00001ec9  scalbnl                        
000020d5  setvbuf                        
00003265  strchr                         
0000324d  strcmp                         
0000328f  strcpy                         
000032a3  strlen                         
0000306d  strncpy                        
0000316d  unlink                         
000032c9  wcslen                         
000031e9  write                          


GLOBAL SYMBOLS: SORTED BY Symbol Address 

address   name                           
-------   ----                           
00000000  __TI_static_base__             
00000000  interruptVectors               
000000e5  __TI_printfi                   
00000200  __STACK_SIZE                   
00000400  __SYSMEM_SIZE                  
00000b43  _nop                           
00000b45  SystemCoreClockUpdate          
00000dbd  SystemInit                     
00000e79  main                           
00000ecf  numTOstring                    
00000f8b  getKey                         
0000104d  restKey                        
00001169  KeyInit                        
0000123d  readKey                        
000012fd  readRow                        
000013c9  _delay_ms                      
00001869  __aeabi_dsub                   
00001873  __aeabi_dadd                   
00001a1f  __aeabi_idiv0                  
00001a1f  __aeabi_ldiv0                  
00001b5d  __aeabi_ddiv                   
00001db5  fputs                          
00001ec9  ldexp                          
00001ec9  ldexpl                         
00001ec9  scalbn                         
00001ec9  scalbnl                        
00001fd9  __aeabi_dmul                   
000020d5  setvbuf                        
000021b1  free                           
0000233b  __aeabi_memcpy                 
0000233b  __aeabi_memcpy4                
0000233b  __aeabi_memcpy8                
0000233b  memcpy                         
000023d7  __aeabi_uldivmod               
0000246d  fputc                          
0000246d  putc                           
000024f9  __aeabi_cdcmpeq                
000024f9  __aeabi_cdcmple                
0000257f  __aeabi_cdrcmple               
00002605  __aeabi_memclr                 
00002605  __aeabi_memclr4                
00002605  __aeabi_memclr8                
00002607  __aeabi_memset                 
00002607  __aeabi_memset4                
00002607  __aeabi_memset8                
0000260d  memset                         
00002681  malloc                         
000026f9  __TI_closefile                 
000027dd  HOSTlseek                      
00002845  HOSTrename                     
000028ad  __TI_decompress_lzss           
00002915  printf                         
0000297d  frexp                          
0000297d  frexpl                         
000029e1  fseek                          
00002a45  __TI_wrt_ok                    
00002aa9  HOSTopen                       
00002b09  close                          
00002b65  HOSTread                       
00002bbd  HOSTwrite                      
00002c6b  ltoa                           
00002d11  __TI_doflush                   
00002d5d  atoi                           
00002da9  exit                           
00002df1  __aeabi_d2iz                   
00002e39  HOSTclose                      
00002e7d  HOSTunlink                     
00002ec1  __TI_auto_init_nobinit_nopinit 
00002f05  getdevice                      
00002fc5  __TI_writemsg                  
00002ff3  C$$IO$$                        
00002ffd  _c_int00_noargs                
00003035  minit                          
0000306d  strncpy                        
000030a5  __TI_cleanup                   
000030d9  __TI_readmsg                   
0000310d  finddevice                     
0000313d  __aeabi_i2d                    
0000316d  remove                         
0000316d  unlink                         
00003199  lseek                          
000031e9  write                          
00003211  memchr                         
00003231  memccpy                        
0000324d  strcmp                         
00003265  strchr                         
0000327b  copysign                       
0000327b  copysignl                      
0000328f  strcpy                         
000032a3  strlen                         
000032b7  __TI_zero_init_nomemset        
000032c9  wcslen                         
000032db  __TI_decompress_none           
000032e9  Reset_Handler                  
000032f5  ADC14_IRQHandler               
000032f5  AES256_IRQHandler              
000032f5  BusFault_Handler               
000032f5  COMP_E0_IRQHandler             
000032f5  COMP_E1_IRQHandler             
000032f5  CS_IRQHandler                  
000032f5  DMA_ERR_IRQHandler             
000032f5  DMA_INT0_IRQHandler            
000032f5  DMA_INT1_IRQHandler            
000032f5  DMA_INT2_IRQHandler            
000032f5  DMA_INT3_IRQHandler            
000032f5  DebugMon_Handler               
000032f5  Default_Handler                
000032f5  EUSCIA0_IRQHandler             
000032f5  EUSCIA1_IRQHandler             
000032f5  EUSCIA2_IRQHandler             
000032f5  EUSCIA3_IRQHandler             
000032f5  EUSCIB0_IRQHandler             
000032f5  EUSCIB1_IRQHandler             
000032f5  EUSCIB2_IRQHandler             
000032f5  EUSCIB3_IRQHandler             
000032f5  FLCTL_IRQHandler               
000032f5  FPU_IRQHandler                 
000032f5  HardFault_Handler              
000032f5  MemManage_Handler              
000032f5  NMI_Handler                    
000032f5  PCM_IRQHandler                 
000032f5  PORT1_IRQHandler               
000032f5  PORT2_IRQHandler               
000032f5  PORT3_IRQHandler               
000032f5  PORT4_IRQHandler               
000032f5  PORT5_IRQHandler               
000032f5  PORT6_IRQHandler               
000032f5  PSS_IRQHandler                 
000032f5  PendSV_Handler                 
000032f5  RTC_C_IRQHandler               
000032f5  SVC_Handler                    
000032f5  SysTick_Handler                
000032f5  T32_INT1_IRQHandler            
000032f5  T32_INT2_IRQHandler            
000032f5  T32_INTC_IRQHandler            
000032f5  TA0_0_IRQHandler               
000032f5  TA0_N_IRQHandler               
000032f5  TA1_0_IRQHandler               
000032f5  TA1_N_IRQHandler               
000032f5  TA2_0_IRQHandler               
000032f5  TA2_N_IRQHandler               
000032f5  TA3_0_IRQHandler               
000032f5  TA3_N_IRQHandler               
000032f5  UsageFault_Handler             
000032f5  WDT_A_IRQHandler               
000032f9  __aeabi_errno_addr             
00003309  _system_pre_init               
0000330d  C$$EXIT                        
0000330d  abort                          
00003310  _ctypes_                       
0000348c  __TI_Handler_Table_Base        
00003498  __TI_Handler_Table_Limit       
000034a0  __TI_CINIT_Base                
000034b0  __TI_CINIT_Limit               
20000000  _sys_memory                    
20000400  _ftable                        
200004f0  _device                        
20000568  _stream                        
200005b8  __TI_ft_end                    
200005bc  __aeabi_stdin                  
200005c0  __aeabi_stdout                 
200005c4  __aeabi_stderr                 
200005c8  __TI_cleanup_ptr               
200005cc  __TI_dtors_ptr                 
200005d0  __TI_enable_exit_profile_output
200005e0  _lock                          
200005e4  _unlock                        
200005e8  errno                          
200005ec  SystemCoreClock                
200005f0  keyS                           
200005f4  __CIOBUF_                      
20000714  __TI_tmpnams                   
200007b4  key                            
200007bc  key1                           
200007c4  parmbuf                        
200007cc  a                              
200007d0  i                              
200007d4  morKey                         
200007d8  new                            
2000fe00  __stack                        
20010000  __STACK_END                    
4000480c  WDTCTL_SYM                     
ffffffff  __TI_pprof_out_hndl            
ffffffff  __TI_prof_data_size            
ffffffff  __TI_prof_data_start           
ffffffff  __binit__                      
ffffffff  __c_args__                     
ffffffff  binit                          
UNDEFED   __mpu_init                     
UNDEFED   _system_post_cinit             

[190 symbols]
