******************************************************************************
                  TI ARM Linker PC v18.1.3                     
******************************************************************************
>> Linked Fri Nov  9 08:33:43 2018

OUTPUT FILE NAME:   <Lab_9_Part_II.out>
ENTRY POINT SYMBOL: "_c_int00_noargs"  address: 0000072d


MEMORY CONFIGURATION

         name            origin    length      used     unused   attr    fill
----------------------  --------  ---------  --------  --------  ----  --------
  MAIN                  00000000   00040000  000007a8  0003f858  R  X
  INFO                  00200000   00004000  00000000  00004000  R  X
  SRAM_CODE             01000000   00010000  00000210  0000fdf0  RW X
  SRAM_DATA             20000000   00010000  00000210  0000fdf0  RW  


SEGMENT ALLOCATION MAP

run origin  load origin   length   init length attrs members
----------  ----------- ---------- ----------- ----- -------
00000000    00000000    000007a8   000007a8    r-x
  00000000    00000000    000000e4   000000e4    r-- .intvecs
  000000e4    000000e4    000006a4   000006a4    r-x .text
  00000788    00000788    00000020   00000020    r-- .cinit
20000000    20000000    00000010   00000000    rw-
  20000000    20000000    00000010   00000000    rw- .data
2000fe00    2000fe00    00000200   00000000    rw-
  2000fe00    2000fe00    00000200   00000000    rw- .stack


SECTION ALLOCATION MAP

 output                                  attributes/
section   page    origin      length       input sections
--------  ----  ----------  ----------   ----------------
.intvecs   0    00000000    000000e4     
                  00000000    000000e4     startup_msp432p401r_ccs.obj (.intvecs:retain)

.text      0    000000e4    000006a4     
                  000000e4    00000334     system_msp432p401r.obj (.text)
                  00000418    000001cc     Lab_9_Part_II.obj (.text)
                  000005e4    0000009c     rtsv7M4_T_le_v4SPD16_eabi.lib : memcpy_t2.asm.obj (.text)
                  00000680    00000068                                   : copy_decompress_lzss.c.obj (.text:decompress:lzss:__TI_decompress_lzss)
                  000006e8    00000044                                   : autoinit.c.obj (.text:__TI_auto_init_nobinit_nopinit:__TI_auto_init_nobinit_nopinit)
                  0000072c    00000038                                   : boot_cortex_m.c.obj (.text:_c_int00_noargs:_c_int00_noargs)
                  00000764    0000000e                                   : copy_decompress_none.c.obj (.text:decompress:none:__TI_decompress_none)
                  00000772    0000000e     startup_msp432p401r_ccs.obj (.text)
                  00000780    00000004     rtsv7M4_T_le_v4SPD16_eabi.lib : pre_init.c.obj (.text:_system_pre_init)
                  00000784    00000004                                   : exit.c.obj (.text:abort:abort)

.cinit     0    00000788    00000020     
                  00000788    0000000f     (.cinit..data.load) [load image, compression = lzss]
                  00000797    00000001     --HOLE-- [fill = 0]
                  00000798    00000008     (__TI_handler_table)
                  000007a0    00000008     (__TI_cinit_table)

.init_array 
*          0    00000000    00000000     UNINITIALIZED

.binit     0    00000000    00000000     

.data      0    20000000    00000010     UNINITIALIZED
                  20000000    0000000c     Lab_9_Part_II.obj (.data)
                  2000000c    00000004     system_msp432p401r.obj (.data)

.stack     0    2000fe00    00000200     UNINITIALIZED
                  2000fe00    00000004     rtsv7M4_T_le_v4SPD16_eabi.lib : boot_cortex_m.c.obj (.stack)
                  2000fe04    000001fc     --HOLE--

MODULE SUMMARY

       Module                        code   ro data   rw data
       ------                        ----   -------   -------
    .\
       system_msp432p401r.obj        820    0         8      
       Lab_9_Part_II.obj             460    0         24     
       startup_msp432p401r_ccs.obj   14     228       0      
    +--+-----------------------------+------+---------+---------+
       Total:                        1294   228       32     
                                                             
    C:\ti\ccs810\ccsv8\tools\compiler\ti-cgt-arm_18.1.3.LTS\lib\rtsv7M4_T_le_v4SPD16_eabi.lib
       memcpy_t2.asm.obj             156    0         0      
       copy_decompress_lzss.c.obj    104    0         0      
       autoinit.c.obj                68     0         0      
       boot_cortex_m.c.obj           56     0         0      
       copy_decompress_none.c.obj    14     0         0      
       exit.c.obj                    4      0         0      
       pre_init.c.obj                4      0         0      
    +--+-----------------------------+------+---------+---------+
       Total:                        406    0         0      
                                                             
       Stack:                        0      0         1024   
       Linker Generated:             0      31        0      
    +--+-----------------------------+------+---------+---------+
       Grand Total:                  1700   259       1056   


LINKER GENERATED COPY TABLES

__TI_cinit_table @ 000007a0 records: 1, size/record: 8, table size: 8
	.data: load addr=00000788, load size=0000000f bytes, run addr=20000000, run size=00000010 bytes, compression=lzss


LINKER GENERATED HANDLER TABLE

__TI_handler_table @ 00000798 records: 2, size/record: 4, table size: 8
	index: 0, handler: __TI_decompress_lzss
	index: 1, handler: __TI_decompress_none


GLOBAL SYMBOLS: SORTED ALPHABETICALLY BY Name 

address   name                          
-------   ----                          
0000077f  ADC14_IRQHandler              
0000077f  AES256_IRQHandler             
0000077f  BusFault_Handler              
00000785  C$$EXIT                       
0000077f  COMP_E0_IRQHandler            
0000077f  COMP_E1_IRQHandler            
0000077f  CS_IRQHandler                 
0000077f  DMA_ERR_IRQHandler            
0000077f  DMA_INT0_IRQHandler           
0000077f  DMA_INT1_IRQHandler           
0000077f  DMA_INT2_IRQHandler           
0000077f  DMA_INT3_IRQHandler           
0000077f  DebugMon_Handler              
0000077f  Default_Handler               
0000077f  EUSCIA0_IRQHandler            
0000077f  EUSCIA1_IRQHandler            
0000077f  EUSCIA2_IRQHandler            
0000077f  EUSCIA3_IRQHandler            
0000077f  EUSCIB0_IRQHandler            
0000077f  EUSCIB1_IRQHandler            
0000077f  EUSCIB2_IRQHandler            
0000077f  EUSCIB3_IRQHandler            
0000077f  FLCTL_IRQHandler              
0000077f  FPU_IRQHandler                
0000077f  HardFault_Handler             
0000077f  MemManage_Handler             
0000077f  NMI_Handler                   
0000077f  PCM_IRQHandler                
0000077f  PORT1_IRQHandler              
0000077f  PORT2_IRQHandler              
0000077f  PORT3_IRQHandler              
0000077f  PORT4_IRQHandler              
0000077f  PORT5_IRQHandler              
0000077f  PORT6_IRQHandler              
0000077f  PSS_IRQHandler                
0000077f  PendSV_Handler                
0000077f  RTC_C_IRQHandler              
00000773  Reset_Handler                 
0000077f  SVC_Handler                   
0000077f  SysTick_Handler               
2000000c  SystemCoreClock               
000000e5  SystemCoreClockUpdate         
0000035d  SystemInit                    
0000077f  T32_INT1_IRQHandler           
0000077f  T32_INT2_IRQHandler           
0000077f  T32_INTC_IRQHandler           
0000077f  TA0_0_IRQHandler              
0000052b  TA0_N_IRQHandler              
0000052b  TA0_N_IRQHandler              
0000077f  TA1_0_IRQHandler              
0000077f  TA1_N_IRQHandler              
0000077f  TA2_0_IRQHandler              
0000077f  TA2_N_IRQHandler              
0000077f  TA3_0_IRQHandler              
0000077f  TA3_N_IRQHandler              
0000077f  UsageFault_Handler            
4000480c  WDTCTL_SYM                    
0000077f  WDT_A_IRQHandler              
20010000  __STACK_END                   
00000200  __STACK_SIZE                  
000007a0  __TI_CINIT_Base               
000007a8  __TI_CINIT_Limit              
00000798  __TI_Handler_Table_Base       
000007a0  __TI_Handler_Table_Limit      
000006e9  __TI_auto_init_nobinit_nopinit
00000681  __TI_decompress_lzss          
00000765  __TI_decompress_none          
ffffffff  __TI_pprof_out_hndl           
ffffffff  __TI_prof_data_size           
ffffffff  __TI_prof_data_start          
00000000  __TI_static_base__            
000005e5  __aeabi_memcpy                
000005e5  __aeabi_memcpy4               
000005e5  __aeabi_memcpy8               
ffffffff  __binit__                     
ffffffff  __c_args__                    
UNDEFED   __mpu_init                    
2000fe00  __stack                       
0000072d  _c_int00_noargs               
UNDEFED   _system_post_cinit            
00000781  _system_pre_init              
00000785  abort                         
ffffffff  binit                         
20000000  current                       
2000000a  detect10Hz                    
20000006  firsttime                     
00000000  interruptVectors              
20000002  last                          
00000445  main                          
000005e5  memcpy                        
20000008  newreading                    
20000004  period                        


GLOBAL SYMBOLS: SORTED BY Symbol Address 

address   name                          
-------   ----                          
00000000  __TI_static_base__            
00000000  interruptVectors              
000000e5  SystemCoreClockUpdate         
00000200  __STACK_SIZE                  
0000035d  SystemInit                    
00000445  main                          
0000052b  TA0_N_IRQHandler              
0000052b  TA0_N_IRQHandler              
000005e5  __aeabi_memcpy                
000005e5  __aeabi_memcpy4               
000005e5  __aeabi_memcpy8               
000005e5  memcpy                        
00000681  __TI_decompress_lzss          
000006e9  __TI_auto_init_nobinit_nopinit
0000072d  _c_int00_noargs               
00000765  __TI_decompress_none          
00000773  Reset_Handler                 
0000077f  ADC14_IRQHandler              
0000077f  AES256_IRQHandler             
0000077f  BusFault_Handler              
0000077f  COMP_E0_IRQHandler            
0000077f  COMP_E1_IRQHandler            
0000077f  CS_IRQHandler                 
0000077f  DMA_ERR_IRQHandler            
0000077f  DMA_INT0_IRQHandler           
0000077f  DMA_INT1_IRQHandler           
0000077f  DMA_INT2_IRQHandler           
0000077f  DMA_INT3_IRQHandler           
0000077f  DebugMon_Handler              
0000077f  Default_Handler               
0000077f  EUSCIA0_IRQHandler            
0000077f  EUSCIA1_IRQHandler            
0000077f  EUSCIA2_IRQHandler            
0000077f  EUSCIA3_IRQHandler            
0000077f  EUSCIB0_IRQHandler            
0000077f  EUSCIB1_IRQHandler            
0000077f  EUSCIB2_IRQHandler            
0000077f  EUSCIB3_IRQHandler            
0000077f  FLCTL_IRQHandler              
0000077f  FPU_IRQHandler                
0000077f  HardFault_Handler             
0000077f  MemManage_Handler             
0000077f  NMI_Handler                   
0000077f  PCM_IRQHandler                
0000077f  PORT1_IRQHandler              
0000077f  PORT2_IRQHandler              
0000077f  PORT3_IRQHandler              
0000077f  PORT4_IRQHandler              
0000077f  PORT5_IRQHandler              
0000077f  PORT6_IRQHandler              
0000077f  PSS_IRQHandler                
0000077f  PendSV_Handler                
0000077f  RTC_C_IRQHandler              
0000077f  SVC_Handler                   
0000077f  SysTick_Handler               
0000077f  T32_INT1_IRQHandler           
0000077f  T32_INT2_IRQHandler           
0000077f  T32_INTC_IRQHandler           
0000077f  TA0_0_IRQHandler              
0000077f  TA1_0_IRQHandler              
0000077f  TA1_N_IRQHandler              
0000077f  TA2_0_IRQHandler              
0000077f  TA2_N_IRQHandler              
0000077f  TA3_0_IRQHandler              
0000077f  TA3_N_IRQHandler              
0000077f  UsageFault_Handler            
0000077f  WDT_A_IRQHandler              
00000781  _system_pre_init              
00000785  C$$EXIT                       
00000785  abort                         
00000798  __TI_Handler_Table_Base       
000007a0  __TI_CINIT_Base               
000007a0  __TI_Handler_Table_Limit      
000007a8  __TI_CINIT_Limit              
20000000  current                       
20000002  last                          
20000004  period                        
20000006  firsttime                     
20000008  newreading                    
2000000a  detect10Hz                    
2000000c  SystemCoreClock               
2000fe00  __stack                       
20010000  __STACK_END                   
4000480c  WDTCTL_SYM                    
ffffffff  __TI_pprof_out_hndl           
ffffffff  __TI_prof_data_size           
ffffffff  __TI_prof_data_start          
ffffffff  __binit__                     
ffffffff  __c_args__                    
ffffffff  binit                         
UNDEFED   __mpu_init                    
UNDEFED   _system_post_cinit            

[92 symbols]
