******************************************************************************
                  TI ARM Linker PC v18.1.3                     
******************************************************************************
>> Linked Wed Nov 28 19:07:18 2018

OUTPUT FILE NAME:   <TouchButton.out>
ENTRY POINT SYMBOL: "_c_int00_noargs"  address: 00002add


MEMORY CONFIGURATION

         name            origin    length      used     unused   attr    fill
----------------------  --------  ---------  --------  --------  ----  --------
  MAIN                  00000000   00040000  00002f89  0003d077  R  X
  INFO                  00200000   00004000  00000000  00004000  R  X
  SRAM_CODE             01000000   00010000  000009b8  0000f648  RW X
  SRAM_DATA             20000000   00010000  000009b8  0000f648  RW  


SEGMENT ALLOCATION MAP

run origin  load origin   length   init length attrs members
----------  ----------- ---------- ----------- ----- -------
00000000    00000000    00002f90   00002f90    r-x
  00000000    00000000    000000e4   000000e4    r-- .intvecs
  000000e4    000000e4    00002d0c   00002d0c    r-x .text
  00002df0    00002df0    00000101   00000101    r-- .const
  00002ef8    00002ef8    00000098   00000098    r-- .cinit
20000000    20000000    000007b8   00000000    rw-
  20000000    20000000    00000400   00000000    rw- .sysmem
  20000400    20000400    000001f0   00000000    rw- .data
  200005f0    200005f0    000001c8   00000000    rw- .bss
2000fe00    2000fe00    00000200   00000000    rw-
  2000fe00    2000fe00    00000200   00000000    rw- .stack


SECTION ALLOCATION MAP

 output                                  attributes/
section   page    origin      length       input sections
--------  ----  ----------  ----------   ----------------
.intvecs   0    00000000    000000e4     
                  00000000    000000e4     startup_msp432p401r_ccs.obj (.intvecs:retain)

.text      0    000000e4    00002d0c     
                  000000e4    00000a5e     rtsv7M4_T_le_v4SPD16_eabi.lib : _printfi.c.obj (.text:__TI_printfi)
                  00000b42    00000002                                   : _lock.c.obj (.text:_nop)
                  00000b44    00000334     system_msp432p401r.obj (.text)
                  00000e78    00000270     rtsv7M4_T_le_v4SPD16_eabi.lib : _printfi.c.obj (.text:_pconv_a)
                  000010e8    000001d0                                   : _printfi.c.obj (.text:_pconv_g)
                  000012b8    000001b6                                   : fd_add_t2.asm.obj (.text)
                  0000146e    00000002                                   : div0.asm.obj (.text)
                  00001470    0000013c                                   : _printfi.c.obj (.text:_pconv_e)
                  000015ac    00000136                                   : fd_div_t2.asm.obj (.text)
                  000016e2    00000002     --HOLE-- [fill = 0]
                  000016e4    00000120                                   : _printfi.c.obj (.text:fcvt)
                  00001804    00000114                                   : fputs.c.obj (.text:fputs)
                  00001918    00000110                                   : s_scalbn.c.obj (.text:scalbn)
                  00001a28    000000fc                                   : fd_mul_t2.asm.obj (.text)
                  00001b24    000000dc                                   : setvbuf.c.obj (.text:setvbuf)
                  00001c00    000000d8                                   : memory.c.obj (.text:free)
                  00001cd8    000000b1                                   : _printfi.c.obj (.text:_ltostr)
                  00001d89    00000001     --HOLE-- [fill = 0]
                  00001d8a    0000009c                                   : memcpy_t2.asm.obj (.text)
                  00001e26    00000096                                   : ull_div_t2.asm.obj (.text)
                  00001ebc    00000090     main.obj (.text)
                  00001f4c    0000008c     rtsv7M4_T_le_v4SPD16_eabi.lib : fputc.c.obj (.text:fputc)
                  00001fd8    00000086                                   : fd_cmp_t2.asm.obj (.text:__aeabi_cdcmple)
                  0000205e    00000086                                   : fd_cmp_t2.asm.obj (.text:__aeabi_cdrcmple)
                  000020e4    0000007a                                   : memset_t2.asm.obj (.text)
                  0000215e    00000002     --HOLE-- [fill = 0]
                  00002160    00000078                                   : memory.c.obj (.text:malloc)
                  000021d8    00000074                                   : fclose.c.obj (.text:__TI_closefile)
                  0000224c    0000006e                                   : _printfi.c.obj (.text:_mcpy)
                  000022ba    00000002     --HOLE-- [fill = 0]
                  000022bc    00000068                                   : hostlseek.c.obj (.text:HOSTlseek)
                  00002324    00000068                                   : hostrename.c.obj (.text:HOSTrename)
                  0000238c    00000068                                   : copy_decompress_lzss.c.obj (.text:decompress:lzss:__TI_decompress_lzss)
                  000023f4    00000068                                   : printf.c.obj (.text:printf)
                  0000245c    00000064                                   : s_frexp.c.obj (.text:frexp)
                  000024c0    00000064                                   : fseek.c.obj (.text:fseek)
                  00002524    00000062                                   : _io_perm.c.obj (.text:__TI_wrt_ok)
                  00002586    00000002     --HOLE-- [fill = 0]
                  00002588    00000060                                   : hostopen.c.obj (.text:HOSTopen)
                  000025e8    0000005c                                   : close.c.obj (.text:close)
                  00002644    00000058                                   : hostread.c.obj (.text:HOSTread)
                  0000269c    00000058                                   : hostwrite.c.obj (.text:HOSTwrite)
                  000026f4    00000056                                   : _printfi.c.obj (.text:_pconv_f)
                  0000274a    00000054                                   : ltoa.c.obj (.text:ltoa)
                  0000279e    00000052                                   : _printfi.c.obj (.text:_ecpy)
                  000027f0    0000004c                                   : fflush.c.obj (.text:__TI_doflush)
                  0000283c    0000004c                                   : atoi.c.obj (.text:atoi)
                  00002888    00000048                                   : exit.c.obj (.text:exit)
                  000028d0    00000048                                   : fd_toi_t2.asm.obj (.text)
                  00002918    00000044                                   : hostclose.c.obj (.text:HOSTclose)
                  0000295c    00000044                                   : hostunlink.c.obj (.text:HOSTunlink)
                  000029a0    00000044                                   : autoinit.c.obj (.text:__TI_auto_init_nobinit_nopinit:__TI_auto_init_nobinit_nopinit)
                  000029e4    00000044                                   : getdevice.c.obj (.text:getdevice)
                  00002a28    0000003e                                   : _printfi.c.obj (.text:_fcpy)
                  00002a66    00000002     --HOLE-- [fill = 0]
                  00002a68    0000003c                                   : memory.c.obj (.text:minsert)
                  00002aa4    00000038                                   : trgmsg.c.obj (.text:__TI_writemsg)
                  00002adc    00000038                                   : boot_cortex_m.c.obj (.text:_c_int00_noargs:_c_int00_noargs)
                  00002b14    00000038                                   : memory.c.obj (.text:minit)
                  00002b4c    00000036                                   : strncpy.c.obj (.text:strncpy)
                  00002b82    00000002     --HOLE-- [fill = 0]
                  00002b84    00000034                                   : fopen.c.obj (.text:__TI_cleanup)
                  00002bb8    00000034                                   : trgmsg.c.obj (.text:__TI_readmsg)
                  00002bec    00000030                                   : getdevice.c.obj (.text:finddevice)
                  00002c1c    0000002e                                   : i_tofd_t2.asm.obj (.text)
                  00002c4a    00000002     --HOLE-- [fill = 0]
                  00002c4c    0000002c                                   : unlink.c.obj (.text:unlink)
                  00002c78    00000028                                   : lseek.c.obj (.text:lseek)
                  00002ca0    00000028                                   : memory.c.obj (.text:mremove)
                  00002cc8    00000028                                   : write.c.obj (.text:write)
                  00002cf0    00000020                                   : memchr.c.obj (.text:memchr)
                  00002d10    0000001c                                   : memccpy.c.obj (.text:memccpy)
                  00002d2c    00000018                                   : strcmp.c.obj (.text:strcmp)
                  00002d44    00000016                                   : strchr.c.obj (.text:strchr)
                  00002d5a    00000014                                   : s_copysign.c.obj (.text:copysign)
                  00002d6e    00000014                                   : strcpy.c.obj (.text:strcpy)
                  00002d82    00000014                                   : strlen.c.obj (.text:strlen)
                  00002d96    00000012                                   : copy_zero_init.c.obj (.text:decompress:ZI:__TI_zero_init_nomemset:__TI_zero_init_nomemset)
                  00002da8    00000012                                   : wcslen.c.obj (.text:wcslen)
                  00002dba    0000000e                                   : copy_decompress_none.c.obj (.text:decompress:none:__TI_decompress_none)
                  00002dc8    0000000e     startup_msp432p401r_ccs.obj (.text)
                  00002dd6    00000002     --HOLE-- [fill = 0]
                  00002dd8    00000008     rtsv7M4_T_le_v4SPD16_eabi.lib : errno.c.obj (.text:__aeabi_errno_addr)
                  00002de0    00000004                                   : printf.c.obj (.text:_outc)
                  00002de4    00000004                                   : printf.c.obj (.text:_outs)
                  00002de8    00000004                                   : pre_init.c.obj (.text:_system_pre_init)
                  00002dec    00000004                                   : exit.c.obj (.text:abort:abort)

.const     0    00002df0    00000101     
                  00002df0    00000101     rtsv7M4_T_le_v4SPD16_eabi.lib : ctype.c.obj (.const:.string:_ctypes_)

.cinit     0    00002ef8    00000098     
                  00002ef8    00000070     (.cinit..data.load) [load image, compression = lzss]
                  00002f68    0000000c     (__TI_handler_table)
                  00002f74    00000004     --HOLE-- [fill = 0]
                  00002f78    00000008     (.cinit..bss.load) [load image, compression = zero_init]
                  00002f80    00000010     (__TI_cinit_table)

.init_array 
*          0    00000000    00000000     UNINITIALIZED

.binit     0    00000000    00000000     

.sysmem    0    20000000    00000400     UNINITIALIZED
                  20000000    00000008     rtsv7M4_T_le_v4SPD16_eabi.lib : memory.c.obj (.sysmem)
                  20000008    000003f8     --HOLE--

.data      0    20000400    000001f0     UNINITIALIZED
                  20000400    000000f0     rtsv7M4_T_le_v4SPD16_eabi.lib : defs.c.obj (.data:_ftable)
                  200004f0    00000078                                   : write.c.obj (.data:_device)
                  20000568    00000050                                   : write.c.obj (.data:_stream)
                  200005b8    00000010                                   : defs.c.obj (.data)
                  200005c8    0000000c                                   : exit.c.obj (.data:$O1$$)
                  200005d4    0000000c                                   : memory.c.obj (.data:$O1$$)
                  200005e0    00000008                                   : _lock.c.obj (.data:$O1$$)
                  200005e8    00000004                                   : errno.c.obj (.data)
                  200005ec    00000004     system_msp432p401r.obj (.data)

.bss       0    200005f0    000001c8     UNINITIALIZED
                  200005f0    00000120     rtsv7M4_T_le_v4SPD16_eabi.lib : trgmsg.c.obj (.bss:_CIOBUF_)
                  20000710    000000a0     (.common:__TI_tmpnams)
                  200007b0    00000008     (.common:parmbuf)

.stack     0    2000fe00    00000200     UNINITIALIZED
                  2000fe00    00000004     rtsv7M4_T_le_v4SPD16_eabi.lib : boot_cortex_m.c.obj (.stack)
                  2000fe04    000001fc     --HOLE--

MODULE SUMMARY

       Module                        code    ro data   rw data
       ------                        ----    -------   -------
    .\
       system_msp432p401r.obj        820     0         8      
       startup_msp432p401r_ccs.obj   14      228       0      
       main.obj                      144     0         0      
    +--+-----------------------------+-------+---------+---------+
       Total:                        978     228       8      
                                                              
    C:\ti\ccs810\ccsv8\tools\compiler\ti-cgt-arm_18.1.3.LTS\lib\rtsv7M4_T_le_v4SPD16_eabi.lib
       _printfi.c.obj                4863    0         0      
       defs.c.obj                    0       0         832    
       trgmsg.c.obj                  108     0         576    
       memory.c.obj                  492     0         24     
       write.c.obj                   40      0         400    
       fd_add_t2.asm.obj             438     0         0      
       fd_div_t2.asm.obj             310     0         0      
       fputs.c.obj                   276     0         0      
       s_scalbn.c.obj                272     0         0      
       fd_cmp_t2.asm.obj             268     0         0      
       ctype.c.obj                   0       257       0      
       fd_mul_t2.asm.obj             252     0         0      
       setvbuf.c.obj                 220     0         0      
       memcpy_t2.asm.obj             156     0         0      
       ull_div_t2.asm.obj            150     0         0      
       fputc.c.obj                   140     0         0      
       memset_t2.asm.obj             122     0         0      
       fclose.c.obj                  116     0         0      
       getdevice.c.obj               116     0         0      
       hostopen.c.obj                96      0         16     
       printf.c.obj                  112     0         0      
       copy_decompress_lzss.c.obj    104     0         0      
       hostlseek.c.obj               104     0         0      
       hostrename.c.obj              104     0         0      
       exit.c.obj                    76      0         24     
       fseek.c.obj                   100     0         0      
       s_frexp.c.obj                 100     0         0      
       _io_perm.c.obj                98      0         0      
       close.c.obj                   92      0         0      
       hostread.c.obj                88      0         0      
       hostwrite.c.obj               88      0         0      
       ltoa.c.obj                    84      0         0      
       atoi.c.obj                    76      0         0      
       fflush.c.obj                  76      0         0      
       fd_toi_t2.asm.obj             72      0         0      
       autoinit.c.obj                68      0         0      
       hostclose.c.obj               68      0         0      
       hostunlink.c.obj              68      0         0      
       boot_cortex_m.c.obj           56      0         0      
       strncpy.c.obj                 54      0         0      
       fopen.c.obj                   52      0         0      
       i_tofd_t2.asm.obj             46      0         0      
       unlink.c.obj                  44      0         0      
       lseek.c.obj                   40      0         0      
       memchr.c.obj                  32      0         0      
       memccpy.c.obj                 28      0         0      
       strcmp.c.obj                  24      0         0      
       strchr.c.obj                  22      0         0      
       s_copysign.c.obj              20      0         0      
       strcpy.c.obj                  20      0         0      
       strlen.c.obj                  20      0         0      
       _lock.c.obj                   2       0         16     
       copy_zero_init.c.obj          18      0         0      
       wcslen.c.obj                  18      0         0      
       errno.c.obj                   8       0         8      
       copy_decompress_none.c.obj    14      0         0      
       pre_init.c.obj                4       0         0      
       div0.asm.obj                  2       0         0      
    +--+-----------------------------+-------+---------+---------+
       Total:                        10537   257       1896   
                                                              
       Heap:                         0       0         2048   
       Stack:                        0       0         1024   
       Linker Generated:             0       148       0      
    +--+-----------------------------+-------+---------+---------+
       Grand Total:                  11515   633       4976   


LINKER GENERATED COPY TABLES

__TI_cinit_table @ 00002f80 records: 2, size/record: 8, table size: 16
	.data: load addr=00002ef8, load size=00000070 bytes, run addr=20000400, run size=000001f0 bytes, compression=lzss
	.bss: load addr=00002f78, load size=00000008 bytes, run addr=200005f0, run size=000001c8 bytes, compression=zero_init


LINKER GENERATED HANDLER TABLE

__TI_handler_table @ 00002f68 records: 3, size/record: 4, table size: 12
	index: 0, handler: __TI_decompress_lzss
	index: 1, handler: __TI_decompress_none
	index: 2, handler: __TI_zero_init


GLOBAL SYMBOLS: SORTED ALPHABETICALLY BY Name 

address   name                           
-------   ----                           
00002dd5  ADC14_IRQHandler               
00002dd5  AES256_IRQHandler              
00002dd5  BusFault_Handler               
00002ded  C$$EXIT                        
00002ad3  C$$IO$$                        
00002dd5  COMP_E0_IRQHandler             
00002dd5  COMP_E1_IRQHandler             
00002dd5  CS_IRQHandler                  
00002dd5  DMA_ERR_IRQHandler             
00002dd5  DMA_INT0_IRQHandler            
00002dd5  DMA_INT1_IRQHandler            
00002dd5  DMA_INT2_IRQHandler            
00002dd5  DMA_INT3_IRQHandler            
00002dd5  DebugMon_Handler               
00002dd5  Default_Handler                
00002dd5  EUSCIA0_IRQHandler             
00002dd5  EUSCIA1_IRQHandler             
00002dd5  EUSCIA2_IRQHandler             
00002dd5  EUSCIA3_IRQHandler             
00002dd5  EUSCIB0_IRQHandler             
00002dd5  EUSCIB1_IRQHandler             
00002dd5  EUSCIB2_IRQHandler             
00002dd5  EUSCIB3_IRQHandler             
00002dd5  FLCTL_IRQHandler               
00002dd5  FPU_IRQHandler                 
00002919  HOSTclose                      
000022bd  HOSTlseek                      
00002589  HOSTopen                       
00002645  HOSTread                       
00002325  HOSTrename                     
0000295d  HOSTunlink                     
0000269d  HOSTwrite                      
00002dd5  HardFault_Handler              
00002dd5  MemManage_Handler              
00002dd5  NMI_Handler                    
00002dd5  PCM_IRQHandler                 
00002dd5  PORT1_IRQHandler               
00002dd5  PORT2_IRQHandler               
00002dd5  PORT3_IRQHandler               
00002dd5  PORT4_IRQHandler               
00002dd5  PORT5_IRQHandler               
00002dd5  PORT6_IRQHandler               
00002dd5  PSS_IRQHandler                 
00002dd5  PendSV_Handler                 
00002dd5  RTC_C_IRQHandler               
00002dc9  Reset_Handler                  
00002dd5  SVC_Handler                    
00002dd5  SysTick_Handler                
200005ec  SystemCoreClock                
00000b45  SystemCoreClockUpdate          
00000dbd  SystemInit                     
00002dd5  T32_INT1_IRQHandler            
00002dd5  T32_INT2_IRQHandler            
00002dd5  T32_INTC_IRQHandler            
00002dd5  TA0_0_IRQHandler               
00002dd5  TA0_N_IRQHandler               
00002dd5  TA1_0_IRQHandler               
00002dd5  TA1_N_IRQHandler               
00002dd5  TA2_0_IRQHandler               
00002dd5  TA2_N_IRQHandler               
00002dd5  TA3_0_IRQHandler               
00002dd5  TA3_N_IRQHandler               
00002dd5  UsageFault_Handler             
4000480c  WDTCTL_SYM                     
00002dd5  WDT_A_IRQHandler               
200005f0  __CIOBUF_                      
20010000  __STACK_END                    
00000200  __STACK_SIZE                   
00000400  __SYSMEM_SIZE                  
00002f80  __TI_CINIT_Base                
00002f90  __TI_CINIT_Limit               
00002f68  __TI_Handler_Table_Base        
00002f74  __TI_Handler_Table_Limit       
000029a1  __TI_auto_init_nobinit_nopinit 
00002b85  __TI_cleanup                   
200005c8  __TI_cleanup_ptr               
000021d9  __TI_closefile                 
0000238d  __TI_decompress_lzss           
00002dbb  __TI_decompress_none           
000027f1  __TI_doflush                   
200005cc  __TI_dtors_ptr                 
200005d0  __TI_enable_exit_profile_output
200005b8  __TI_ft_end                    
ffffffff  __TI_pprof_out_hndl            
000000e5  __TI_printfi                   
ffffffff  __TI_prof_data_size            
ffffffff  __TI_prof_data_start           
00002bb9  __TI_readmsg                   
00000000  __TI_static_base__             
20000710  __TI_tmpnams                   
00002aa5  __TI_writemsg                  
00002525  __TI_wrt_ok                    
00002d97  __TI_zero_init_nomemset        
00001fd9  __aeabi_cdcmpeq                
00001fd9  __aeabi_cdcmple                
0000205f  __aeabi_cdrcmple               
000028d1  __aeabi_d2iz                   
000012c3  __aeabi_dadd                   
000015ad  __aeabi_ddiv                   
00001a29  __aeabi_dmul                   
000012b9  __aeabi_dsub                   
00002dd9  __aeabi_errno_addr             
00002c1d  __aeabi_i2d                    
0000146f  __aeabi_idiv0                  
0000146f  __aeabi_ldiv0                  
000020e5  __aeabi_memclr                 
000020e5  __aeabi_memclr4                
000020e5  __aeabi_memclr8                
00001d8b  __aeabi_memcpy                 
00001d8b  __aeabi_memcpy4                
00001d8b  __aeabi_memcpy8                
000020e7  __aeabi_memset                 
000020e7  __aeabi_memset4                
000020e7  __aeabi_memset8                
200005c4  __aeabi_stderr                 
200005bc  __aeabi_stdin                  
200005c0  __aeabi_stdout                 
00001e27  __aeabi_uldivmod               
ffffffff  __binit__                      
ffffffff  __c_args__                     
UNDEFED   __mpu_init                     
2000fe00  __stack                        
00002add  _c_int00_noargs                
00002df0  _ctypes_                       
200004f0  _device                        
20000400  _ftable                        
200005e0  _lock                          
00000b43  _nop                           
20000568  _stream                        
20000000  _sys_memory                    
UNDEFED   _system_post_cinit             
00002de9  _system_pre_init               
200005e4  _unlock                        
00002ded  abort                          
0000283d  atoi                           
ffffffff  binit                          
000025e9  close                          
00002d5b  copysign                       
00002d5b  copysignl                      
200005e8  errno                          
00002889  exit                           
00002bed  finddevice                     
00001f4d  fputc                          
00001805  fputs                          
00001c01  free                           
0000245d  frexp                          
0000245d  frexpl                         
000024c1  fseek                          
000029e5  getdevice                      
00000000  interruptVectors               
00001919  ldexp                          
00001919  ldexpl                         
00002c79  lseek                          
0000274b  ltoa                           
00001ebd  main                           
00002161  malloc                         
00002d11  memccpy                        
00002cf1  memchr                         
00001d8b  memcpy                         
000020ed  memset                         
00002b15  minit                          
200007b0  parmbuf                        
000023f5  printf                         
00001f4d  putc                           
00002c4d  remove                         
00001919  scalbn                         
00001919  scalbnl                        
00001b25  setvbuf                        
00002d45  strchr                         
00002d2d  strcmp                         
00002d6f  strcpy                         
00002d83  strlen                         
00002b4d  strncpy                        
00002c4d  unlink                         
00002da9  wcslen                         
00002cc9  write                          


GLOBAL SYMBOLS: SORTED BY Symbol Address 

address   name                           
-------   ----                           
00000000  __TI_static_base__             
00000000  interruptVectors               
000000e5  __TI_printfi                   
00000200  __STACK_SIZE                   
00000400  __SYSMEM_SIZE                  
00000b43  _nop                           
00000b45  SystemCoreClockUpdate          
00000dbd  SystemInit                     
000012b9  __aeabi_dsub                   
000012c3  __aeabi_dadd                   
0000146f  __aeabi_idiv0                  
0000146f  __aeabi_ldiv0                  
000015ad  __aeabi_ddiv                   
00001805  fputs                          
00001919  ldexp                          
00001919  ldexpl                         
00001919  scalbn                         
00001919  scalbnl                        
00001a29  __aeabi_dmul                   
00001b25  setvbuf                        
00001c01  free                           
00001d8b  __aeabi_memcpy                 
00001d8b  __aeabi_memcpy4                
00001d8b  __aeabi_memcpy8                
00001d8b  memcpy                         
00001e27  __aeabi_uldivmod               
00001ebd  main                           
00001f4d  fputc                          
00001f4d  putc                           
00001fd9  __aeabi_cdcmpeq                
00001fd9  __aeabi_cdcmple                
0000205f  __aeabi_cdrcmple               
000020e5  __aeabi_memclr                 
000020e5  __aeabi_memclr4                
000020e5  __aeabi_memclr8                
000020e7  __aeabi_memset                 
000020e7  __aeabi_memset4                
000020e7  __aeabi_memset8                
000020ed  memset                         
00002161  malloc                         
000021d9  __TI_closefile                 
000022bd  HOSTlseek                      
00002325  HOSTrename                     
0000238d  __TI_decompress_lzss           
000023f5  printf                         
0000245d  frexp                          
0000245d  frexpl                         
000024c1  fseek                          
00002525  __TI_wrt_ok                    
00002589  HOSTopen                       
000025e9  close                          
00002645  HOSTread                       
0000269d  HOSTwrite                      
0000274b  ltoa                           
000027f1  __TI_doflush                   
0000283d  atoi                           
00002889  exit                           
000028d1  __aeabi_d2iz                   
00002919  HOSTclose                      
0000295d  HOSTunlink                     
000029a1  __TI_auto_init_nobinit_nopinit 
000029e5  getdevice                      
00002aa5  __TI_writemsg                  
00002ad3  C$$IO$$                        
00002add  _c_int00_noargs                
00002b15  minit                          
00002b4d  strncpy                        
00002b85  __TI_cleanup                   
00002bb9  __TI_readmsg                   
00002bed  finddevice                     
00002c1d  __aeabi_i2d                    
00002c4d  remove                         
00002c4d  unlink                         
00002c79  lseek                          
00002cc9  write                          
00002cf1  memchr                         
00002d11  memccpy                        
00002d2d  strcmp                         
00002d45  strchr                         
00002d5b  copysign                       
00002d5b  copysignl                      
00002d6f  strcpy                         
00002d83  strlen                         
00002d97  __TI_zero_init_nomemset        
00002da9  wcslen                         
00002dbb  __TI_decompress_none           
00002dc9  Reset_Handler                  
00002dd5  ADC14_IRQHandler               
00002dd5  AES256_IRQHandler              
00002dd5  BusFault_Handler               
00002dd5  COMP_E0_IRQHandler             
00002dd5  COMP_E1_IRQHandler             
00002dd5  CS_IRQHandler                  
00002dd5  DMA_ERR_IRQHandler             
00002dd5  DMA_INT0_IRQHandler            
00002dd5  DMA_INT1_IRQHandler            
00002dd5  DMA_INT2_IRQHandler            
00002dd5  DMA_INT3_IRQHandler            
00002dd5  DebugMon_Handler               
00002dd5  Default_Handler                
00002dd5  EUSCIA0_IRQHandler             
00002dd5  EUSCIA1_IRQHandler             
00002dd5  EUSCIA2_IRQHandler             
00002dd5  EUSCIA3_IRQHandler             
00002dd5  EUSCIB0_IRQHandler             
00002dd5  EUSCIB1_IRQHandler             
00002dd5  EUSCIB2_IRQHandler             
00002dd5  EUSCIB3_IRQHandler             
00002dd5  FLCTL_IRQHandler               
00002dd5  FPU_IRQHandler                 
00002dd5  HardFault_Handler              
00002dd5  MemManage_Handler              
00002dd5  NMI_Handler                    
00002dd5  PCM_IRQHandler                 
00002dd5  PORT1_IRQHandler               
00002dd5  PORT2_IRQHandler               
00002dd5  PORT3_IRQHandler               
00002dd5  PORT4_IRQHandler               
00002dd5  PORT5_IRQHandler               
00002dd5  PORT6_IRQHandler               
00002dd5  PSS_IRQHandler                 
00002dd5  PendSV_Handler                 
00002dd5  RTC_C_IRQHandler               
00002dd5  SVC_Handler                    
00002dd5  SysTick_Handler                
00002dd5  T32_INT1_IRQHandler            
00002dd5  T32_INT2_IRQHandler            
00002dd5  T32_INTC_IRQHandler            
00002dd5  TA0_0_IRQHandler               
00002dd5  TA0_N_IRQHandler               
00002dd5  TA1_0_IRQHandler               
00002dd5  TA1_N_IRQHandler               
00002dd5  TA2_0_IRQHandler               
00002dd5  TA2_N_IRQHandler               
00002dd5  TA3_0_IRQHandler               
00002dd5  TA3_N_IRQHandler               
00002dd5  UsageFault_Handler             
00002dd5  WDT_A_IRQHandler               
00002dd9  __aeabi_errno_addr             
00002de9  _system_pre_init               
00002ded  C$$EXIT                        
00002ded  abort                          
00002df0  _ctypes_                       
00002f68  __TI_Handler_Table_Base        
00002f74  __TI_Handler_Table_Limit       
00002f80  __TI_CINIT_Base                
00002f90  __TI_CINIT_Limit               
20000000  _sys_memory                    
20000400  _ftable                        
200004f0  _device                        
20000568  _stream                        
200005b8  __TI_ft_end                    
200005bc  __aeabi_stdin                  
200005c0  __aeabi_stdout                 
200005c4  __aeabi_stderr                 
200005c8  __TI_cleanup_ptr               
200005cc  __TI_dtors_ptr                 
200005d0  __TI_enable_exit_profile_output
200005e0  _lock                          
200005e4  _unlock                        
200005e8  errno                          
200005ec  SystemCoreClock                
200005f0  __CIOBUF_                      
20000710  __TI_tmpnams                   
200007b0  parmbuf                        
2000fe00  __stack                        
20010000  __STACK_END                    
4000480c  WDTCTL_SYM                     
ffffffff  __TI_pprof_out_hndl            
ffffffff  __TI_prof_data_size            
ffffffff  __TI_prof_data_start           
ffffffff  __binit__                      
ffffffff  __c_args__                     
ffffffff  binit                          
UNDEFED   __mpu_init                     
UNDEFED   _system_post_cinit             

[176 symbols]
