******************************************************************************
                  TI ARM Linker PC v18.1.3                     
******************************************************************************
>> Linked Fri Nov 30 10:21:00 2018

OUTPUT FILE NAME:   <Brightness.out>
ENTRY POINT SYMBOL: "_c_int00_noargs"  address: 000006a1


MEMORY CONFIGURATION

         name            origin    length      used     unused   attr    fill
----------------------  --------  ---------  --------  --------  ----  --------
  MAIN                  00000000   00040000  00000718  0003f8e8  R  X
  INFO                  00200000   00004000  00000000  00004000  R  X
  SRAM_CODE             01000000   00010000  0000020c  0000fdf4  RW X
  SRAM_DATA             20000000   00010000  0000020c  0000fdf4  RW  


SEGMENT ALLOCATION MAP

run origin  load origin   length   init length attrs members
----------  ----------- ---------- ----------- ----- -------
00000000    00000000    0000071c   0000071c    r-x
  00000000    00000000    000000e4   000000e4    r-- .intvecs
  000000e4    000000e4    00000618   00000618    r-x .text
  00000700    00000700    0000001c   0000001c    r-- .cinit
20000000    20000000    0000000c   00000000    rw-
  20000000    20000000    0000000c   00000000    rw- .data
2000fe00    2000fe00    00000200   00000000    rw-
  2000fe00    2000fe00    00000200   00000000    rw- .stack


SECTION ALLOCATION MAP

 output                                  attributes/
section   page    origin      length       input sections
--------  ----  ----------  ----------   ----------------
.intvecs   0    00000000    000000e4     
                  00000000    000000e4     startup_msp432p401r_ccs.obj (.intvecs:retain)

.text      0    000000e4    00000618     
                  000000e4    00000334     system_msp432p401r.obj (.text)
                  00000418    00000140     main.obj (.text)
                  00000558    0000009c     rtsv7M4_T_le_v4SPD16_eabi.lib : memcpy_t2.asm.obj (.text)
                  000005f4    00000068                                   : copy_decompress_lzss.c.obj (.text:decompress:lzss:__TI_decompress_lzss)
                  0000065c    00000044                                   : autoinit.c.obj (.text:__TI_auto_init_nobinit_nopinit:__TI_auto_init_nobinit_nopinit)
                  000006a0    00000038                                   : boot_cortex_m.c.obj (.text:_c_int00_noargs:_c_int00_noargs)
                  000006d8    0000000e                                   : copy_decompress_none.c.obj (.text:decompress:none:__TI_decompress_none)
                  000006e6    0000000e     startup_msp432p401r_ccs.obj (.text)
                  000006f4    00000004     rtsv7M4_T_le_v4SPD16_eabi.lib : pre_init.c.obj (.text:_system_pre_init)
                  000006f8    00000004                                   : exit.c.obj (.text:abort:abort)

.cinit     0    00000700    0000001c     
                  00000700    0000000b     (.cinit..data.load) [load image, compression = lzss]
                  0000070b    00000001     --HOLE-- [fill = 0]
                  0000070c    00000008     (__TI_handler_table)
                  00000714    00000008     (__TI_cinit_table)

.init_array 
*          0    00000000    00000000     UNINITIALIZED

.binit     0    00000000    00000000     

.data      0    20000000    0000000c     UNINITIALIZED
                  20000000    00000008     main.obj (.data)
                  20000008    00000004     system_msp432p401r.obj (.data)

.stack     0    2000fe00    00000200     UNINITIALIZED
                  2000fe00    00000004     rtsv7M4_T_le_v4SPD16_eabi.lib : boot_cortex_m.c.obj (.stack)
                  2000fe04    000001fc     --HOLE--

MODULE SUMMARY

       Module                        code   ro data   rw data
       ------                        ----   -------   -------
    .\
       system_msp432p401r.obj        820    0         8      
       main.obj                      320    0         16     
       startup_msp432p401r_ccs.obj   14     228       0      
    +--+-----------------------------+------+---------+---------+
       Total:                        1154   228       24     
                                                             
    C:\ti\ccs810\ccsv8\tools\compiler\ti-cgt-arm_18.1.3.LTS\lib\rtsv7M4_T_le_v4SPD16_eabi.lib
       memcpy_t2.asm.obj             156    0         0      
       copy_decompress_lzss.c.obj    104    0         0      
       autoinit.c.obj                68     0         0      
       boot_cortex_m.c.obj           56     0         0      
       copy_decompress_none.c.obj    14     0         0      
       exit.c.obj                    4      0         0      
       pre_init.c.obj                4      0         0      
    +--+-----------------------------+------+---------+---------+
       Total:                        406    0         0      
                                                             
       Stack:                        0      0         1024   
       Linker Generated:             0      27        0      
    +--+-----------------------------+------+---------+---------+
       Grand Total:                  1560   255       1048   


LINKER GENERATED COPY TABLES

__TI_cinit_table @ 00000714 records: 1, size/record: 8, table size: 8
	.data: load addr=00000700, load size=0000000b bytes, run addr=20000000, run size=0000000c bytes, compression=lzss


LINKER GENERATED HANDLER TABLE

__TI_handler_table @ 0000070c records: 2, size/record: 4, table size: 8
	index: 0, handler: __TI_decompress_lzss
	index: 1, handler: __TI_decompress_none


GLOBAL SYMBOLS: SORTED ALPHABETICALLY BY Name 

address   name                          
-------   ----                          
000006f3  ADC14_IRQHandler              
00000499  ADC14init                     
000006f3  AES256_IRQHandler             
000006f3  BusFault_Handler              
000006f9  C$$EXIT                       
000006f3  COMP_E0_IRQHandler            
000006f3  COMP_E1_IRQHandler            
000006f3  CS_IRQHandler                 
000006f3  DMA_ERR_IRQHandler            
000006f3  DMA_INT0_IRQHandler           
000006f3  DMA_INT1_IRQHandler           
000006f3  DMA_INT2_IRQHandler           
000006f3  DMA_INT3_IRQHandler           
000006f3  DebugMon_Handler              
000006f3  Default_Handler               
000006f3  EUSCIA0_IRQHandler            
000006f3  EUSCIA1_IRQHandler            
000006f3  EUSCIA2_IRQHandler            
000006f3  EUSCIA3_IRQHandler            
000006f3  EUSCIB0_IRQHandler            
000006f3  EUSCIB1_IRQHandler            
000006f3  EUSCIB2_IRQHandler            
000006f3  EUSCIB3_IRQHandler            
000006f3  FLCTL_IRQHandler              
000006f3  FPU_IRQHandler                
000006f3  HardFault_Handler             
000006f3  MemManage_Handler             
000006f3  NMI_Handler                   
000006f3  PCM_IRQHandler                
000006f3  PORT1_IRQHandler              
000006f3  PORT2_IRQHandler              
000006f3  PORT3_IRQHandler              
000006f3  PORT4_IRQHandler              
000006f3  PORT5_IRQHandler              
000006f3  PORT6_IRQHandler              
000006f3  PSS_IRQHandler                
000006f3  PendSV_Handler                
000006f3  RTC_C_IRQHandler              
000006e7  Reset_Handler                 
000006f3  SVC_Handler                   
00000479  SpeakerConfig                 
000006f3  SysTick_Handler               
20000008  SystemCoreClock               
000000e5  SystemCoreClockUpdate         
0000035d  SystemInit                    
000006f3  T32_INT1_IRQHandler           
000006f3  T32_INT2_IRQHandler           
000006f3  T32_INTC_IRQHandler           
000006f3  TA0_0_IRQHandler              
000006f3  TA0_N_IRQHandler              
000006f3  TA1_0_IRQHandler              
000006f3  TA1_N_IRQHandler              
000006f3  TA2_0_IRQHandler              
000006f3  TA2_N_IRQHandler              
000006f3  TA3_0_IRQHandler              
000006f3  TA3_N_IRQHandler              
00000459  TimerA0config                 
000006f3  UsageFault_Handler            
4000480c  WDTCTL_SYM                    
000006f3  WDT_A_IRQHandler              
20010000  __STACK_END                   
00000200  __STACK_SIZE                  
00000714  __TI_CINIT_Base               
0000071c  __TI_CINIT_Limit              
0000070c  __TI_Handler_Table_Base       
00000714  __TI_Handler_Table_Limit      
0000065d  __TI_auto_init_nobinit_nopinit
000005f5  __TI_decompress_lzss          
000006d9  __TI_decompress_none          
ffffffff  __TI_pprof_out_hndl           
ffffffff  __TI_prof_data_size           
ffffffff  __TI_prof_data_start          
00000000  __TI_static_base__            
00000559  __aeabi_memcpy                
00000559  __aeabi_memcpy4               
00000559  __aeabi_memcpy8               
ffffffff  __binit__                     
ffffffff  __c_args__                    
UNDEFED   __mpu_init                    
2000fe00  __stack                       
000006a1  _c_int00_noargs               
UNDEFED   _system_post_cinit            
000006f5  _system_pre_init              
000006f9  abort                         
ffffffff  binit                         
20000004  bright                        
00000000  interruptVectors              
00000419  main                          
00000559  memcpy                        
20000000  temp                          


GLOBAL SYMBOLS: SORTED BY Symbol Address 

address   name                          
-------   ----                          
00000000  __TI_static_base__            
00000000  interruptVectors              
000000e5  SystemCoreClockUpdate         
00000200  __STACK_SIZE                  
0000035d  SystemInit                    
00000419  main                          
00000459  TimerA0config                 
00000479  SpeakerConfig                 
00000499  ADC14init                     
00000559  __aeabi_memcpy                
00000559  __aeabi_memcpy4               
00000559  __aeabi_memcpy8               
00000559  memcpy                        
000005f5  __TI_decompress_lzss          
0000065d  __TI_auto_init_nobinit_nopinit
000006a1  _c_int00_noargs               
000006d9  __TI_decompress_none          
000006e7  Reset_Handler                 
000006f3  ADC14_IRQHandler              
000006f3  AES256_IRQHandler             
000006f3  BusFault_Handler              
000006f3  COMP_E0_IRQHandler            
000006f3  COMP_E1_IRQHandler            
000006f3  CS_IRQHandler                 
000006f3  DMA_ERR_IRQHandler            
000006f3  DMA_INT0_IRQHandler           
000006f3  DMA_INT1_IRQHandler           
000006f3  DMA_INT2_IRQHandler           
000006f3  DMA_INT3_IRQHandler           
000006f3  DebugMon_Handler              
000006f3  Default_Handler               
000006f3  EUSCIA0_IRQHandler            
000006f3  EUSCIA1_IRQHandler            
000006f3  EUSCIA2_IRQHandler            
000006f3  EUSCIA3_IRQHandler            
000006f3  EUSCIB0_IRQHandler            
000006f3  EUSCIB1_IRQHandler            
000006f3  EUSCIB2_IRQHandler            
000006f3  EUSCIB3_IRQHandler            
000006f3  FLCTL_IRQHandler              
000006f3  FPU_IRQHandler                
000006f3  HardFault_Handler             
000006f3  MemManage_Handler             
000006f3  NMI_Handler                   
000006f3  PCM_IRQHandler                
000006f3  PORT1_IRQHandler              
000006f3  PORT2_IRQHandler              
000006f3  PORT3_IRQHandler              
000006f3  PORT4_IRQHandler              
000006f3  PORT5_IRQHandler              
000006f3  PORT6_IRQHandler              
000006f3  PSS_IRQHandler                
000006f3  PendSV_Handler                
000006f3  RTC_C_IRQHandler              
000006f3  SVC_Handler                   
000006f3  SysTick_Handler               
000006f3  T32_INT1_IRQHandler           
000006f3  T32_INT2_IRQHandler           
000006f3  T32_INTC_IRQHandler           
000006f3  TA0_0_IRQHandler              
000006f3  TA0_N_IRQHandler              
000006f3  TA1_0_IRQHandler              
000006f3  TA1_N_IRQHandler              
000006f3  TA2_0_IRQHandler              
000006f3  TA2_N_IRQHandler              
000006f3  TA3_0_IRQHandler              
000006f3  TA3_N_IRQHandler              
000006f3  UsageFault_Handler            
000006f3  WDT_A_IRQHandler              
000006f5  _system_pre_init              
000006f9  C$$EXIT                       
000006f9  abort                         
0000070c  __TI_Handler_Table_Base       
00000714  __TI_CINIT_Base               
00000714  __TI_Handler_Table_Limit      
0000071c  __TI_CINIT_Limit              
20000000  temp                          
20000004  bright                        
20000008  SystemCoreClock               
2000fe00  __stack                       
20010000  __STACK_END                   
4000480c  WDTCTL_SYM                    
ffffffff  __TI_pprof_out_hndl           
ffffffff  __TI_prof_data_size           
ffffffff  __TI_prof_data_start          
ffffffff  __binit__                     
ffffffff  __c_args__                    
ffffffff  binit                         
UNDEFED   __mpu_init                    
UNDEFED   _system_post_cinit            

[90 symbols]
